Namespace(exp_name='exp', model='dcp', emb_nn='dgcnn', pointer='transformer', head='svd', emb_dims=512, n_blocks=1, n_heads=4, ff_dims=1024, dropout=0.0, batch_size=8, test_batch_size=4, epochs=250, use_sgd=False, lr=0.001, momentum=0.9, no_cuda=False, seed=1234, eval=False, cycle=True, num_points=1024, model_path='', use_intensity=True)
Namespace(exp_name='exp', model='dcp', emb_nn='dgcnn', pointer='transformer', head='svd', emb_dims=512, n_blocks=1, n_heads=4, ff_dims=1024, dropout=0.0, batch_size=8, test_batch_size=4, epochs=250, use_sgd=False, lr=0.001, momentum=0.9, no_cuda=False, seed=1234, eval=False, cycle=True, num_points=1024, model_path='', use_intensity=True, data_path='/mnt/d/SICK/pay-10-bucks/myDCP/dataset')
Namespace(exp_name='exp', model='dcp', emb_nn='dgcnn', pointer='transformer', head='svd', emb_dims=512, n_blocks=1, n_heads=4, ff_dims=1024, dropout=0.0, batch_size=8, test_batch_size=4, epochs=250, use_sgd=False, lr=0.001, momentum=0.9, no_cuda=False, seed=1234, eval=False, cycle=True, num_points=1024, model_path='', use_intensity=True, data_path='/mnt/d/SICK/pay-10-bucks/myDCP/dataset', num_workers=4)
Train data: 966 pairs, Test data: 242 pairs
==TRAIN==
A--------->B
EPOCH:: 0, Loss: 157389.232926, Cycle Loss:, 17818.239341, MSE: 1391818.768750, RMSE: 1179.753690, MAE: 592.991551, rot_MSE: 989911.437500, rot_RMSE: 994.942932, rot_MAE: 862.809570, trans_MSE: 139565.296875, trans_RMSE: 373.584381, trans_MAE: 155.756927
B--------->A
EPOCH:: 0, Loss: 157389.232926, MSE: 1334849.932031, RMSE: 1155.357058, MAE: 583.630404, rot_MSE: 988734.937500, rot_RMSE: 994.351501, rot_MAE: 862.100586, trans_MSE: 63223.378906, trans_RMSE: 251.442596, trans_MAE: 99.801239
==TEST==
A--------->B
EPOCH:: 0, Loss: 458417.013129, Cycle Loss: 45879.546157, MSE: 1584245.475207, RMSE: 1258.668135, MAE: 583.119934, rot_MSE: 999555.187500, rot_RMSE: 999.777588, rot_MAE: 871.649475, trans_MSE: 412567.312500, trans_RMSE: 642.314026, trans_MAE: 212.074951
B--------->A
EPOCH:: 0, Loss: 458417.013129, MSE: 1380957.028409, RMSE: 1175.141280, MAE: 571.383725, rot_MSE: 1000411.500000, rot_RMSE: 1000.205750, rot_MAE: 872.009888, trans_MSE: 139503.703125, trans_RMSE: 373.501953, trans_MAE: 104.847939
==BEST TEST==
A--------->B
EPOCH:: 0, Loss: 458417.013129, Cycle Loss: 45879.546157, MSE: 1584245.475207, RMSE: 1258.668135, MAE: 583.119934, rot_MSE: 999555.187500, rot_RMSE: 999.777588, rot_MAE: 871.649475, trans_MSE: 412567.312500, trans_RMSE: 642.314026, trans_MAE: 212.074951
B--------->A
EPOCH:: 0, Loss: 458417.013129, MSE: 1380957.028409, RMSE: 1175.141280, MAE: 571.383725, rot_MSE: 1000411.500000, rot_RMSE: 1000.205750, rot_MAE: 872.009888, trans_MSE: 139503.703125, trans_RMSE: 373.501953, trans_MAE: 104.847939
==TRAIN==
A--------->B
EPOCH:: 1, Loss: 103555.276764, Cycle Loss:, 12748.416098, MSE: 1354984.659896, RMSE: 1164.038084, MAE: 588.047788, rot_MSE: 988220.625000, rot_RMSE: 994.092896, rot_MAE: 862.147583, trans_MSE: 90800.023438, trans_RMSE: 301.330414, trans_MAE: 126.636772
B--------->A
EPOCH:: 1, Loss: 103555.276764, MSE: 1324848.143359, RMSE: 1151.020479, MAE: 582.723894, rot_MSE: 988305.125000, rot_RMSE: 994.135376, rot_MAE: 862.047241, trans_MSE: 50352.847656, trans_RMSE: 224.394409, trans_MAE: 84.485588
==TEST==
A--------->B
EPOCH:: 1, Loss: 269406.584869, Cycle Loss: 30677.366353, MSE: 1451638.674845, RMSE: 1204.839688, MAE: 576.713880, rot_MSE: 998913.250000, rot_RMSE: 999.456482, rot_MAE: 870.941650, trans_MSE: 238735.265625, trans_RMSE: 488.605438, trans_MAE: 175.336655
B--------->A
EPOCH:: 1, Loss: 269406.584869, MSE: 1333619.600207, RMSE: 1154.824489, MAE: 566.712189, rot_MSE: 999791.937500, rot_RMSE: 999.895935, rot_MAE: 871.750610, trans_MSE: 78758.531250, trans_RMSE: 280.639496, trans_MAE: 91.174911
==BEST TEST==
A--------->B
EPOCH:: 1, Loss: 269406.584869, Cycle Loss: 30677.366353, MSE: 1451638.674845, RMSE: 1204.839688, MAE: 576.713880, rot_MSE: 998913.250000, rot_RMSE: 999.456482, rot_MAE: 870.941650, trans_MSE: 238735.265625, trans_RMSE: 488.605438, trans_MAE: 175.336655
B--------->A
EPOCH:: 1, Loss: 269406.584869, MSE: 1333619.600207, RMSE: 1154.824489, MAE: 566.712189, rot_MSE: 999791.937500, rot_RMSE: 999.895935, rot_MAE: 871.750610, trans_MSE: 78758.531250, trans_RMSE: 280.639496, trans_MAE: 91.174911
==TRAIN==
A--------->B
EPOCH:: 2, Loss: 51808.701052, Cycle Loss:, 6532.780115, MSE: 1327465.152865, RMSE: 1152.156740, MAE: 585.117878, rot_MSE: 987772.625000, rot_RMSE: 993.867493, rot_MAE: 861.472900, trans_MSE: 45274.324219, trans_RMSE: 212.777634, trans_MAE: 98.776520
B--------->A
EPOCH:: 2, Loss: 51808.701052, MSE: 1313143.890495, RMSE: 1145.924906, MAE: 581.433087, rot_MSE: 986770.062500, rot_RMSE: 993.362976, rot_MAE: 861.029419, trans_MSE: 26737.025391, trans_RMSE: 163.514603, trans_MAE: 69.918739
==TEST==
A--------->B
EPOCH:: 2, Loss: 160903.571265, Cycle Loss: 17506.625917, MSE: 1382020.900310, RMSE: 1175.593850, MAE: 568.110030, rot_MSE: 997324.000000, rot_RMSE: 998.661133, rot_MAE: 870.782349, trans_MSE: 143401.328125, trans_RMSE: 378.683685, trans_MAE: 148.600998
B--------->A
EPOCH:: 2, Loss: 160903.571265, MSE: 1329213.314824, RMSE: 1152.915138, MAE: 568.842933, rot_MSE: 997726.500000, rot_RMSE: 998.862610, rot_MAE: 871.032715, trans_MSE: 70786.117188, trans_RMSE: 266.056610, trans_MAE: 92.745430
==BEST TEST==
A--------->B
EPOCH:: 2, Loss: 160903.571265, Cycle Loss: 17506.625917, MSE: 1382020.900310, RMSE: 1175.593850, MAE: 568.110030, rot_MSE: 997324.000000, rot_RMSE: 998.661133, rot_MAE: 870.782349, trans_MSE: 143401.328125, trans_RMSE: 378.683685, trans_MAE: 148.600998
B--------->A
EPOCH:: 2, Loss: 160903.571265, MSE: 1329213.314824, RMSE: 1152.915138, MAE: 568.842933, rot_MSE: 997726.500000, rot_RMSE: 998.862610, rot_MAE: 871.032715, trans_MSE: 70786.117188, trans_RMSE: 266.056610, trans_MAE: 92.745430
==TRAIN==
A--------->B
EPOCH:: 3, Loss: 61256.726265, Cycle Loss:, 7656.583434, MSE: 1328293.842839, RMSE: 1152.516309, MAE: 584.372939, rot_MSE: 987560.687500, rot_RMSE: 993.760864, rot_MAE: 861.464050, trans_MSE: 53600.351562, trans_RMSE: 231.517502, trans_MAE: 106.641479
B--------->A
EPOCH:: 3, Loss: 61256.726265, MSE: 1307795.420313, RMSE: 1143.588834, MAE: 579.110360, rot_MSE: 987215.312500, rot_RMSE: 993.587097, rot_MAE: 861.194702, trans_MSE: 26613.560547, trans_RMSE: 163.136627, trans_MAE: 72.525696
==TEST==
A--------->B
EPOCH:: 3, Loss: 134980.939054, Cycle Loss: 13267.449586, MSE: 1365947.572572, RMSE: 1168.737598, MAE: 565.490665, rot_MSE: 997572.312500, rot_RMSE: 998.785400, rot_MAE: 871.146545, trans_MSE: 121714.976562, trans_RMSE: 348.876740, trans_MAE: 124.804268
B--------->A
EPOCH:: 3, Loss: 134980.939054, MSE: 1345175.004907, RMSE: 1159.816798, MAE: 568.651408, rot_MSE: 997994.125000, rot_RMSE: 998.996582, rot_MAE: 871.026428, trans_MSE: 92982.945312, trans_RMSE: 304.931061, trans_MAE: 94.081688
==BEST TEST==
A--------->B
EPOCH:: 3, Loss: 134980.939054, Cycle Loss: 13267.449586, MSE: 1365947.572572, RMSE: 1168.737598, MAE: 565.490665, rot_MSE: 997572.312500, rot_RMSE: 998.785400, rot_MAE: 871.146545, trans_MSE: 121714.976562, trans_RMSE: 348.876740, trans_MAE: 124.804268
B--------->A
EPOCH:: 3, Loss: 134980.939054, MSE: 1345175.004907, RMSE: 1159.816798, MAE: 568.651408, rot_MSE: 997994.125000, rot_RMSE: 998.996582, rot_MAE: 871.026428, trans_MSE: 92982.945312, trans_RMSE: 304.931061, trans_MAE: 94.081688
==TRAIN==
A--------->B
EPOCH:: 4, Loss: 48069.387753, Cycle Loss:, 6443.100157, MSE: 1316800.545703, RMSE: 1147.519301, MAE: 583.722251, rot_MSE: 990562.875000, rot_RMSE: 995.270264, rot_MAE: 862.797058, trans_MSE: 41624.187500, trans_RMSE: 204.020065, trans_MAE: 90.120255
B--------->A
EPOCH:: 4, Loss: 48069.387753, MSE: 1306308.011458, RMSE: 1142.938324, MAE: 579.332872, rot_MSE: 990246.562500, rot_RMSE: 995.111328, rot_MAE: 862.563171, trans_MSE: 27793.851562, trans_RMSE: 166.714874, trans_MAE: 68.231918
==TEST==
A--------->B
EPOCH:: 4, Loss: 65974.680323, Cycle Loss: 9249.960665, MSE: 1316558.979081, RMSE: 1147.414040, MAE: 563.900375, rot_MSE: 998222.812500, rot_RMSE: 999.111023, rot_MAE: 871.049744, trans_MSE: 56725.671875, trans_RMSE: 238.171524, trans_MAE: 98.209084
B--------->A
EPOCH:: 4, Loss: 65974.680323, MSE: 1317004.315599, RMSE: 1147.608084, MAE: 566.199469, rot_MSE: 998562.562500, rot_RMSE: 999.281006, rot_MAE: 871.435791, trans_MSE: 54601.398438, trans_RMSE: 233.669418, trans_MAE: 83.595978
==BEST TEST==
A--------->B
EPOCH:: 4, Loss: 65974.680323, Cycle Loss: 9249.960665, MSE: 1316558.979081, RMSE: 1147.414040, MAE: 563.900375, rot_MSE: 998222.812500, rot_RMSE: 999.111023, rot_MAE: 871.049744, trans_MSE: 56725.671875, trans_RMSE: 238.171524, trans_MAE: 98.209084
B--------->A
EPOCH:: 4, Loss: 65974.680323, MSE: 1317004.315599, RMSE: 1147.608084, MAE: 566.199469, rot_MSE: 998562.562500, rot_RMSE: 999.281006, rot_MAE: 871.435791, trans_MSE: 54601.398438, trans_RMSE: 233.669418, trans_MAE: 83.595978
==TRAIN==
A--------->B
EPOCH:: 5, Loss: 48970.815953, Cycle Loss:, 6804.236427, MSE: 1324227.445833, RMSE: 1150.750818, MAE: 584.087423, rot_MSE: 987442.937500, rot_RMSE: 993.701660, rot_MAE: 861.028442, trans_MSE: 42168.238281, trans_RMSE: 205.349060, trans_MAE: 93.541687
B--------->A
EPOCH:: 5, Loss: 48970.815953, MSE: 1308430.875651, RMSE: 1143.866634, MAE: 580.802155, rot_MSE: 986998.250000, rot_RMSE: 993.477844, rot_MAE: 860.831238, trans_MSE: 21190.175781, trans_RMSE: 145.568451, trans_MAE: 63.397217
==TEST==
A--------->B
EPOCH:: 5, Loss: 152648.169247, Cycle Loss: 16461.747818, MSE: 1375389.777376, RMSE: 1172.770130, MAE: 566.701099, rot_MSE: 996883.937500, rot_RMSE: 998.440735, rot_MAE: 870.518921, trans_MSE: 136190.984375, trans_RMSE: 369.040619, trans_MAE: 126.455162
B--------->A
EPOCH:: 5, Loss: 152648.169247, MSE: 1321342.498967, RMSE: 1149.496629, MAE: 565.541965, rot_MSE: 997893.812500, rot_RMSE: 998.946350, rot_MAE: 871.056641, trans_MSE: 61026.726562, trans_RMSE: 247.035889, trans_MAE: 76.458931
==BEST TEST==
A--------->B
EPOCH:: 5, Loss: 65974.680323, Cycle Loss: 9249.960665, MSE: 1316558.979081, RMSE: 1147.414040, MAE: 563.900375, rot_MSE: 998222.812500, rot_RMSE: 999.111023, rot_MAE: 871.049744, trans_MSE: 56725.671875, trans_RMSE: 238.171524, trans_MAE: 98.209084
B--------->A
EPOCH:: 5, Loss: 65974.680323, MSE: 1317004.315599, RMSE: 1147.608084, MAE: 566.199469, rot_MSE: 998562.562500, rot_RMSE: 999.281006, rot_MAE: 871.435791, trans_MSE: 54601.398438, trans_RMSE: 233.669418, trans_MAE: 83.595978
==TRAIN==
A--------->B
EPOCH:: 6, Loss: 34125.952711, Cycle Loss:, 4641.708104, MSE: 1315597.878646, RMSE: 1146.995152, MAE: 583.535670, rot_MSE: 989073.250000, rot_RMSE: 994.521606, rot_MAE: 862.019775, trans_MSE: 29484.652344, trans_RMSE: 171.710953, trans_MAE: 82.068741
B--------->A
EPOCH:: 6, Loss: 34125.952711, MSE: 1307455.641276, RMSE: 1143.440266, MAE: 581.035602, rot_MSE: 988623.625000, rot_RMSE: 994.295532, rot_MAE: 861.705444, trans_MSE: 18381.048828, trans_RMSE: 135.576721, trans_MAE: 59.863472
==TEST==
A--------->B
EPOCH:: 6, Loss: 111620.624591, Cycle Loss: 10547.350705, MSE: 1348900.933110, RMSE: 1161.421944, MAE: 562.365253, rot_MSE: 998542.625000, rot_RMSE: 999.271057, rot_MAE: 871.202637, trans_MSE: 101072.179688, trans_RMSE: 317.918518, trans_MAE: 116.933929
B--------->A
EPOCH:: 6, Loss: 111620.624591, MSE: 1302565.818440, RMSE: 1141.300056, MAE: 563.181879, rot_MSE: 998633.375000, rot_RMSE: 999.316467, rot_MAE: 871.394775, trans_MSE: 36838.179688, trans_RMSE: 191.932755, trans_MAE: 66.124619
==BEST TEST==
A--------->B
EPOCH:: 6, Loss: 65974.680323, Cycle Loss: 9249.960665, MSE: 1316558.979081, RMSE: 1147.414040, MAE: 563.900375, rot_MSE: 998222.812500, rot_RMSE: 999.111023, rot_MAE: 871.049744, trans_MSE: 56725.671875, trans_RMSE: 238.171524, trans_MAE: 98.209084
B--------->A
EPOCH:: 6, Loss: 65974.680323, MSE: 1317004.315599, RMSE: 1147.608084, MAE: 566.199469, rot_MSE: 998562.562500, rot_RMSE: 999.281006, rot_MAE: 871.435791, trans_MSE: 54601.398438, trans_RMSE: 233.669418, trans_MAE: 83.595978
==TRAIN==
A--------->B
EPOCH:: 7, Loss: 30576.554481, Cycle Loss:, 4037.393638, MSE: 1313966.516927, RMSE: 1146.283786, MAE: 583.877245, rot_MSE: 989611.937500, rot_RMSE: 994.792419, rot_MAE: 862.296509, trans_MSE: 26538.242188, trans_RMSE: 162.905624, trans_MAE: 79.790131
B--------->A
EPOCH:: 7, Loss: 30576.554481, MSE: 1305659.485286, RMSE: 1142.654578, MAE: 580.397670, rot_MSE: 989348.250000, rot_RMSE: 994.659851, rot_MAE: 862.039124, trans_MSE: 15192.053711, trans_RMSE: 123.256050, trans_MAE: 58.654785
==TEST==
A--------->B
EPOCH:: 7, Loss: 111110.821655, Cycle Loss: 12176.144553, MSE: 1347652.327996, RMSE: 1160.884287, MAE: 561.803187, rot_MSE: 997803.875000, rot_RMSE: 998.901306, rot_MAE: 870.841431, trans_MSE: 98931.484375, trans_RMSE: 314.533752, trans_MAE: 109.945572
B--------->A
EPOCH:: 7, Loss: 111110.821655, MSE: 1310164.630424, RMSE: 1144.624231, MAE: 564.351823, rot_MSE: 998221.750000, rot_RMSE: 999.110474, rot_MAE: 871.245422, trans_MSE: 48497.082031, trans_RMSE: 220.220535, trans_MAE: 69.576630
==BEST TEST==
A--------->B
EPOCH:: 7, Loss: 65974.680323, Cycle Loss: 9249.960665, MSE: 1316558.979081, RMSE: 1147.414040, MAE: 563.900375, rot_MSE: 998222.812500, rot_RMSE: 999.111023, rot_MAE: 871.049744, trans_MSE: 56725.671875, trans_RMSE: 238.171524, trans_MAE: 98.209084
B--------->A
EPOCH:: 7, Loss: 65974.680323, MSE: 1317004.315599, RMSE: 1147.608084, MAE: 566.199469, rot_MSE: 998562.562500, rot_RMSE: 999.281006, rot_MAE: 871.435791, trans_MSE: 54601.398438, trans_RMSE: 233.669418, trans_MAE: 83.595978
==TRAIN==
A--------->B
EPOCH:: 8, Loss: 23047.787219, Cycle Loss:, 2880.530486, MSE: 1302646.997005, RMSE: 1141.335620, MAE: 580.425853, rot_MSE: 988056.062500, rot_RMSE: 994.010071, rot_MAE: 861.196350, trans_MSE: 20167.769531, trans_RMSE: 142.013275, trans_MAE: 73.705391
B--------->A
EPOCH:: 8, Loss: 23047.787219, MSE: 1296328.710938, RMSE: 1138.564320, MAE: 577.873579, rot_MSE: 987751.437500, rot_RMSE: 993.856873, rot_MAE: 860.921082, trans_MSE: 11912.458008, trans_RMSE: 109.144211, trans_MAE: 56.119831
==TEST==
A--------->B
EPOCH:: 8, Loss: 79932.337557, Cycle Loss: 9136.503222, MSE: 1326751.709452, RMSE: 1151.847086, MAE: 563.227765, rot_MSE: 998755.437500, rot_RMSE: 999.377502, rot_MAE: 871.485168, trans_MSE: 70797.109375, trans_RMSE: 266.077271, trans_MAE: 96.258507
B--------->A
EPOCH:: 8, Loss: 79932.337557, MSE: 1316008.055010, RMSE: 1147.173943, MAE: 565.079954, rot_MSE: 999518.125000, rot_RMSE: 999.759033, rot_MAE: 872.068542, trans_MSE: 54950.097656, trans_RMSE: 234.414368, trans_MAE: 70.936203
==BEST TEST==
A--------->B
EPOCH:: 8, Loss: 65974.680323, Cycle Loss: 9249.960665, MSE: 1316558.979081, RMSE: 1147.414040, MAE: 563.900375, rot_MSE: 998222.812500, rot_RMSE: 999.111023, rot_MAE: 871.049744, trans_MSE: 56725.671875, trans_RMSE: 238.171524, trans_MAE: 98.209084
B--------->A
EPOCH:: 8, Loss: 65974.680323, MSE: 1317004.315599, RMSE: 1147.608084, MAE: 566.199469, rot_MSE: 998562.562500, rot_RMSE: 999.281006, rot_MAE: 871.435791, trans_MSE: 54601.398438, trans_RMSE: 233.669418, trans_MAE: 83.595978
==TRAIN==
A--------->B
EPOCH:: 9, Loss: 20523.154172, Cycle Loss:, 2786.675773, MSE: 1306909.194010, RMSE: 1143.201292, MAE: 582.969336, rot_MSE: 991668.437500, rot_RMSE: 995.825500, rot_MAE: 863.407532, trans_MSE: 17735.886719, trans_RMSE: 133.176147, trans_MAE: 70.651085
B--------->A
EPOCH:: 9, Loss: 20523.154172, MSE: 1300820.717318, RMSE: 1140.535277, MAE: 580.111406, rot_MSE: 991361.000000, rot_RMSE: 995.671143, rot_MAE: 863.101929, trans_MSE: 9936.222656, trans_RMSE: 99.680603, trans_MAE: 51.153744
==TEST==
A--------->B
EPOCH:: 9, Loss: 86039.084457, Cycle Loss: 14027.747592, MSE: 1326961.794938, RMSE: 1151.938277, MAE: 561.066692, rot_MSE: 999242.750000, rot_RMSE: 999.621277, rot_MAE: 871.704895, trans_MSE: 72013.210938, trans_RMSE: 268.352783, trans_MAE: 101.743332
B--------->A
EPOCH:: 9, Loss: 86039.084457, MSE: 1321737.073605, RMSE: 1149.668245, MAE: 566.655218, rot_MSE: 999397.812500, rot_RMSE: 999.698853, rot_MAE: 871.974548, trans_MSE: 62678.878906, trans_RMSE: 250.357498, trans_MAE: 71.308800
==BEST TEST==
A--------->B
EPOCH:: 9, Loss: 65974.680323, Cycle Loss: 9249.960665, MSE: 1316558.979081, RMSE: 1147.414040, MAE: 563.900375, rot_MSE: 998222.812500, rot_RMSE: 999.111023, rot_MAE: 871.049744, trans_MSE: 56725.671875, trans_RMSE: 238.171524, trans_MAE: 98.209084
B--------->A
EPOCH:: 9, Loss: 65974.680323, MSE: 1317004.315599, RMSE: 1147.608084, MAE: 566.199469, rot_MSE: 998562.562500, rot_RMSE: 999.281006, rot_MAE: 871.435791, trans_MSE: 54601.398438, trans_RMSE: 233.669418, trans_MAE: 83.595978
==TRAIN==
A--------->B
EPOCH:: 10, Loss: 21397.001883, Cycle Loss:, 2866.833995, MSE: 1295627.084115, RMSE: 1138.256159, MAE: 579.595678, rot_MSE: 988991.562500, rot_RMSE: 994.480530, rot_MAE: 862.010742, trans_MSE: 18529.609375, trans_RMSE: 136.123505, trans_MAE: 69.540245
B--------->A
EPOCH:: 10, Loss: 21397.001883, MSE: 1291351.903516, RMSE: 1136.376656, MAE: 576.687380, rot_MSE: 988760.812500, rot_RMSE: 994.364502, rot_MAE: 861.799194, trans_MSE: 12624.882812, trans_RMSE: 112.360504, trans_MAE: 52.516949
==TEST==
A--------->B
EPOCH:: 10, Loss: 55269.762195, Cycle Loss: 5590.866277, MSE: 1310000.497934, RMSE: 1144.552532, MAE: 560.720118, rot_MSE: 998955.625000, rot_RMSE: 999.477661, rot_MAE: 871.487976, trans_MSE: 49683.789062, trans_RMSE: 222.898605, trans_MAE: 84.638710
B--------->A
EPOCH:: 10, Loss: 55269.762195, MSE: 1293545.223915, RMSE: 1137.341296, MAE: 564.499167, rot_MSE: 999238.875000, rot_RMSE: 999.619385, rot_MAE: 871.792725, trans_MSE: 26946.775391, trans_RMSE: 164.154724, trans_MAE: 57.003689
==BEST TEST==
A--------->B
EPOCH:: 10, Loss: 55269.762195, Cycle Loss: 5590.866277, MSE: 1310000.497934, RMSE: 1144.552532, MAE: 560.720118, rot_MSE: 998955.625000, rot_RMSE: 999.477661, rot_MAE: 871.487976, trans_MSE: 49683.789062, trans_RMSE: 222.898605, trans_MAE: 84.638710
B--------->A
EPOCH:: 10, Loss: 55269.762195, MSE: 1293545.223915, RMSE: 1137.341296, MAE: 564.499167, rot_MSE: 999238.875000, rot_RMSE: 999.619385, rot_MAE: 871.792725, trans_MSE: 26946.775391, trans_RMSE: 164.154724, trans_MAE: 57.003689
==TRAIN==
A--------->B
EPOCH:: 11, Loss: 14884.692279, Cycle Loss:, 2060.019624, MSE: 1279239.074609, RMSE: 1131.034515, MAE: 576.786694, rot_MSE: 987928.875000, rot_RMSE: 993.946106, rot_MAE: 861.511108, trans_MSE: 12823.360352, trans_RMSE: 113.240280, trans_MAE: 62.768196
B--------->A
EPOCH:: 11, Loss: 14884.692279, MSE: 1275194.145703, RMSE: 1129.244945, MAE: 573.853185, rot_MSE: 988036.812500, rot_RMSE: 994.000427, rot_MAE: 861.475159, trans_MSE: 7506.597168, trans_RMSE: 86.640617, trans_MAE: 46.389820
==TEST==
A--------->B
EPOCH:: 11, Loss: 58855.016563, Cycle Loss: 5993.378868, MSE: 1312071.065857, RMSE: 1145.456706, MAE: 564.066599, rot_MSE: 999260.375000, rot_RMSE: 999.630127, rot_MAE: 871.518250, trans_MSE: 52862.089844, trans_RMSE: 229.917572, trans_MAE: 84.932770
B--------->A
EPOCH:: 11, Loss: 58855.016563, MSE: 1304873.458419, RMSE: 1142.310579, MAE: 563.970458, rot_MSE: 1000077.250000, rot_RMSE: 1000.038635, rot_MAE: 872.125793, trans_MSE: 42446.933594, trans_RMSE: 206.026535, trans_MAE: 62.419445
==BEST TEST==
A--------->B
EPOCH:: 11, Loss: 55269.762195, Cycle Loss: 5590.866277, MSE: 1310000.497934, RMSE: 1144.552532, MAE: 560.720118, rot_MSE: 998955.625000, rot_RMSE: 999.477661, rot_MAE: 871.487976, trans_MSE: 49683.789062, trans_RMSE: 222.898605, trans_MAE: 84.638710
B--------->A
EPOCH:: 11, Loss: 55269.762195, MSE: 1293545.223915, RMSE: 1137.341296, MAE: 564.499167, rot_MSE: 999238.875000, rot_RMSE: 999.619385, rot_MAE: 871.792725, trans_MSE: 26946.775391, trans_RMSE: 164.154724, trans_MAE: 57.003689
==TRAIN==
A--------->B
EPOCH:: 12, Loss: 17487.929351, Cycle Loss:, 2377.293901, MSE: 1297555.127083, RMSE: 1139.102773, MAE: 580.245687, rot_MSE: 988395.000000, rot_RMSE: 994.180542, rot_MAE: 861.668335, trans_MSE: 15110.204102, trans_RMSE: 122.923569, trans_MAE: 66.253929
B--------->A
EPOCH:: 12, Loss: 17487.929351, MSE: 1292317.061198, RMSE: 1136.801241, MAE: 577.202722, rot_MSE: 988141.625000, rot_RMSE: 994.053101, rot_MAE: 861.393250, trans_MSE: 8180.978516, trans_RMSE: 90.448761, trans_MAE: 49.991417
==TEST==
A--------->B
EPOCH:: 12, Loss: 27084.406464, Cycle Loss: 3249.679684, MSE: 1290949.105888, RMSE: 1136.199413, MAE: 561.896204, rot_MSE: 998235.437500, rot_RMSE: 999.117310, rot_MAE: 871.211426, trans_MSE: 23837.664062, trans_RMSE: 154.394501, trans_MAE: 69.342430
B--------->A
EPOCH:: 12, Loss: 27084.406464, MSE: 1284996.678719, RMSE: 1133.576940, MAE: 562.371985, rot_MSE: 999102.250000, rot_RMSE: 999.551025, rot_MAE: 871.815491, trans_MSE: 16396.294922, trans_RMSE: 128.048019, trans_MAE: 55.350010
==BEST TEST==
A--------->B
EPOCH:: 12, Loss: 27084.406464, Cycle Loss: 3249.679684, MSE: 1290949.105888, RMSE: 1136.199413, MAE: 561.896204, rot_MSE: 998235.437500, rot_RMSE: 999.117310, rot_MAE: 871.211426, trans_MSE: 23837.664062, trans_RMSE: 154.394501, trans_MAE: 69.342430
B--------->A
EPOCH:: 12, Loss: 27084.406464, MSE: 1284996.678719, RMSE: 1133.576940, MAE: 562.371985, rot_MSE: 999102.250000, rot_RMSE: 999.551025, rot_MAE: 871.815491, trans_MSE: 16396.294922, trans_RMSE: 128.048019, trans_MAE: 55.350010
==TRAIN==
A--------->B
EPOCH:: 13, Loss: 11914.614833, Cycle Loss:, 1748.968881, MSE: 1295283.124870, RMSE: 1138.105059, MAE: 580.401364, rot_MSE: 990658.687500, rot_RMSE: 995.318359, rot_MAE: 863.056274, trans_MSE: 10165.858398, trans_RMSE: 100.825882, trans_MAE: 57.859444
B--------->A
EPOCH:: 13, Loss: 11914.614833, MSE: 1292230.557682, RMSE: 1136.763193, MAE: 577.194210, rot_MSE: 990251.812500, rot_RMSE: 995.113953, rot_MAE: 862.829590, trans_MSE: 6192.780762, trans_RMSE: 78.694221, trans_MAE: 45.117584
==TEST==
A--------->B
EPOCH:: 13, Loss: 24369.358473, Cycle Loss: 2650.047781, MSE: 1289087.260847, RMSE: 1135.379787, MAE: 561.396857, rot_MSE: 998443.000000, rot_RMSE: 999.221191, rot_MAE: 871.231262, trans_MSE: 21720.578125, trans_RMSE: 147.379028, trans_MAE: 67.126320
B--------->A
EPOCH:: 13, Loss: 24369.358473, MSE: 1284770.548554, RMSE: 1133.477194, MAE: 561.977093, rot_MSE: 999646.875000, rot_RMSE: 999.823425, rot_MAE: 871.977966, trans_MSE: 15860.589844, trans_RMSE: 125.938835, trans_MAE: 49.189075
==BEST TEST==
A--------->B
EPOCH:: 13, Loss: 24369.358473, Cycle Loss: 2650.047781, MSE: 1289087.260847, RMSE: 1135.379787, MAE: 561.396857, rot_MSE: 998443.000000, rot_RMSE: 999.221191, rot_MAE: 871.231262, trans_MSE: 21720.578125, trans_RMSE: 147.379028, trans_MAE: 67.126320
B--------->A
EPOCH:: 13, Loss: 24369.358473, MSE: 1284770.548554, RMSE: 1133.477194, MAE: 561.977093, rot_MSE: 999646.875000, rot_RMSE: 999.823425, rot_MAE: 871.977966, trans_MSE: 15860.589844, trans_RMSE: 125.938835, trans_MAE: 49.189075
==TRAIN==
A--------->B
EPOCH:: 14, Loss: 9185.136378, Cycle Loss:, 1282.511989, MSE: 1299000.250781, RMSE: 1139.736922, MAE: 581.314156, rot_MSE: 988740.875000, rot_RMSE: 994.354492, rot_MAE: 862.000427, trans_MSE: 7901.319336, trans_RMSE: 88.889366, trans_MAE: 52.439266
B--------->A
EPOCH:: 14, Loss: 9185.136378, MSE: 1296791.851042, RMSE: 1138.767690, MAE: 577.916641, rot_MSE: 988854.062500, rot_RMSE: 994.411438, rot_MAE: 861.972900, trans_MSE: 5008.268555, trans_RMSE: 70.769119, trans_MAE: 42.688686
==TEST==
A--------->B
EPOCH:: 14, Loss: 13696.229959, Cycle Loss: 1633.677121, MSE: 1282802.725981, RMSE: 1132.608814, MAE: 562.337887, rot_MSE: 998909.000000, rot_RMSE: 999.454346, rot_MAE: 871.447205, trans_MSE: 12064.404297, trans_RMSE: 109.838081, trans_MAE: 55.485428
B--------->A
EPOCH:: 14, Loss: 13696.229959, MSE: 1280005.308626, RMSE: 1131.373196, MAE: 562.049090, rot_MSE: 999315.125000, rot_RMSE: 999.657532, rot_MAE: 871.834900, trans_MSE: 8704.773438, trans_RMSE: 93.299377, trans_MAE: 45.317322
==BEST TEST==
A--------->B
EPOCH:: 14, Loss: 13696.229959, Cycle Loss: 1633.677121, MSE: 1282802.725981, RMSE: 1132.608814, MAE: 562.337887, rot_MSE: 998909.000000, rot_RMSE: 999.454346, rot_MAE: 871.447205, trans_MSE: 12064.404297, trans_RMSE: 109.838081, trans_MAE: 55.485428
B--------->A
EPOCH:: 14, Loss: 13696.229959, MSE: 1280005.308626, RMSE: 1131.373196, MAE: 562.049090, rot_MSE: 999315.125000, rot_RMSE: 999.657532, rot_MAE: 871.834900, trans_MSE: 8704.773438, trans_RMSE: 93.299377, trans_MAE: 45.317322
==TRAIN==
A--------->B
EPOCH:: 15, Loss: 6290.810843, Cycle Loss:, 992.572195, MSE: 1297966.810677, RMSE: 1139.283464, MAE: 581.481461, rot_MSE: 988143.312500, rot_RMSE: 994.053955, rot_MAE: 861.962524, trans_MSE: 5297.284180, trans_RMSE: 72.782448, trans_MAE: 45.468288
B--------->A
EPOCH:: 15, Loss: 6290.810843, MSE: 1296931.146615, RMSE: 1138.828849, MAE: 579.222855, rot_MSE: 988000.375000, rot_RMSE: 993.982056, rot_MAE: 861.840088, trans_MSE: 3884.713623, trans_RMSE: 62.327473, trans_MAE: 39.392670
==TEST==
A--------->B
EPOCH:: 15, Loss: 10228.125641, Cycle Loss: 1289.526780, MSE: 1280623.902118, RMSE: 1131.646545, MAE: 562.618654, rot_MSE: 998507.750000, rot_RMSE: 999.253601, rot_MAE: 871.272034, trans_MSE: 8938.822266, trans_RMSE: 94.545341, trans_MAE: 51.947487
B--------->A
EPOCH:: 15, Loss: 10228.125641, MSE: 1278330.451963, RMSE: 1130.632766, MAE: 561.611564, rot_MSE: 999592.750000, rot_RMSE: 999.796326, rot_MAE: 872.026428, trans_MSE: 5621.732422, trans_RMSE: 74.978210, trans_MAE: 40.845016
==BEST TEST==
A--------->B
EPOCH:: 15, Loss: 10228.125641, Cycle Loss: 1289.526780, MSE: 1280623.902118, RMSE: 1131.646545, MAE: 562.618654, rot_MSE: 998507.750000, rot_RMSE: 999.253601, rot_MAE: 871.272034, trans_MSE: 8938.822266, trans_RMSE: 94.545341, trans_MAE: 51.947487
B--------->A
EPOCH:: 15, Loss: 10228.125641, MSE: 1278330.451963, RMSE: 1130.632766, MAE: 561.611564, rot_MSE: 999592.750000, rot_RMSE: 999.796326, rot_MAE: 872.026428, trans_MSE: 5621.732422, trans_RMSE: 74.978210, trans_MAE: 40.845016
==TRAIN==
A--------->B
EPOCH:: 16, Loss: 4329.437947, Cycle Loss:, 691.421763, MSE: 1290835.593229, RMSE: 1136.149459, MAE: 579.770483, rot_MSE: 989329.687500, rot_RMSE: 994.650513, rot_MAE: 862.845337, trans_MSE: 3638.135254, trans_RMSE: 60.316956, trans_MAE: 39.100098
B--------->A
EPOCH:: 16, Loss: 4329.437947, MSE: 1290411.160677, RMSE: 1135.962658, MAE: 577.485398, rot_MSE: 989454.062500, rot_RMSE: 994.713074, rot_MAE: 862.789917, trans_MSE: 2933.574707, trans_RMSE: 54.162483, trans_MAE: 35.391636
==TEST==
A--------->B
EPOCH:: 16, Loss: 6135.401118, Cycle Loss: 912.834886, MSE: 1277826.439824, RMSE: 1130.409855, MAE: 562.373235, rot_MSE: 998620.187500, rot_RMSE: 999.309875, rot_MAE: 871.362610, trans_MSE: 5222.415527, trans_RMSE: 72.266281, trans_MAE: 42.328575
B--------->A
EPOCH:: 16, Loss: 6135.401118, MSE: 1277494.650052, RMSE: 1130.263089, MAE: 561.571312, rot_MSE: 999653.937500, rot_RMSE: 999.826965, rot_MAE: 872.052490, trans_MSE: 4627.081055, trans_RMSE: 68.022652, trans_MAE: 37.223831
==BEST TEST==
A--------->B
EPOCH:: 16, Loss: 6135.401118, Cycle Loss: 912.834886, MSE: 1277826.439824, RMSE: 1130.409855, MAE: 562.373235, rot_MSE: 998620.187500, rot_RMSE: 999.309875, rot_MAE: 871.362610, trans_MSE: 5222.415527, trans_RMSE: 72.266281, trans_MAE: 42.328575
B--------->A
EPOCH:: 16, Loss: 6135.401118, MSE: 1277494.650052, RMSE: 1130.263089, MAE: 561.571312, rot_MSE: 999653.937500, rot_RMSE: 999.826965, rot_MAE: 872.052490, trans_MSE: 4627.081055, trans_RMSE: 68.022652, trans_MAE: 37.223831
==TRAIN==
A--------->B
EPOCH:: 17, Loss: 4274.184194, Cycle Loss:, 679.095626, MSE: 1284880.348828, RMSE: 1133.525628, MAE: 577.811500, rot_MSE: 989203.937500, rot_RMSE: 994.587341, rot_MAE: 862.318054, trans_MSE: 3595.437012, trans_RMSE: 59.961964, trans_MAE: 37.972565
B--------->A
EPOCH:: 17, Loss: 4274.184194, MSE: 1284227.664974, RMSE: 1133.237691, MAE: 575.889452, rot_MSE: 989277.062500, rot_RMSE: 994.624084, rot_MAE: 862.259521, trans_MSE: 2802.921631, trans_RMSE: 52.942627, trans_MAE: 34.811920
==TEST==
A--------->B
EPOCH:: 17, Loss: 5682.436578, Cycle Loss: 910.471053, MSE: 1277667.104597, RMSE: 1130.339376, MAE: 561.977173, rot_MSE: 998672.062500, rot_RMSE: 999.335815, rot_MAE: 871.389648, trans_MSE: 4772.010254, trans_RMSE: 69.079735, trans_MAE: 42.668793
B--------->A
EPOCH:: 17, Loss: 5682.436578, MSE: 1276743.776343, RMSE: 1129.930872, MAE: 561.827719, rot_MSE: 999259.312500, rot_RMSE: 999.629578, rot_MAE: 871.849854, trans_MSE: 3456.958008, trans_RMSE: 58.795902, trans_MAE: 38.645897
==BEST TEST==
A--------->B
EPOCH:: 17, Loss: 5682.436578, Cycle Loss: 910.471053, MSE: 1277667.104597, RMSE: 1130.339376, MAE: 561.977173, rot_MSE: 998672.062500, rot_RMSE: 999.335815, rot_MAE: 871.389648, trans_MSE: 4772.010254, trans_RMSE: 69.079735, trans_MAE: 42.668793
B--------->A
EPOCH:: 17, Loss: 5682.436578, MSE: 1276743.776343, RMSE: 1129.930872, MAE: 561.827719, rot_MSE: 999259.312500, rot_RMSE: 999.629578, rot_MAE: 871.849854, trans_MSE: 3456.958008, trans_RMSE: 58.795902, trans_MAE: 38.645897
==TRAIN==
A--------->B
EPOCH:: 18, Loss: 3392.616208, Cycle Loss:, 525.981633, MSE: 1283585.578125, RMSE: 1132.954358, MAE: 578.319913, rot_MSE: 989196.437500, rot_RMSE: 994.583557, rot_MAE: 862.279968, trans_MSE: 2867.279785, trans_RMSE: 53.546986, trans_MAE: 34.424484
B--------->A
EPOCH:: 18, Loss: 3392.616208, MSE: 1283205.188411, RMSE: 1132.786471, MAE: 576.503734, rot_MSE: 989114.312500, rot_RMSE: 994.542236, rot_MAE: 862.209229, trans_MSE: 2333.877686, trans_RMSE: 48.310223, trans_MAE: 31.881340
==TEST==
A--------->B
EPOCH:: 18, Loss: 4479.937564, Cycle Loss: 660.026094, MSE: 1277476.839618, RMSE: 1130.255210, MAE: 561.783150, rot_MSE: 999177.500000, rot_RMSE: 999.588684, rot_MAE: 871.564392, trans_MSE: 3818.465332, trans_RMSE: 61.793732, trans_MAE: 39.498417
B--------->A
EPOCH:: 18, Loss: 4479.937564, MSE: 1276651.217200, RMSE: 1129.889914, MAE: 560.916211, rot_MSE: 999457.687500, rot_RMSE: 999.728821, rot_MAE: 871.945251, trans_MSE: 2601.354004, trans_RMSE: 51.003471, trans_MAE: 32.991272
==BEST TEST==
A--------->B
EPOCH:: 18, Loss: 4479.937564, Cycle Loss: 660.026094, MSE: 1277476.839618, RMSE: 1130.255210, MAE: 561.783150, rot_MSE: 999177.500000, rot_RMSE: 999.588684, rot_MAE: 871.564392, trans_MSE: 3818.465332, trans_RMSE: 61.793732, trans_MAE: 39.498417
B--------->A
EPOCH:: 18, Loss: 4479.937564, MSE: 1276651.217200, RMSE: 1129.889914, MAE: 560.916211, rot_MSE: 999457.687500, rot_RMSE: 999.728821, rot_MAE: 871.945251, trans_MSE: 2601.354004, trans_RMSE: 51.003471, trans_MAE: 32.991272
==TRAIN==
A--------->B
EPOCH:: 19, Loss: 2142.213959, Cycle Loss:, 367.976980, MSE: 1288794.607943, RMSE: 1135.250901, MAE: 579.360064, rot_MSE: 990319.000000, rot_RMSE: 995.147705, rot_MAE: 862.598877, trans_MSE: 1774.275391, trans_RMSE: 42.122147, trans_MAE: 28.859085
B--------->A
EPOCH:: 19, Loss: 2142.213959, MSE: 1288784.203646, RMSE: 1135.246318, MAE: 576.984484, rot_MSE: 990607.375000, rot_RMSE: 995.292603, rot_MAE: 862.706604, trans_MSE: 1750.497437, trans_RMSE: 41.838947, trans_MAE: 28.314167
==TEST==
A--------->B
EPOCH:: 19, Loss: 3871.615337, Cycle Loss: 534.113151, MSE: 1276894.299329, RMSE: 1129.997478, MAE: 561.765780, rot_MSE: 999453.625000, rot_RMSE: 999.726746, rot_MAE: 871.687256, trans_MSE: 3336.347412, trans_RMSE: 57.761124, trans_MAE: 37.236320
B--------->A
EPOCH:: 19, Loss: 3871.615337, MSE: 1276191.833678, RMSE: 1129.686609, MAE: 561.449853, rot_MSE: 999299.937500, rot_RMSE: 999.649902, rot_MAE: 871.813538, trans_MSE: 2247.959473, trans_RMSE: 47.412651, trans_MAE: 31.601061
==BEST TEST==
A--------->B
EPOCH:: 19, Loss: 3871.615337, Cycle Loss: 534.113151, MSE: 1276894.299329, RMSE: 1129.997478, MAE: 561.765780, rot_MSE: 999453.625000, rot_RMSE: 999.726746, rot_MAE: 871.687256, trans_MSE: 3336.347412, trans_RMSE: 57.761124, trans_MAE: 37.236320
B--------->A
EPOCH:: 19, Loss: 3871.615337, MSE: 1276191.833678, RMSE: 1129.686609, MAE: 561.449853, rot_MSE: 999299.937500, rot_RMSE: 999.649902, rot_MAE: 871.813538, trans_MSE: 2247.959473, trans_RMSE: 47.412651, trans_MAE: 31.601061
==TRAIN==
A--------->B
EPOCH:: 20, Loss: 1633.808714, Cycle Loss:, 290.064417, MSE: 1294883.298177, RMSE: 1137.929391, MAE: 580.889322, rot_MSE: 990470.937500, rot_RMSE: 995.224060, rot_MAE: 862.674133, trans_MSE: 1343.498535, trans_RMSE: 36.653767, trans_MAE: 25.802168
B--------->A
EPOCH:: 20, Loss: 1633.808714, MSE: 1295026.133854, RMSE: 1137.992150, MAE: 578.714979, rot_MSE: 990553.500000, rot_RMSE: 995.265564, rot_MAE: 862.662781, trans_MSE: 1559.823120, trans_RMSE: 39.494595, trans_MAE: 27.095703
==TEST==
A--------->B
EPOCH:: 20, Loss: 3812.085855, Cycle Loss: 492.070355, MSE: 1276779.260589, RMSE: 1129.946574, MAE: 561.225887, rot_MSE: 999180.625000, rot_RMSE: 999.590210, rot_MAE: 871.540710, trans_MSE: 3318.523682, trans_RMSE: 57.606628, trans_MAE: 36.335110
B--------->A
EPOCH:: 20, Loss: 3812.085855, MSE: 1275914.592459, RMSE: 1129.563895, MAE: 560.814225, rot_MSE: 998814.000000, rot_RMSE: 999.406799, rot_MAE: 871.549927, trans_MSE: 2028.492188, trans_RMSE: 45.038784, trans_MAE: 31.011724
==BEST TEST==
A--------->B
EPOCH:: 20, Loss: 3812.085855, Cycle Loss: 492.070355, MSE: 1276779.260589, RMSE: 1129.946574, MAE: 561.225887, rot_MSE: 999180.625000, rot_RMSE: 999.590210, rot_MAE: 871.540710, trans_MSE: 3318.523682, trans_RMSE: 57.606628, trans_MAE: 36.335110
B--------->A
EPOCH:: 20, Loss: 3812.085855, MSE: 1275914.592459, RMSE: 1129.563895, MAE: 560.814225, rot_MSE: 998814.000000, rot_RMSE: 999.406799, rot_MAE: 871.549927, trans_MSE: 2028.492188, trans_RMSE: 45.038784, trans_MAE: 31.011724
==TRAIN==
A--------->B
EPOCH:: 21, Loss: 1409.591699, Cycle Loss:, 251.625988, MSE: 1294715.244271, RMSE: 1137.855546, MAE: 580.833345, rot_MSE: 987008.812500, rot_RMSE: 993.483154, rot_MAE: 860.735046, trans_MSE: 1158.141724, trans_RMSE: 34.031483, trans_MAE: 23.687073
B--------->A
EPOCH:: 21, Loss: 1409.591699, MSE: 1294839.682813, RMSE: 1137.910226, MAE: 578.713291, rot_MSE: 987021.750000, rot_RMSE: 993.489685, rot_MAE: 860.650696, trans_MSE: 1324.210327, trans_RMSE: 36.389702, trans_MAE: 25.156569
==TEST==
A--------->B
EPOCH:: 21, Loss: 3255.684088, Cycle Loss: 444.380792, MSE: 1276904.706612, RMSE: 1130.002083, MAE: 561.195133, rot_MSE: 999464.812500, rot_RMSE: 999.732361, rot_MAE: 871.701172, trans_MSE: 2810.077393, trans_RMSE: 53.010162, trans_MAE: 34.098770
B--------->A
EPOCH:: 21, Loss: 3255.684088, MSE: 1276432.009298, RMSE: 1129.792905, MAE: 560.831078, rot_MSE: 998997.062500, rot_RMSE: 999.498413, rot_MAE: 871.695435, trans_MSE: 1947.799683, trans_RMSE: 44.133884, trans_MAE: 30.708918
==BEST TEST==
A--------->B
EPOCH:: 21, Loss: 3255.684088, Cycle Loss: 444.380792, MSE: 1276904.706612, RMSE: 1130.002083, MAE: 561.195133, rot_MSE: 999464.812500, rot_RMSE: 999.732361, rot_MAE: 871.701172, trans_MSE: 2810.077393, trans_RMSE: 53.010162, trans_MAE: 34.098770
B--------->A
EPOCH:: 21, Loss: 3255.684088, MSE: 1276432.009298, RMSE: 1129.792905, MAE: 560.831078, rot_MSE: 998997.062500, rot_RMSE: 999.498413, rot_MAE: 871.695435, trans_MSE: 1947.799683, trans_RMSE: 44.133884, trans_MAE: 30.708918
==TRAIN==
A--------->B
EPOCH:: 22, Loss: 1232.007295, Cycle Loss:, 209.931789, MSE: 1288201.262630, RMSE: 1134.989543, MAE: 579.157147, rot_MSE: 988065.937500, rot_RMSE: 994.015076, rot_MAE: 861.232300, trans_MSE: 1021.618713, trans_RMSE: 31.962770, trans_MAE: 22.242579
B--------->A
EPOCH:: 22, Loss: 1232.007295, MSE: 1288275.180729, RMSE: 1135.022106, MAE: 576.295657, rot_MSE: 988131.750000, rot_RMSE: 994.048157, rot_MAE: 861.293579, trans_MSE: 1122.111938, trans_RMSE: 33.497940, trans_MAE: 23.505037
==TEST==
A--------->B
EPOCH:: 22, Loss: 2846.949922, Cycle Loss: 404.182135, MSE: 1276279.765238, RMSE: 1129.725527, MAE: 561.379439, rot_MSE: 999553.250000, rot_RMSE: 999.776611, rot_MAE: 871.674316, trans_MSE: 2441.416260, trans_RMSE: 49.410690, trans_MAE: 31.400026
B--------->A
EPOCH:: 22, Loss: 2846.949922, MSE: 1275930.635847, RMSE: 1129.570996, MAE: 560.986480, rot_MSE: 998984.312500, rot_RMSE: 999.492004, rot_MAE: 871.677002, trans_MSE: 1753.909546, trans_RMSE: 41.879704, trans_MAE: 28.678595
==BEST TEST==
A--------->B
EPOCH:: 22, Loss: 2846.949922, Cycle Loss: 404.182135, MSE: 1276279.765238, RMSE: 1129.725527, MAE: 561.379439, rot_MSE: 999553.250000, rot_RMSE: 999.776611, rot_MAE: 871.674316, trans_MSE: 2441.416260, trans_RMSE: 49.410690, trans_MAE: 31.400026
B--------->A
EPOCH:: 22, Loss: 2846.949922, MSE: 1275930.635847, RMSE: 1129.570996, MAE: 560.986480, rot_MSE: 998984.312500, rot_RMSE: 999.492004, rot_MAE: 871.677002, trans_MSE: 1753.909546, trans_RMSE: 41.879704, trans_MAE: 28.678595
==TRAIN==
A--------->B
EPOCH:: 23, Loss: 1191.542317, Cycle Loss:, 214.565450, MSE: 1288624.219531, RMSE: 1135.175854, MAE: 578.756033, rot_MSE: 989166.250000, rot_RMSE: 994.568359, rot_MAE: 861.785583, trans_MSE: 977.237061, trans_RMSE: 31.260792, trans_MAE: 21.630184
B--------->A
EPOCH:: 23, Loss: 1191.542317, MSE: 1288756.901042, RMSE: 1135.234293, MAE: 576.081078, rot_MSE: 989479.812500, rot_RMSE: 994.726013, rot_MAE: 861.836182, trans_MSE: 1152.240967, trans_RMSE: 33.944675, trans_MAE: 23.123571
==TEST==
A--------->B
EPOCH:: 23, Loss: 3995.844696, Cycle Loss: 523.922566, MSE: 1277250.475465, RMSE: 1130.155067, MAE: 561.461703, rot_MSE: 999497.187500, rot_RMSE: 999.748535, rot_MAE: 871.249817, trans_MSE: 3470.377441, trans_RMSE: 58.909908, trans_MAE: 37.932468
B--------->A
EPOCH:: 23, Loss: 3995.844696, MSE: 1276447.478048, RMSE: 1129.799751, MAE: 562.118912, rot_MSE: 999149.500000, rot_RMSE: 999.574646, rot_MAE: 871.738953, trans_MSE: 2268.379395, trans_RMSE: 47.627506, trans_MAE: 34.141155
==BEST TEST==
A--------->B
EPOCH:: 23, Loss: 2846.949922, Cycle Loss: 404.182135, MSE: 1276279.765238, RMSE: 1129.725527, MAE: 561.379439, rot_MSE: 999553.250000, rot_RMSE: 999.776611, rot_MAE: 871.674316, trans_MSE: 2441.416260, trans_RMSE: 49.410690, trans_MAE: 31.400026
B--------->A
EPOCH:: 23, Loss: 2846.949922, MSE: 1275930.635847, RMSE: 1129.570996, MAE: 560.986480, rot_MSE: 998984.312500, rot_RMSE: 999.492004, rot_MAE: 871.677002, trans_MSE: 1753.909546, trans_RMSE: 41.879704, trans_MAE: 28.678595
