Namespace(exp_name='with_intensity', model='dcp', emb_nn='dgcnn', pointer='transformer', head='svd', emb_dims=512, n_blocks=1, n_heads=4, ff_dims=1024, dropout=0.0, batch_size=8, test_batch_size=4, epochs=50, use_sgd=False, lr=0.001, momentum=0.9, no_cuda=False, seed=1234, eval=False, cycle=True, num_points=1024, model_path='', use_intensity=True, data_path='/mnt/d/SICK/pay-10-bucks/myDCP/dataset/', num_workers=4)
DCP model with Intensity
Train data: 966 pairs, Test data: 242 pairs
==TRAIN==
A--------->B
EPOCH:: 0, Loss: 284.954930, Cycle Loss:, 49.689099, MSE: 206.479796, RMSE: 14.369405, MAE: 6.824973, rot_MSE: 809.862000, rot_RMSE: 28.458075, rot_MAE: 19.229176, trans_MSE: 235.154770, trans_RMSE: 15.334757, trans_MAE: 8.657042
B--------->A
EPOCH:: 0, Loss: 284.954930, MSE: 159.664956, RMSE: 12.635860, MAE: 6.679634, rot_MSE: 903.184570, rot_RMSE: 30.053030, rot_MAE: 21.105322, trans_MSE: 311.714325, trans_RMSE: 17.655434, trans_MAE: 10.258832
==TEST==
A--------->B
EPOCH:: 0, Loss: 110.217848, Cycle Loss: 25.662620, MSE: 179.649063, RMSE: 13.403323, MAE: 6.069639, rot_MSE: 385.790039, rot_RMSE: 19.641539, rot_MAE: 14.116926, trans_MSE: 84.489197, trans_RMSE: 9.191800, trans_MAE: 5.231776
B--------->A
EPOCH:: 0, Loss: 110.217848, MSE: 145.878793, RMSE: 12.078029, MAE: 5.941135, rot_MSE: 637.561462, rot_RMSE: 25.249979, rot_MAE: 16.322468, trans_MSE: 224.217636, trans_RMSE: 14.973899, trans_MAE: 7.358509
==BEST TEST==
A--------->B
EPOCH:: 0, Loss: 110.217848, Cycle Loss: 25.662620, MSE: 179.649063, RMSE: 13.403323, MAE: 6.069639, rot_MSE: 385.790039, rot_RMSE: 19.641539, rot_MAE: 14.116926, trans_MSE: 84.489197, trans_RMSE: 9.191800, trans_MAE: 5.231776
B--------->A
EPOCH:: 0, Loss: 110.217848, MSE: 145.878793, RMSE: 12.078029, MAE: 5.941135, rot_MSE: 637.561462, rot_RMSE: 25.249979, rot_MAE: 16.322468, trans_MSE: 224.217636, trans_RMSE: 14.973899, trans_MAE: 7.358509
==TRAIN==
A--------->B
EPOCH:: 1, Loss: 150.268402, Cycle Loss:, 30.649125, MSE: 204.860147, RMSE: 14.312936, MAE: 6.721241, rot_MSE: 427.697266, rot_RMSE: 20.680843, rot_MAE: 15.421563, trans_MSE: 119.546227, trans_RMSE: 10.933720, trans_MAE: 6.394967
B--------->A
EPOCH:: 1, Loss: 150.268402, MSE: 156.419470, RMSE: 12.506777, MAE: 6.626888, rot_MSE: 570.676453, rot_RMSE: 23.888836, rot_MAE: 17.685789, trans_MSE: 246.457458, trans_RMSE: 15.698963, trans_MAE: 9.218127
==TEST==
A--------->B
EPOCH:: 1, Loss: 137.194206, Cycle Loss: 31.595439, MSE: 181.591670, RMSE: 13.475595, MAE: 6.131748, rot_MSE: 338.922058, rot_RMSE: 18.409836, rot_MAE: 13.598742, trans_MSE: 105.538040, trans_RMSE: 10.273170, trans_MAE: 4.963628
B--------->A
EPOCH:: 1, Loss: 137.194206, MSE: 142.723621, RMSE: 11.946699, MAE: 5.876847, rot_MSE: 515.058594, rot_RMSE: 22.694902, rot_MAE: 15.541422, trans_MSE: 189.542618, trans_RMSE: 13.767447, trans_MAE: 6.679054
==BEST TEST==
A--------->B
EPOCH:: 1, Loss: 110.217848, Cycle Loss: 25.662620, MSE: 179.649063, RMSE: 13.403323, MAE: 6.069639, rot_MSE: 385.790039, rot_RMSE: 19.641539, rot_MAE: 14.116926, trans_MSE: 84.489197, trans_RMSE: 9.191800, trans_MAE: 5.231776
B--------->A
EPOCH:: 1, Loss: 110.217848, MSE: 145.878793, RMSE: 12.078029, MAE: 5.941135, rot_MSE: 637.561462, rot_RMSE: 25.249979, rot_MAE: 16.322468, trans_MSE: 224.217636, trans_RMSE: 14.973899, trans_MAE: 7.358509
==TRAIN==
A--------->B
EPOCH:: 2, Loss: 136.112215, Cycle Loss:, 30.507089, MSE: 209.444739, RMSE: 14.472206, MAE: 6.752035, rot_MSE: 379.276215, rot_RMSE: 19.475016, rot_MAE: 14.845532, trans_MSE: 105.537361, trans_RMSE: 10.273138, trans_MAE: 6.017172
B--------->A
EPOCH:: 2, Loss: 136.112215, MSE: 153.990216, RMSE: 12.409279, MAE: 6.567470, rot_MSE: 540.524841, rot_RMSE: 23.249189, rot_MAE: 17.308846, trans_MSE: 233.433807, trans_RMSE: 15.278541, trans_MAE: 9.026373
==TEST==
A--------->B
EPOCH:: 2, Loss: 200.528222, Cycle Loss: 48.630035, MSE: 183.532678, RMSE: 13.547423, MAE: 6.172789, rot_MSE: 339.810852, rot_RMSE: 18.433960, rot_MAE: 13.799460, trans_MSE: 151.837753, trans_RMSE: 12.322247, trans_MAE: 5.296935
B--------->A
EPOCH:: 2, Loss: 200.528222, MSE: 143.932049, RMSE: 11.997168, MAE: 5.957688, rot_MSE: 431.403137, rot_RMSE: 20.770247, rot_MAE: 14.868977, trans_MSE: 222.539078, trans_RMSE: 14.917744, trans_MAE: 7.151511
==BEST TEST==
A--------->B
EPOCH:: 2, Loss: 110.217848, Cycle Loss: 25.662620, MSE: 179.649063, RMSE: 13.403323, MAE: 6.069639, rot_MSE: 385.790039, rot_RMSE: 19.641539, rot_MAE: 14.116926, trans_MSE: 84.489197, trans_RMSE: 9.191800, trans_MAE: 5.231776
B--------->A
EPOCH:: 2, Loss: 110.217848, MSE: 145.878793, RMSE: 12.078029, MAE: 5.941135, rot_MSE: 637.561462, rot_RMSE: 25.249979, rot_MAE: 16.322468, trans_MSE: 224.217636, trans_RMSE: 14.973899, trans_MAE: 7.358509
==TRAIN==
A--------->B
EPOCH:: 3, Loss: 105.457707, Cycle Loss:, 24.269561, MSE: 214.620197, RMSE: 14.649921, MAE: 6.790680, rot_MSE: 374.798859, rot_RMSE: 19.359722, rot_MAE: 14.622909, trans_MSE: 81.122581, trans_RMSE: 9.006807, trans_MAE: 5.525933
B--------->A
EPOCH:: 3, Loss: 105.457707, MSE: 158.165024, RMSE: 12.576368, MAE: 6.666095, rot_MSE: 468.611298, rot_RMSE: 21.647432, rot_MAE: 16.720646, trans_MSE: 217.390671, trans_RMSE: 14.744174, trans_MAE: 8.859655
==TEST==
A--------->B
EPOCH:: 3, Loss: 88.152597, Cycle Loss: 18.512605, MSE: 180.859185, RMSE: 13.448390, MAE: 6.092002, rot_MSE: 270.411652, rot_RMSE: 16.444199, rot_MAE: 12.812346, trans_MSE: 69.588760, trans_RMSE: 8.341988, trans_MAE: 4.549016
B--------->A
EPOCH:: 3, Loss: 88.152597, MSE: 143.022909, RMSE: 11.959219, MAE: 5.925915, rot_MSE: 328.756622, rot_RMSE: 18.131647, rot_MAE: 13.835688, trans_MSE: 133.635483, trans_RMSE: 11.560081, trans_MAE: 6.149268
==BEST TEST==
A--------->B
EPOCH:: 3, Loss: 88.152597, Cycle Loss: 18.512605, MSE: 180.859185, RMSE: 13.448390, MAE: 6.092002, rot_MSE: 270.411652, rot_RMSE: 16.444199, rot_MAE: 12.812346, trans_MSE: 69.588760, trans_RMSE: 8.341988, trans_MAE: 4.549016
B--------->A
EPOCH:: 3, Loss: 88.152597, MSE: 143.022909, RMSE: 11.959219, MAE: 5.925915, rot_MSE: 328.756622, rot_RMSE: 18.131647, rot_MAE: 13.835688, trans_MSE: 133.635483, trans_RMSE: 11.560081, trans_MAE: 6.149268
==TRAIN==
A--------->B
EPOCH:: 4, Loss: 101.972175, Cycle Loss:, 24.217879, MSE: 213.640385, RMSE: 14.616442, MAE: 6.759659, rot_MSE: 314.154175, rot_RMSE: 17.724396, rot_MAE: 13.791587, trans_MSE: 77.695541, trans_RMSE: 8.814507, trans_MAE: 5.249166
B--------->A
EPOCH:: 4, Loss: 101.972175, MSE: 156.027524, RMSE: 12.491098, MAE: 6.603596, rot_MSE: 410.900360, rot_RMSE: 20.270678, rot_MAE: 15.780048, trans_MSE: 218.132767, trans_RMSE: 14.769319, trans_MAE: 8.439077
==TEST==
A--------->B
EPOCH:: 4, Loss: 65.423695, Cycle Loss: 15.981583, MSE: 175.783531, RMSE: 13.258338, MAE: 6.073497, rot_MSE: 253.531509, rot_RMSE: 15.922673, rot_MAE: 12.438453, trans_MSE: 49.393509, trans_RMSE: 7.028051, trans_MAE: 4.081953
B--------->A
EPOCH:: 4, Loss: 65.423695, MSE: 140.028538, RMSE: 11.833365, MAE: 5.897415, rot_MSE: 277.358643, rot_RMSE: 16.654087, rot_MAE: 13.002868, trans_MSE: 123.367577, trans_RMSE: 11.107096, trans_MAE: 5.827550
==BEST TEST==
A--------->B
EPOCH:: 4, Loss: 65.423695, Cycle Loss: 15.981583, MSE: 175.783531, RMSE: 13.258338, MAE: 6.073497, rot_MSE: 253.531509, rot_RMSE: 15.922673, rot_MAE: 12.438453, trans_MSE: 49.393509, trans_RMSE: 7.028051, trans_MAE: 4.081953
B--------->A
EPOCH:: 4, Loss: 65.423695, MSE: 140.028538, RMSE: 11.833365, MAE: 5.897415, rot_MSE: 277.358643, rot_RMSE: 16.654087, rot_MAE: 13.002868, trans_MSE: 123.367577, trans_RMSE: 11.107096, trans_MAE: 5.827550
==TRAIN==
A--------->B
EPOCH:: 5, Loss: 107.402242, Cycle Loss:, 25.656386, MSE: 215.747131, RMSE: 14.688333, MAE: 6.812437, rot_MSE: 334.637360, rot_RMSE: 18.293097, rot_MAE: 14.113365, trans_MSE: 81.684303, trans_RMSE: 9.037937, trans_MAE: 5.424510
B--------->A
EPOCH:: 5, Loss: 107.402242, MSE: 157.092106, RMSE: 12.533639, MAE: 6.600285, rot_MSE: 444.979248, rot_RMSE: 21.094532, rot_MAE: 15.766356, trans_MSE: 214.728165, trans_RMSE: 14.653605, trans_MAE: 8.417608
==TEST==
A--------->B
EPOCH:: 5, Loss: 80.500510, Cycle Loss: 18.684157, MSE: 181.840152, RMSE: 13.484812, MAE: 6.219091, rot_MSE: 298.949585, rot_RMSE: 17.290159, rot_MAE: 13.298691, trans_MSE: 61.759525, trans_RMSE: 7.858723, trans_MAE: 4.120555
B--------->A
EPOCH:: 5, Loss: 80.500510, MSE: 145.742771, RMSE: 12.072397, MAE: 5.991555, rot_MSE: 371.157959, rot_RMSE: 19.265461, rot_MAE: 14.141529, trans_MSE: 134.315536, trans_RMSE: 11.589458, trans_MAE: 6.107849
==BEST TEST==
A--------->B
EPOCH:: 5, Loss: 65.423695, Cycle Loss: 15.981583, MSE: 175.783531, RMSE: 13.258338, MAE: 6.073497, rot_MSE: 253.531509, rot_RMSE: 15.922673, rot_MAE: 12.438453, trans_MSE: 49.393509, trans_RMSE: 7.028051, trans_MAE: 4.081953
B--------->A
EPOCH:: 5, Loss: 65.423695, MSE: 140.028538, RMSE: 11.833365, MAE: 5.897415, rot_MSE: 277.358643, rot_RMSE: 16.654087, rot_MAE: 13.002868, trans_MSE: 123.367577, trans_RMSE: 11.107096, trans_MAE: 5.827550
==TRAIN==
A--------->B
EPOCH:: 6, Loss: 103.922578, Cycle Loss:, 25.867900, MSE: 215.870531, RMSE: 14.692533, MAE: 6.837085, rot_MSE: 357.268402, rot_RMSE: 18.901545, rot_MAE: 14.389452, trans_MSE: 77.991592, trans_RMSE: 8.831285, trans_MAE: 5.371773
B--------->A
EPOCH:: 6, Loss: 103.922578, MSE: 156.586786, RMSE: 12.513464, MAE: 6.621594, rot_MSE: 430.222321, rot_RMSE: 20.741802, rot_MAE: 15.926999, trans_MSE: 213.447464, trans_RMSE: 14.609841, trans_MAE: 8.438859
==TEST==
A--------->B
EPOCH:: 6, Loss: 64.831717, Cycle Loss: 17.633989, MSE: 175.117403, RMSE: 13.233193, MAE: 6.068678, rot_MSE: 246.469498, rot_RMSE: 15.699347, rot_MAE: 12.219888, trans_MSE: 47.149628, trans_RMSE: 6.866559, trans_MAE: 4.016872
B--------->A
EPOCH:: 6, Loss: 64.831717, MSE: 154.415477, RMSE: 12.426402, MAE: 6.093269, rot_MSE: 404.836182, rot_RMSE: 20.120541, rot_MAE: 14.555900, trans_MSE: 146.212784, trans_RMSE: 12.091847, trans_MAE: 6.344523
==BEST TEST==
A--------->B
EPOCH:: 6, Loss: 64.831717, Cycle Loss: 17.633989, MSE: 175.117403, RMSE: 13.233193, MAE: 6.068678, rot_MSE: 246.469498, rot_RMSE: 15.699347, rot_MAE: 12.219888, trans_MSE: 47.149628, trans_RMSE: 6.866559, trans_MAE: 4.016872
B--------->A
EPOCH:: 6, Loss: 64.831717, MSE: 154.415477, RMSE: 12.426402, MAE: 6.093269, rot_MSE: 404.836182, rot_RMSE: 20.120541, rot_MAE: 14.555900, trans_MSE: 146.212784, trans_RMSE: 12.091847, trans_MAE: 6.344523
==TRAIN==
A--------->B
EPOCH:: 7, Loss: 97.281639, Cycle Loss:, 23.404883, MSE: 211.893691, RMSE: 14.556569, MAE: 6.769258, rot_MSE: 300.298431, rot_RMSE: 17.329121, rot_MAE: 13.480163, trans_MSE: 73.822083, trans_RMSE: 8.591978, trans_MAE: 5.110682
B--------->A
EPOCH:: 7, Loss: 97.281639, MSE: 157.599312, RMSE: 12.553856, MAE: 6.642928, rot_MSE: 448.543915, rot_RMSE: 21.178856, rot_MAE: 15.942486, trans_MSE: 203.067535, trans_RMSE: 14.250176, trans_MAE: 8.319006
==TEST==
A--------->B
EPOCH:: 7, Loss: 53.235780, Cycle Loss: 13.076446, MSE: 178.089548, RMSE: 13.345020, MAE: 6.083153, rot_MSE: 240.179443, rot_RMSE: 15.497724, rot_MAE: 11.846290, trans_MSE: 40.113464, trans_RMSE: 6.333519, trans_MAE: 3.782546
B--------->A
EPOCH:: 7, Loss: 53.235780, MSE: 142.554816, RMSE: 11.939632, MAE: 5.940670, rot_MSE: 296.205536, rot_RMSE: 17.210623, rot_MAE: 13.217398, trans_MSE: 109.117188, trans_RMSE: 10.445917, trans_MAE: 5.660325
==BEST TEST==
A--------->B
EPOCH:: 7, Loss: 53.235780, Cycle Loss: 13.076446, MSE: 178.089548, RMSE: 13.345020, MAE: 6.083153, rot_MSE: 240.179443, rot_RMSE: 15.497724, rot_MAE: 11.846290, trans_MSE: 40.113464, trans_RMSE: 6.333519, trans_MAE: 3.782546
B--------->A
EPOCH:: 7, Loss: 53.235780, MSE: 142.554816, RMSE: 11.939632, MAE: 5.940670, rot_MSE: 296.205536, rot_RMSE: 17.210623, rot_MAE: 13.217398, trans_MSE: 109.117188, trans_RMSE: 10.445917, trans_MAE: 5.660325
==TRAIN==
A--------->B
EPOCH:: 8, Loss: 84.789382, Cycle Loss:, 22.054335, MSE: 213.622538, RMSE: 14.615832, MAE: 6.742097, rot_MSE: 312.644012, rot_RMSE: 17.681742, rot_MAE: 13.552268, trans_MSE: 62.678463, trans_RMSE: 7.916973, trans_MAE: 5.041525
B--------->A
EPOCH:: 8, Loss: 84.789382, MSE: 157.796198, RMSE: 12.561696, MAE: 6.625992, rot_MSE: 396.920319, rot_RMSE: 19.922859, rot_MAE: 15.302287, trans_MSE: 200.414627, trans_RMSE: 14.156787, trans_MAE: 8.129911
==TEST==
A--------->B
EPOCH:: 8, Loss: 48.204713, Cycle Loss: 13.515875, MSE: 174.218747, RMSE: 13.199195, MAE: 6.033543, rot_MSE: 237.334351, rot_RMSE: 15.405660, rot_MAE: 11.997834, trans_MSE: 34.643257, trans_RMSE: 5.885852, trans_MAE: 3.791097
B--------->A
EPOCH:: 8, Loss: 48.204713, MSE: 144.576584, RMSE: 12.024000, MAE: 5.974726, rot_MSE: 296.154694, rot_RMSE: 17.209146, rot_MAE: 13.234125, trans_MSE: 119.476845, trans_RMSE: 10.930547, trans_MAE: 5.836080
==BEST TEST==
A--------->B
EPOCH:: 8, Loss: 48.204713, Cycle Loss: 13.515875, MSE: 174.218747, RMSE: 13.199195, MAE: 6.033543, rot_MSE: 237.334351, rot_RMSE: 15.405660, rot_MAE: 11.997834, trans_MSE: 34.643257, trans_RMSE: 5.885852, trans_MAE: 3.791097
B--------->A
EPOCH:: 8, Loss: 48.204713, MSE: 144.576584, RMSE: 12.024000, MAE: 5.974726, rot_MSE: 296.154694, rot_RMSE: 17.209146, rot_MAE: 13.234125, trans_MSE: 119.476845, trans_RMSE: 10.930547, trans_MAE: 5.836080
==TRAIN==
A--------->B
EPOCH:: 9, Loss: 84.027846, Cycle Loss:, 21.319333, MSE: 216.139512, RMSE: 14.701684, MAE: 6.778037, rot_MSE: 336.196259, rot_RMSE: 18.335655, rot_MAE: 13.458900, trans_MSE: 62.652985, trans_RMSE: 7.915364, trans_MAE: 4.932736
B--------->A
EPOCH:: 9, Loss: 84.027846, MSE: 156.979244, RMSE: 12.529136, MAE: 6.597201, rot_MSE: 401.211365, rot_RMSE: 20.030262, rot_MAE: 15.262503, trans_MSE: 188.143341, trans_RMSE: 13.716536, trans_MAE: 7.950232
==TEST==
A--------->B
EPOCH:: 9, Loss: 50.168795, Cycle Loss: 14.868251, MSE: 177.488450, RMSE: 13.322479, MAE: 6.104937, rot_MSE: 242.696884, rot_RMSE: 15.578732, rot_MAE: 12.160838, trans_MSE: 35.253170, trans_RMSE: 5.937438, trans_MAE: 3.781194
B--------->A
EPOCH:: 9, Loss: 50.168795, MSE: 148.177271, RMSE: 12.172809, MAE: 6.028503, rot_MSE: 329.699768, rot_RMSE: 18.157637, rot_MAE: 14.057508, trans_MSE: 133.605087, trans_RMSE: 11.558766, trans_MAE: 6.062545
==BEST TEST==
A--------->B
EPOCH:: 9, Loss: 48.204713, Cycle Loss: 13.515875, MSE: 174.218747, RMSE: 13.199195, MAE: 6.033543, rot_MSE: 237.334351, rot_RMSE: 15.405660, rot_MAE: 11.997834, trans_MSE: 34.643257, trans_RMSE: 5.885852, trans_MAE: 3.791097
B--------->A
EPOCH:: 9, Loss: 48.204713, MSE: 144.576584, RMSE: 12.024000, MAE: 5.974726, rot_MSE: 296.154694, rot_RMSE: 17.209146, rot_MAE: 13.234125, trans_MSE: 119.476845, trans_RMSE: 10.930547, trans_MAE: 5.836080
==TRAIN==
A--------->B
EPOCH:: 10, Loss: 100.475277, Cycle Loss:, 24.571783, MSE: 211.331491, RMSE: 14.537245, MAE: 6.731687, rot_MSE: 330.204437, rot_RMSE: 18.171528, rot_MAE: 13.916948, trans_MSE: 75.844063, trans_RMSE: 8.708850, trans_MAE: 5.284467
B--------->A
EPOCH:: 10, Loss: 100.475277, MSE: 153.974881, RMSE: 12.408662, MAE: 6.575100, rot_MSE: 453.580933, rot_RMSE: 21.297440, rot_MAE: 15.936828, trans_MSE: 209.080582, trans_RMSE: 14.459619, trans_MAE: 8.397910
==TEST==
A--------->B
EPOCH:: 10, Loss: 78.496909, Cycle Loss: 16.227705, MSE: 171.980414, RMSE: 13.114130, MAE: 5.974436, rot_MSE: 283.272156, rot_RMSE: 16.830690, rot_MAE: 12.792369, trans_MSE: 62.216274, trans_RMSE: 7.887729, trans_MAE: 4.302985
B--------->A
EPOCH:: 10, Loss: 78.496909, MSE: 141.669236, RMSE: 11.902489, MAE: 5.936980, rot_MSE: 350.837677, rot_RMSE: 18.730661, rot_MAE: 14.515550, trans_MSE: 141.899185, trans_RMSE: 11.912145, trans_MAE: 6.121731
==BEST TEST==
A--------->B
EPOCH:: 10, Loss: 48.204713, Cycle Loss: 13.515875, MSE: 174.218747, RMSE: 13.199195, MAE: 6.033543, rot_MSE: 237.334351, rot_RMSE: 15.405660, rot_MAE: 11.997834, trans_MSE: 34.643257, trans_RMSE: 5.885852, trans_MAE: 3.791097
B--------->A
EPOCH:: 10, Loss: 48.204713, MSE: 144.576584, RMSE: 12.024000, MAE: 5.974726, rot_MSE: 296.154694, rot_RMSE: 17.209146, rot_MAE: 13.234125, trans_MSE: 119.476845, trans_RMSE: 10.930547, trans_MAE: 5.836080
==TRAIN==
A--------->B
EPOCH:: 11, Loss: 92.765165, Cycle Loss:, 22.804151, MSE: 216.144212, RMSE: 14.701844, MAE: 6.766189, rot_MSE: 309.972687, rot_RMSE: 17.606041, rot_MAE: 13.679541, trans_MSE: 69.903137, trans_RMSE: 8.360809, trans_MAE: 5.027159
B--------->A
EPOCH:: 11, Loss: 92.765165, MSE: 158.802309, RMSE: 12.601679, MAE: 6.611397, rot_MSE: 450.925049, rot_RMSE: 21.234997, rot_MAE: 16.193905, trans_MSE: 201.970306, trans_RMSE: 14.211626, trans_MAE: 8.217810
==TEST==
A--------->B
EPOCH:: 11, Loss: 49.538936, Cycle Loss: 15.614906, MSE: 174.792962, RMSE: 13.220929, MAE: 6.034000, rot_MSE: 271.761841, rot_RMSE: 16.485201, rot_MAE: 12.605244, trans_MSE: 33.873089, trans_RMSE: 5.820059, trans_MAE: 3.943547
B--------->A
EPOCH:: 11, Loss: 49.538936, MSE: 144.115772, RMSE: 12.004823, MAE: 5.932350, rot_MSE: 384.516998, rot_RMSE: 19.609104, rot_MAE: 15.107877, trans_MSE: 129.288742, trans_RMSE: 11.370521, trans_MAE: 6.157549
==BEST TEST==
A--------->B
EPOCH:: 11, Loss: 48.204713, Cycle Loss: 13.515875, MSE: 174.218747, RMSE: 13.199195, MAE: 6.033543, rot_MSE: 237.334351, rot_RMSE: 15.405660, rot_MAE: 11.997834, trans_MSE: 34.643257, trans_RMSE: 5.885852, trans_MAE: 3.791097
B--------->A
EPOCH:: 11, Loss: 48.204713, MSE: 144.576584, RMSE: 12.024000, MAE: 5.974726, rot_MSE: 296.154694, rot_RMSE: 17.209146, rot_MAE: 13.234125, trans_MSE: 119.476845, trans_RMSE: 10.930547, trans_MAE: 5.836080
==TRAIN==
A--------->B
EPOCH:: 12, Loss: 88.608004, Cycle Loss:, 23.189511, MSE: 215.672723, RMSE: 14.685800, MAE: 6.757168, rot_MSE: 305.055084, rot_RMSE: 17.465826, rot_MAE: 13.527293, trans_MSE: 65.361603, trans_RMSE: 8.084652, trans_MAE: 4.962510
B--------->A
EPOCH:: 12, Loss: 88.608004, MSE: 157.168828, RMSE: 12.536699, MAE: 6.623449, rot_MSE: 422.543457, rot_RMSE: 20.555862, rot_MAE: 15.782213, trans_MSE: 206.051697, trans_RMSE: 14.354501, trans_MAE: 8.296307
==TEST==
A--------->B
EPOCH:: 12, Loss: 50.400793, Cycle Loss: 14.692739, MSE: 174.917973, RMSE: 13.225656, MAE: 6.020868, rot_MSE: 223.216858, rot_RMSE: 14.940444, rot_MAE: 11.491545, trans_MSE: 35.665199, trans_RMSE: 5.972035, trans_MAE: 3.760352
B--------->A
EPOCH:: 12, Loss: 50.400793, MSE: 143.101113, RMSE: 11.962488, MAE: 5.949240, rot_MSE: 307.290771, rot_RMSE: 17.529711, rot_MAE: 13.512584, trans_MSE: 124.857414, trans_RMSE: 11.173962, trans_MAE: 5.833183
==BEST TEST==
A--------->B
EPOCH:: 12, Loss: 48.204713, Cycle Loss: 13.515875, MSE: 174.218747, RMSE: 13.199195, MAE: 6.033543, rot_MSE: 237.334351, rot_RMSE: 15.405660, rot_MAE: 11.997834, trans_MSE: 34.643257, trans_RMSE: 5.885852, trans_MAE: 3.791097
B--------->A
EPOCH:: 12, Loss: 48.204713, MSE: 144.576584, RMSE: 12.024000, MAE: 5.974726, rot_MSE: 296.154694, rot_RMSE: 17.209146, rot_MAE: 13.234125, trans_MSE: 119.476845, trans_RMSE: 10.930547, trans_MAE: 5.836080
==TRAIN==
A--------->B
EPOCH:: 13, Loss: 77.555163, Cycle Loss:, 20.919974, MSE: 217.979715, RMSE: 14.764136, MAE: 6.751160, rot_MSE: 273.926697, rot_RMSE: 16.550732, rot_MAE: 12.948564, trans_MSE: 56.583633, trans_RMSE: 7.522209, trans_MAE: 4.694516
B--------->A
EPOCH:: 13, Loss: 77.555163, MSE: 156.266670, RMSE: 12.500667, MAE: 6.589705, rot_MSE: 384.090637, rot_RMSE: 19.598230, rot_MAE: 15.137338, trans_MSE: 188.124176, trans_RMSE: 13.715837, trans_MAE: 7.957819
==TEST==
A--------->B
EPOCH:: 13, Loss: 46.059346, Cycle Loss: 14.463687, MSE: 177.397856, RMSE: 13.319079, MAE: 6.074240, rot_MSE: 222.857132, rot_RMSE: 14.928400, rot_MAE: 11.513708, trans_MSE: 31.552977, trans_RMSE: 5.617204, trans_MAE: 3.535926
B--------->A
EPOCH:: 13, Loss: 46.059346, MSE: 143.080077, RMSE: 11.961608, MAE: 5.935867, rot_MSE: 309.219299, rot_RMSE: 17.584633, rot_MAE: 13.591821, trans_MSE: 117.062912, trans_RMSE: 10.819562, trans_MAE: 5.661306
==BEST TEST==
A--------->B
EPOCH:: 13, Loss: 46.059346, Cycle Loss: 14.463687, MSE: 177.397856, RMSE: 13.319079, MAE: 6.074240, rot_MSE: 222.857132, rot_RMSE: 14.928400, rot_MAE: 11.513708, trans_MSE: 31.552977, trans_RMSE: 5.617204, trans_MAE: 3.535926
B--------->A
EPOCH:: 13, Loss: 46.059346, MSE: 143.080077, RMSE: 11.961608, MAE: 5.935867, rot_MSE: 309.219299, rot_RMSE: 17.584633, rot_MAE: 13.591821, trans_MSE: 117.062912, trans_RMSE: 10.819562, trans_MAE: 5.661306
==TRAIN==
A--------->B
EPOCH:: 14, Loss: 70.547217, Cycle Loss:, 20.901489, MSE: 213.556542, RMSE: 14.613574, MAE: 6.729204, rot_MSE: 248.063995, rot_RMSE: 15.750048, rot_MAE: 12.307942, trans_MSE: 49.598351, trans_RMSE: 7.042610, trans_MAE: 4.459713
B--------->A
EPOCH:: 14, Loss: 70.547217, MSE: 154.389129, RMSE: 12.425342, MAE: 6.564924, rot_MSE: 395.597778, rot_RMSE: 19.889641, rot_MAE: 15.341491, trans_MSE: 197.392715, trans_RMSE: 14.049652, trans_MAE: 7.912680
==TEST==
A--------->B
EPOCH:: 14, Loss: 38.904848, Cycle Loss: 10.048408, MSE: 172.730678, RMSE: 13.142704, MAE: 6.002085, rot_MSE: 201.255554, rot_RMSE: 14.186457, rot_MAE: 11.015644, trans_MSE: 28.817141, trans_RMSE: 5.368160, trans_MAE: 3.443971
B--------->A
EPOCH:: 14, Loss: 38.904848, MSE: 141.557043, RMSE: 11.897775, MAE: 5.922367, rot_MSE: 253.077087, rot_RMSE: 15.908397, rot_MAE: 12.504008, trans_MSE: 97.480186, trans_RMSE: 9.873205, trans_MAE: 5.396526
==BEST TEST==
A--------->B
EPOCH:: 14, Loss: 38.904848, Cycle Loss: 10.048408, MSE: 172.730678, RMSE: 13.142704, MAE: 6.002085, rot_MSE: 201.255554, rot_RMSE: 14.186457, rot_MAE: 11.015644, trans_MSE: 28.817141, trans_RMSE: 5.368160, trans_MAE: 3.443971
B--------->A
EPOCH:: 14, Loss: 38.904848, MSE: 141.557043, RMSE: 11.897775, MAE: 5.922367, rot_MSE: 253.077087, rot_RMSE: 15.908397, rot_MAE: 12.504008, trans_MSE: 97.480186, trans_RMSE: 9.873205, trans_MAE: 5.396526
==TRAIN==
A--------->B
EPOCH:: 15, Loss: 81.557206, Cycle Loss:, 21.457757, MSE: 216.477599, RMSE: 14.713178, MAE: 6.766077, rot_MSE: 259.279053, rot_RMSE: 16.102144, rot_MAE: 12.458727, trans_MSE: 60.050407, trans_RMSE: 7.749220, trans_MAE: 4.639854
B--------->A
EPOCH:: 15, Loss: 81.557206, MSE: 157.069519, RMSE: 12.532738, MAE: 6.619862, rot_MSE: 386.823364, rot_RMSE: 19.667826, rot_MAE: 15.161699, trans_MSE: 199.678192, trans_RMSE: 14.130754, trans_MAE: 8.044507
==TEST==
A--------->B
EPOCH:: 15, Loss: 54.471186, Cycle Loss: 14.307069, MSE: 177.995220, RMSE: 13.341485, MAE: 6.070628, rot_MSE: 222.459885, rot_RMSE: 14.915090, rot_MAE: 11.422927, trans_MSE: 40.121227, trans_RMSE: 6.334132, trans_MAE: 3.565812
B--------->A
EPOCH:: 15, Loss: 54.471186, MSE: 142.917871, RMSE: 11.954826, MAE: 5.944627, rot_MSE: 284.923737, rot_RMSE: 16.879684, rot_MAE: 13.092203, trans_MSE: 111.771599, trans_RMSE: 10.572208, trans_MAE: 5.572631
==BEST TEST==
A--------->B
EPOCH:: 15, Loss: 38.904848, Cycle Loss: 10.048408, MSE: 172.730678, RMSE: 13.142704, MAE: 6.002085, rot_MSE: 201.255554, rot_RMSE: 14.186457, rot_MAE: 11.015644, trans_MSE: 28.817141, trans_RMSE: 5.368160, trans_MAE: 3.443971
B--------->A
EPOCH:: 15, Loss: 38.904848, MSE: 141.557043, RMSE: 11.897775, MAE: 5.922367, rot_MSE: 253.077087, rot_RMSE: 15.908397, rot_MAE: 12.504008, trans_MSE: 97.480186, trans_RMSE: 9.873205, trans_MAE: 5.396526
==TRAIN==
A--------->B
EPOCH:: 16, Loss: 70.163321, Cycle Loss:, 22.278205, MSE: 218.707910, RMSE: 14.788776, MAE: 6.774043, rot_MSE: 263.888794, rot_RMSE: 16.244654, rot_MAE: 12.666202, trans_MSE: 47.835567, trans_RMSE: 6.916326, trans_MAE: 4.470349
B--------->A
EPOCH:: 16, Loss: 70.163321, MSE: 157.216343, RMSE: 12.538594, MAE: 6.605490, rot_MSE: 403.928040, rot_RMSE: 20.097961, rot_MAE: 15.444426, trans_MSE: 206.166626, trans_RMSE: 14.358503, trans_MAE: 8.143464
==TEST==
A--------->B
EPOCH:: 16, Loss: 51.171939, Cycle Loss: 13.798603, MSE: 182.801794, RMSE: 13.520421, MAE: 6.133991, rot_MSE: 216.582336, rot_RMSE: 14.716737, rot_MAE: 11.353775, trans_MSE: 37.331940, trans_RMSE: 6.109987, trans_MAE: 3.453225
B--------->A
EPOCH:: 16, Loss: 51.171939, MSE: 143.430123, RMSE: 11.976232, MAE: 5.969053, rot_MSE: 301.491333, rot_RMSE: 17.363506, rot_MAE: 12.980933, trans_MSE: 112.063187, trans_RMSE: 10.585990, trans_MAE: 5.431333
==BEST TEST==
A--------->B
EPOCH:: 16, Loss: 38.904848, Cycle Loss: 10.048408, MSE: 172.730678, RMSE: 13.142704, MAE: 6.002085, rot_MSE: 201.255554, rot_RMSE: 14.186457, rot_MAE: 11.015644, trans_MSE: 28.817141, trans_RMSE: 5.368160, trans_MAE: 3.443971
B--------->A
EPOCH:: 16, Loss: 38.904848, MSE: 141.557043, RMSE: 11.897775, MAE: 5.922367, rot_MSE: 253.077087, rot_RMSE: 15.908397, rot_MAE: 12.504008, trans_MSE: 97.480186, trans_RMSE: 9.873205, trans_MAE: 5.396526
==TRAIN==
A--------->B
EPOCH:: 17, Loss: 66.631388, Cycle Loss:, 20.469666, MSE: 214.699320, RMSE: 14.652622, MAE: 6.719176, rot_MSE: 249.568970, rot_RMSE: 15.797752, rot_MAE: 12.415658, trans_MSE: 46.114460, trans_RMSE: 6.790763, trans_MAE: 4.357791
B--------->A
EPOCH:: 17, Loss: 66.631388, MSE: 155.129621, RMSE: 12.455104, MAE: 6.571653, rot_MSE: 382.242065, rot_RMSE: 19.551012, rot_MAE: 14.906259, trans_MSE: 198.275330, trans_RMSE: 14.081027, trans_MAE: 7.913794
==TEST==
A--------->B
EPOCH:: 17, Loss: 47.539791, Cycle Loss: 12.866448, MSE: 179.113844, RMSE: 13.383342, MAE: 6.078055, rot_MSE: 223.294449, rot_RMSE: 14.943040, rot_MAE: 11.549842, trans_MSE: 34.630783, trans_RMSE: 5.884792, trans_MAE: 3.546375
B--------->A
EPOCH:: 17, Loss: 47.539791, MSE: 142.273709, RMSE: 11.927854, MAE: 5.939226, rot_MSE: 271.069244, rot_RMSE: 16.464180, rot_MAE: 12.600382, trans_MSE: 98.784843, trans_RMSE: 9.939056, trans_MAE: 5.307749
==BEST TEST==
A--------->B
EPOCH:: 17, Loss: 38.904848, Cycle Loss: 10.048408, MSE: 172.730678, RMSE: 13.142704, MAE: 6.002085, rot_MSE: 201.255554, rot_RMSE: 14.186457, rot_MAE: 11.015644, trans_MSE: 28.817141, trans_RMSE: 5.368160, trans_MAE: 3.443971
B--------->A
EPOCH:: 17, Loss: 38.904848, MSE: 141.557043, RMSE: 11.897775, MAE: 5.922367, rot_MSE: 253.077087, rot_RMSE: 15.908397, rot_MAE: 12.504008, trans_MSE: 97.480186, trans_RMSE: 9.873205, trans_MAE: 5.396526
==TRAIN==
A--------->B
EPOCH:: 18, Loss: 69.622039, Cycle Loss:, 20.511247, MSE: 218.495038, RMSE: 14.781578, MAE: 6.798318, rot_MSE: 262.771759, rot_RMSE: 16.210236, rot_MAE: 12.579902, trans_MSE: 49.062080, trans_RMSE: 7.004433, trans_MAE: 4.432259
B--------->A
EPOCH:: 18, Loss: 69.622039, MSE: 157.076840, RMSE: 12.533030, MAE: 6.601619, rot_MSE: 366.236206, rot_RMSE: 19.137299, rot_MAE: 14.649068, trans_MSE: 191.350906, trans_RMSE: 13.832965, trans_MAE: 7.831863
==TEST==
A--------->B
EPOCH:: 18, Loss: 45.783744, Cycle Loss: 11.578761, MSE: 177.871496, RMSE: 13.336847, MAE: 6.086333, rot_MSE: 213.670319, rot_RMSE: 14.617466, rot_MAE: 11.385269, trans_MSE: 34.163506, trans_RMSE: 5.844955, trans_MAE: 3.563625
B--------->A
EPOCH:: 18, Loss: 45.783744, MSE: 141.837316, RMSE: 11.909547, MAE: 5.943220, rot_MSE: 256.076569, rot_RMSE: 16.002392, rot_MAE: 12.518442, trans_MSE: 97.399429, trans_RMSE: 9.869115, trans_MAE: 5.339575
==BEST TEST==
A--------->B
EPOCH:: 18, Loss: 38.904848, Cycle Loss: 10.048408, MSE: 172.730678, RMSE: 13.142704, MAE: 6.002085, rot_MSE: 201.255554, rot_RMSE: 14.186457, rot_MAE: 11.015644, trans_MSE: 28.817141, trans_RMSE: 5.368160, trans_MAE: 3.443971
B--------->A
EPOCH:: 18, Loss: 38.904848, MSE: 141.557043, RMSE: 11.897775, MAE: 5.922367, rot_MSE: 253.077087, rot_RMSE: 15.908397, rot_MAE: 12.504008, trans_MSE: 97.480186, trans_RMSE: 9.873205, trans_MAE: 5.396526
==TRAIN==
A--------->B
EPOCH:: 19, Loss: 79.709843, Cycle Loss:, 22.476625, MSE: 215.647717, RMSE: 14.684949, MAE: 6.763462, rot_MSE: 265.022766, rot_RMSE: 16.279520, rot_MAE: 12.597864, trans_MSE: 57.183701, trans_RMSE: 7.561991, trans_MAE: 4.546549
B--------->A
EPOCH:: 19, Loss: 79.709843, MSE: 155.113937, RMSE: 12.454475, MAE: 6.592789, rot_MSE: 395.041656, rot_RMSE: 19.875654, rot_MAE: 15.015650, trans_MSE: 203.342911, trans_RMSE: 14.259835, trans_MAE: 7.911093
==TEST==
A--------->B
EPOCH:: 19, Loss: 57.392447, Cycle Loss: 16.080736, MSE: 173.306711, RMSE: 13.164601, MAE: 6.000115, rot_MSE: 222.184021, rot_RMSE: 14.905838, rot_MAE: 11.507062, trans_MSE: 41.269600, trans_RMSE: 6.424142, trans_MAE: 3.887806
B--------->A
EPOCH:: 19, Loss: 57.392447, MSE: 145.760609, RMSE: 12.073136, MAE: 5.986589, rot_MSE: 285.337921, rot_RMSE: 16.891949, rot_MAE: 12.958887, trans_MSE: 143.393250, trans_RMSE: 11.974692, trans_MAE: 6.007859
==BEST TEST==
A--------->B
EPOCH:: 19, Loss: 38.904848, Cycle Loss: 10.048408, MSE: 172.730678, RMSE: 13.142704, MAE: 6.002085, rot_MSE: 201.255554, rot_RMSE: 14.186457, rot_MAE: 11.015644, trans_MSE: 28.817141, trans_RMSE: 5.368160, trans_MAE: 3.443971
B--------->A
EPOCH:: 19, Loss: 38.904848, MSE: 141.557043, RMSE: 11.897775, MAE: 5.922367, rot_MSE: 253.077087, rot_RMSE: 15.908397, rot_MAE: 12.504008, trans_MSE: 97.480186, trans_RMSE: 9.873205, trans_MAE: 5.396526
==TRAIN==
A--------->B
EPOCH:: 20, Loss: 70.721905, Cycle Loss:, 17.760679, MSE: 215.828522, RMSE: 14.691103, MAE: 6.781325, rot_MSE: 262.798309, rot_RMSE: 16.211056, rot_MAE: 12.790145, trans_MSE: 52.911034, trans_RMSE: 7.273997, trans_MAE: 4.598220
B--------->A
EPOCH:: 20, Loss: 70.721905, MSE: 155.857888, RMSE: 12.484306, MAE: 6.596622, rot_MSE: 363.340698, rot_RMSE: 19.061499, rot_MAE: 14.731750, trans_MSE: 176.505157, trans_RMSE: 13.285524, trans_MAE: 7.581262
==TEST==
A--------->B
EPOCH:: 20, Loss: 61.813202, Cycle Loss: 13.678994, MSE: 177.825437, RMSE: 13.335120, MAE: 6.102215, rot_MSE: 229.719742, rot_RMSE: 15.156508, rot_MAE: 11.708509, trans_MSE: 48.091656, trans_RMSE: 6.934815, trans_MAE: 3.809932
B--------->A
EPOCH:: 20, Loss: 61.813202, MSE: 143.700694, RMSE: 11.987522, MAE: 5.985993, rot_MSE: 270.546448, rot_RMSE: 16.448296, rot_MAE: 12.724378, trans_MSE: 105.848366, trans_RMSE: 10.288263, trans_MAE: 5.356036
==BEST TEST==
A--------->B
EPOCH:: 20, Loss: 38.904848, Cycle Loss: 10.048408, MSE: 172.730678, RMSE: 13.142704, MAE: 6.002085, rot_MSE: 201.255554, rot_RMSE: 14.186457, rot_MAE: 11.015644, trans_MSE: 28.817141, trans_RMSE: 5.368160, trans_MAE: 3.443971
B--------->A
EPOCH:: 20, Loss: 38.904848, MSE: 141.557043, RMSE: 11.897775, MAE: 5.922367, rot_MSE: 253.077087, rot_RMSE: 15.908397, rot_MAE: 12.504008, trans_MSE: 97.480186, trans_RMSE: 9.873205, trans_MAE: 5.396526
==TRAIN==
A--------->B
EPOCH:: 21, Loss: 106.384176, Cycle Loss:, 26.498777, MSE: 212.292164, RMSE: 14.570249, MAE: 6.767770, rot_MSE: 453.501678, rot_RMSE: 21.295578, rot_MAE: 15.550582, trans_MSE: 79.810760, trans_RMSE: 8.933687, trans_MAE: 5.507271
B--------->A
EPOCH:: 21, Loss: 106.384176, MSE: 158.845912, RMSE: 12.603409, MAE: 6.638776, rot_MSE: 598.524841, rot_RMSE: 24.464767, rot_MAE: 17.787239, trans_MSE: 217.139435, trans_RMSE: 14.735652, trans_MAE: 8.708723
==TEST==
A--------->B
EPOCH:: 21, Loss: 95.408096, Cycle Loss: 21.995124, MSE: 178.552199, RMSE: 13.362343, MAE: 6.153097, rot_MSE: 361.039856, rot_RMSE: 19.001049, rot_MAE: 14.145823, trans_MSE: 73.346260, trans_RMSE: 8.564243, trans_MAE: 4.932405
B--------->A
EPOCH:: 21, Loss: 95.408096, MSE: 141.855819, RMSE: 11.910324, MAE: 5.888149, rot_MSE: 474.379822, rot_RMSE: 21.780262, rot_MAE: 16.003832, trans_MSE: 149.234482, trans_RMSE: 12.216157, trans_MAE: 6.863705
==BEST TEST==
A--------->B
EPOCH:: 21, Loss: 38.904848, Cycle Loss: 10.048408, MSE: 172.730678, RMSE: 13.142704, MAE: 6.002085, rot_MSE: 201.255554, rot_RMSE: 14.186457, rot_MAE: 11.015644, trans_MSE: 28.817141, trans_RMSE: 5.368160, trans_MAE: 3.443971
B--------->A
EPOCH:: 21, Loss: 38.904848, MSE: 141.557043, RMSE: 11.897775, MAE: 5.922367, rot_MSE: 253.077087, rot_RMSE: 15.908397, rot_MAE: 12.504008, trans_MSE: 97.480186, trans_RMSE: 9.873205, trans_MAE: 5.396526
==TRAIN==
A--------->B
EPOCH:: 22, Loss: 157.467618, Cycle Loss:, 35.055386, MSE: 207.941643, RMSE: 14.420182, MAE: 6.749746, rot_MSE: 608.289856, rot_RMSE: 24.663532, rot_MAE: 18.311186, trans_MSE: 122.310425, trans_RMSE: 11.059404, trans_MAE: 6.860482
B--------->A
EPOCH:: 22, Loss: 157.467618, MSE: 158.208508, RMSE: 12.578096, MAE: 6.637797, rot_MSE: 701.117737, rot_RMSE: 26.478628, rot_MAE: 19.804888, trans_MSE: 254.668945, trans_RMSE: 15.958350, trans_MAE: 9.735521
==TEST==
A--------->B
EPOCH:: 22, Loss: 118.217601, Cycle Loss: 29.733479, MSE: 185.256919, RMSE: 13.610912, MAE: 6.226397, rot_MSE: 652.891113, rot_RMSE: 25.551735, rot_MAE: 18.991360, trans_MSE: 88.374290, trans_RMSE: 9.400760, trans_MAE: 6.219107
B--------->A
EPOCH:: 22, Loss: 118.217601, MSE: 144.284870, RMSE: 12.011864, MAE: 5.999802, rot_MSE: 756.387573, rot_RMSE: 27.502501, rot_MAE: 20.202267, trans_MSE: 199.486298, trans_RMSE: 14.123961, trans_MAE: 8.194466
==BEST TEST==
A--------->B
EPOCH:: 22, Loss: 38.904848, Cycle Loss: 10.048408, MSE: 172.730678, RMSE: 13.142704, MAE: 6.002085, rot_MSE: 201.255554, rot_RMSE: 14.186457, rot_MAE: 11.015644, trans_MSE: 28.817141, trans_RMSE: 5.368160, trans_MAE: 3.443971
B--------->A
EPOCH:: 22, Loss: 38.904848, MSE: 141.557043, RMSE: 11.897775, MAE: 5.922367, rot_MSE: 253.077087, rot_RMSE: 15.908397, rot_MAE: 12.504008, trans_MSE: 97.480186, trans_RMSE: 9.873205, trans_MAE: 5.396526
==TRAIN==
A--------->B
EPOCH:: 23, Loss: 189.074842, Cycle Loss:, 37.119826, MSE: 204.148242, RMSE: 14.288045, MAE: 6.735550, rot_MSE: 710.507935, rot_RMSE: 26.655355, rot_MAE: 19.865845, trans_MSE: 151.839752, trans_RMSE: 12.322328, trans_MAE: 7.721061
B--------->A
EPOCH:: 23, Loss: 189.074842, MSE: 158.679317, RMSE: 12.596798, MAE: 6.633694, rot_MSE: 848.220642, rot_RMSE: 29.124228, rot_MAE: 21.963610, trans_MSE: 281.215607, trans_RMSE: 16.769484, trans_MAE: 10.161557
==TEST==
A--------->B
EPOCH:: 23, Loss: 173.445310, Cycle Loss: 40.715852, MSE: 175.021756, RMSE: 13.229579, MAE: 6.065819, rot_MSE: 1016.547180, rot_RMSE: 31.883337, rot_MAE: 22.276100, trans_MSE: 132.584488, trans_RMSE: 11.514534, trans_MAE: 7.595262
B--------->A
EPOCH:: 23, Loss: 173.445310, MSE: 143.552161, RMSE: 11.981326, MAE: 5.951591, rot_MSE: 1069.733765, rot_RMSE: 32.706783, rot_MAE: 23.839117, trans_MSE: 238.919312, trans_RMSE: 15.457015, trans_MAE: 9.375213
==BEST TEST==
A--------->B
EPOCH:: 23, Loss: 38.904848, Cycle Loss: 10.048408, MSE: 172.730678, RMSE: 13.142704, MAE: 6.002085, rot_MSE: 201.255554, rot_RMSE: 14.186457, rot_MAE: 11.015644, trans_MSE: 28.817141, trans_RMSE: 5.368160, trans_MAE: 3.443971
B--------->A
EPOCH:: 23, Loss: 38.904848, MSE: 141.557043, RMSE: 11.897775, MAE: 5.922367, rot_MSE: 253.077087, rot_RMSE: 15.908397, rot_MAE: 12.504008, trans_MSE: 97.480186, trans_RMSE: 9.873205, trans_MAE: 5.396526
==TRAIN==
A--------->B
EPOCH:: 24, Loss: 191.051385, Cycle Loss:, 38.629832, MSE: 206.914827, RMSE: 14.384534, MAE: 6.777539, rot_MSE: 873.370728, rot_RMSE: 29.552847, rot_MAE: 21.126842, trans_MSE: 152.291733, trans_RMSE: 12.340653, trans_MAE: 7.905112
B--------->A
EPOCH:: 24, Loss: 191.051385, MSE: 158.481791, RMSE: 12.588955, MAE: 6.628549, rot_MSE: 953.324280, rot_RMSE: 30.875950, rot_MAE: 22.949352, trans_MSE: 271.281891, trans_RMSE: 16.470636, trans_MAE: 10.405110
==TEST==
A--------->B
EPOCH:: 24, Loss: 110.642915, Cycle Loss: 25.921148, MSE: 176.811638, RMSE: 13.297054, MAE: 6.033482, rot_MSE: 587.688293, rot_RMSE: 24.242283, rot_MAE: 17.541645, trans_MSE: 84.625557, trans_RMSE: 9.199215, trans_MAE: 5.857474
B--------->A
EPOCH:: 24, Loss: 110.642915, MSE: 141.609602, RMSE: 11.899983, MAE: 5.888137, rot_MSE: 654.041992, rot_RMSE: 25.574245, rot_MAE: 18.777489, trans_MSE: 167.601562, trans_RMSE: 12.946102, trans_MAE: 7.669899
==BEST TEST==
A--------->B
EPOCH:: 24, Loss: 38.904848, Cycle Loss: 10.048408, MSE: 172.730678, RMSE: 13.142704, MAE: 6.002085, rot_MSE: 201.255554, rot_RMSE: 14.186457, rot_MAE: 11.015644, trans_MSE: 28.817141, trans_RMSE: 5.368160, trans_MAE: 3.443971
B--------->A
EPOCH:: 24, Loss: 38.904848, MSE: 141.557043, RMSE: 11.897775, MAE: 5.922367, rot_MSE: 253.077087, rot_RMSE: 15.908397, rot_MAE: 12.504008, trans_MSE: 97.480186, trans_RMSE: 9.873205, trans_MAE: 5.396526
==TRAIN==
A--------->B
EPOCH:: 25, Loss: 148.586122, Cycle Loss:, 32.906058, MSE: 209.446703, RMSE: 14.472274, MAE: 6.730225, rot_MSE: 804.941589, rot_RMSE: 28.371492, rot_MAE: 20.451540, trans_MSE: 115.557022, trans_RMSE: 10.749745, trans_MAE: 7.165174
B--------->A
EPOCH:: 25, Loss: 148.586122, MSE: 156.099095, RMSE: 12.493962, MAE: 6.582894, rot_MSE: 878.018066, rot_RMSE: 29.631371, rot_MAE: 21.734804, trans_MSE: 251.383209, trans_RMSE: 15.855069, trans_MAE: 10.000924
==TEST==
A--------->B
EPOCH:: 25, Loss: 80.520527, Cycle Loss: 18.679188, MSE: 177.423869, RMSE: 13.320055, MAE: 6.017866, rot_MSE: 508.168610, rot_RMSE: 22.542595, rot_MAE: 16.536987, trans_MSE: 61.753658, trans_RMSE: 7.858350, trans_MAE: 5.406801
B--------->A
EPOCH:: 25, Loss: 80.520527, MSE: 140.955891, RMSE: 11.872485, MAE: 5.875692, rot_MSE: 579.951782, rot_RMSE: 24.082188, rot_MAE: 17.982264, trans_MSE: 139.470001, trans_RMSE: 11.809742, trans_MAE: 7.371441
==BEST TEST==
A--------->B
EPOCH:: 25, Loss: 38.904848, Cycle Loss: 10.048408, MSE: 172.730678, RMSE: 13.142704, MAE: 6.002085, rot_MSE: 201.255554, rot_RMSE: 14.186457, rot_MAE: 11.015644, trans_MSE: 28.817141, trans_RMSE: 5.368160, trans_MAE: 3.443971
B--------->A
EPOCH:: 25, Loss: 38.904848, MSE: 141.557043, RMSE: 11.897775, MAE: 5.922367, rot_MSE: 253.077087, rot_RMSE: 15.908397, rot_MAE: 12.504008, trans_MSE: 97.480186, trans_RMSE: 9.873205, trans_MAE: 5.396526
==TRAIN==
A--------->B
EPOCH:: 26, Loss: 126.768155, Cycle Loss:, 27.097353, MSE: 209.417298, RMSE: 14.471258, MAE: 6.701601, rot_MSE: 610.573853, rot_RMSE: 24.709793, rot_MAE: 18.204771, trans_MSE: 99.568779, trans_RMSE: 9.978415, trans_MAE: 6.469121
B--------->A
EPOCH:: 26, Loss: 126.768155, MSE: 155.531308, RMSE: 12.471219, MAE: 6.563014, rot_MSE: 728.988342, rot_RMSE: 26.999784, rot_MAE: 19.891144, trans_MSE: 226.361313, trans_RMSE: 15.045309, trans_MAE: 9.370396
==TEST==
A--------->B
EPOCH:: 26, Loss: 70.499721, Cycle Loss: 17.968608, MSE: 180.517625, RMSE: 13.435685, MAE: 6.048427, rot_MSE: 445.319031, rot_RMSE: 21.102583, rot_MAE: 15.447532, trans_MSE: 52.455170, trans_RMSE: 7.242594, trans_MAE: 4.691242
B--------->A
EPOCH:: 26, Loss: 70.499721, MSE: 141.846680, RMSE: 11.909940, MAE: 5.905121, rot_MSE: 507.867584, rot_RMSE: 22.535917, rot_MAE: 16.732922, trans_MSE: 128.115265, trans_RMSE: 11.318801, trans_MAE: 6.817159
==BEST TEST==
A--------->B
EPOCH:: 26, Loss: 38.904848, Cycle Loss: 10.048408, MSE: 172.730678, RMSE: 13.142704, MAE: 6.002085, rot_MSE: 201.255554, rot_RMSE: 14.186457, rot_MAE: 11.015644, trans_MSE: 28.817141, trans_RMSE: 5.368160, trans_MAE: 3.443971
B--------->A
EPOCH:: 26, Loss: 38.904848, MSE: 141.557043, RMSE: 11.897775, MAE: 5.922367, rot_MSE: 253.077087, rot_RMSE: 15.908397, rot_MAE: 12.504008, trans_MSE: 97.480186, trans_RMSE: 9.873205, trans_MAE: 5.396526
==TRAIN==
A--------->B
EPOCH:: 27, Loss: 132.337402, Cycle Loss:, 29.042246, MSE: 204.633229, RMSE: 14.305007, MAE: 6.635262, rot_MSE: 835.448242, rot_RMSE: 28.904121, rot_MAE: 20.310831, trans_MSE: 103.173500, trans_RMSE: 10.157435, trans_MAE: 6.773645
B--------->A
EPOCH:: 27, Loss: 132.337402, MSE: 152.003086, RMSE: 12.328953, MAE: 6.488528, rot_MSE: 905.365295, rot_RMSE: 30.089289, rot_MAE: 21.433056, trans_MSE: 238.906815, trans_RMSE: 15.456611, trans_MAE: 9.712224
==TEST==
A--------->B
EPOCH:: 27, Loss: 92.481964, Cycle Loss: 24.168590, MSE: 179.346980, RMSE: 13.392049, MAE: 6.062945, rot_MSE: 779.770386, rot_RMSE: 27.924370, rot_MAE: 18.993952, trans_MSE: 68.198845, trans_RMSE: 8.258259, trans_MAE: 5.618125
B--------->A
EPOCH:: 27, Loss: 92.481964, MSE: 141.932685, RMSE: 11.913550, MAE: 5.871117, rot_MSE: 864.143677, rot_RMSE: 29.396320, rot_MAE: 20.222183, trans_MSE: 177.215668, trans_RMSE: 13.312238, trans_MAE: 8.163292
==BEST TEST==
A--------->B
EPOCH:: 27, Loss: 38.904848, Cycle Loss: 10.048408, MSE: 172.730678, RMSE: 13.142704, MAE: 6.002085, rot_MSE: 201.255554, rot_RMSE: 14.186457, rot_MAE: 11.015644, trans_MSE: 28.817141, trans_RMSE: 5.368160, trans_MAE: 3.443971
B--------->A
EPOCH:: 27, Loss: 38.904848, MSE: 141.557043, RMSE: 11.897775, MAE: 5.922367, rot_MSE: 253.077087, rot_RMSE: 15.908397, rot_MAE: 12.504008, trans_MSE: 97.480186, trans_RMSE: 9.873205, trans_MAE: 5.396526
==TRAIN==
A--------->B
EPOCH:: 28, Loss: 129.131893, Cycle Loss:, 29.229865, MSE: 211.974917, RMSE: 14.559358, MAE: 6.716509, rot_MSE: 865.623779, rot_RMSE: 29.421486, rot_MAE: 20.474743, trans_MSE: 99.776924, trans_RMSE: 9.988840, trans_MAE: 6.736686
B--------->A
EPOCH:: 28, Loss: 129.131893, MSE: 155.187926, RMSE: 12.457445, MAE: 6.549052, rot_MSE: 924.343750, rot_RMSE: 30.403023, rot_MAE: 21.543423, trans_MSE: 239.068726, trans_RMSE: 15.461847, trans_MAE: 9.755464
==TEST==
A--------->B
EPOCH:: 28, Loss: 88.332815, Cycle Loss: 19.932949, MSE: 174.133923, RMSE: 13.195981, MAE: 5.968423, rot_MSE: 671.739075, rot_RMSE: 25.917929, rot_MAE: 18.521049, trans_MSE: 68.289574, trans_RMSE: 8.263751, trans_MAE: 5.675343
B--------->A
EPOCH:: 28, Loss: 88.332815, MSE: 139.708781, RMSE: 11.819847, MAE: 5.834410, rot_MSE: 712.858276, rot_RMSE: 26.699406, rot_MAE: 19.339279, trans_MSE: 161.134735, trans_RMSE: 12.693886, trans_MAE: 7.812664
==BEST TEST==
A--------->B
EPOCH:: 28, Loss: 38.904848, Cycle Loss: 10.048408, MSE: 172.730678, RMSE: 13.142704, MAE: 6.002085, rot_MSE: 201.255554, rot_RMSE: 14.186457, rot_MAE: 11.015644, trans_MSE: 28.817141, trans_RMSE: 5.368160, trans_MAE: 3.443971
B--------->A
EPOCH:: 28, Loss: 38.904848, MSE: 141.557043, RMSE: 11.897775, MAE: 5.922367, rot_MSE: 253.077087, rot_RMSE: 15.908397, rot_MAE: 12.504008, trans_MSE: 97.480186, trans_RMSE: 9.873205, trans_MAE: 5.396526
==TRAIN==
A--------->B
EPOCH:: 29, Loss: 123.001997, Cycle Loss:, 26.935329, MSE: 208.482285, RMSE: 14.438916, MAE: 6.699638, rot_MSE: 790.746704, rot_RMSE: 28.120218, rot_MAE: 19.787231, trans_MSE: 95.950348, trans_RMSE: 9.795424, trans_MAE: 6.532816
B--------->A
EPOCH:: 29, Loss: 123.001997, MSE: 154.268173, RMSE: 12.420474, MAE: 6.551552, rot_MSE: 1000.117554, rot_RMSE: 31.624636, rot_MAE: 22.425558, trans_MSE: 240.755295, trans_RMSE: 15.516292, trans_MAE: 9.900024
==TEST==
A--------->B
EPOCH:: 29, Loss: 79.275315, Cycle Loss: 18.907357, MSE: 175.431352, RMSE: 13.245050, MAE: 5.992614, rot_MSE: 668.477234, rot_RMSE: 25.854927, rot_MAE: 17.811317, trans_MSE: 60.265053, trans_RMSE: 7.763057, trans_MAE: 5.227353
B--------->A
EPOCH:: 29, Loss: 79.275315, MSE: 139.852239, RMSE: 11.825914, MAE: 5.818510, rot_MSE: 742.505066, rot_RMSE: 27.248945, rot_MAE: 19.084616, trans_MSE: 141.672623, trans_RMSE: 11.902631, trans_MAE: 7.244949
==BEST TEST==
A--------->B
EPOCH:: 29, Loss: 38.904848, Cycle Loss: 10.048408, MSE: 172.730678, RMSE: 13.142704, MAE: 6.002085, rot_MSE: 201.255554, rot_RMSE: 14.186457, rot_MAE: 11.015644, trans_MSE: 28.817141, trans_RMSE: 5.368160, trans_MAE: 3.443971
B--------->A
EPOCH:: 29, Loss: 38.904848, MSE: 141.557043, RMSE: 11.897775, MAE: 5.922367, rot_MSE: 253.077087, rot_RMSE: 15.908397, rot_MAE: 12.504008, trans_MSE: 97.480186, trans_RMSE: 9.873205, trans_MAE: 5.396526
==TRAIN==
A--------->B
EPOCH:: 30, Loss: 107.766696, Cycle Loss:, 25.773850, MSE: 211.831007, RMSE: 14.554415, MAE: 6.724641, rot_MSE: 739.118408, rot_RMSE: 27.186731, rot_MAE: 19.373482, trans_MSE: 81.877892, trans_RMSE: 9.048640, trans_MAE: 6.293005
B--------->A
EPOCH:: 30, Loss: 107.766696, MSE: 153.777980, RMSE: 12.400725, MAE: 6.555169, rot_MSE: 899.489075, rot_RMSE: 29.991484, rot_MAE: 21.468716, trans_MSE: 233.033035, trans_RMSE: 15.265420, trans_MAE: 9.639542
==TEST==
A--------->B
EPOCH:: 30, Loss: 74.903090, Cycle Loss: 18.491026, MSE: 175.039363, RMSE: 13.230244, MAE: 6.001660, rot_MSE: 609.886597, rot_RMSE: 24.695883, rot_MAE: 17.575636, trans_MSE: 56.311245, trans_RMSE: 7.504082, trans_MAE: 5.135428
B--------->A
EPOCH:: 30, Loss: 74.903090, MSE: 139.538619, RMSE: 11.812647, MAE: 5.824056, rot_MSE: 626.744324, rot_RMSE: 25.034863, rot_MAE: 18.560202, trans_MSE: 141.954117, trans_RMSE: 11.914450, trans_MAE: 7.323252
==BEST TEST==
A--------->B
EPOCH:: 30, Loss: 38.904848, Cycle Loss: 10.048408, MSE: 172.730678, RMSE: 13.142704, MAE: 6.002085, rot_MSE: 201.255554, rot_RMSE: 14.186457, rot_MAE: 11.015644, trans_MSE: 28.817141, trans_RMSE: 5.368160, trans_MAE: 3.443971
B--------->A
EPOCH:: 30, Loss: 38.904848, MSE: 141.557043, RMSE: 11.897775, MAE: 5.922367, rot_MSE: 253.077087, rot_RMSE: 15.908397, rot_MAE: 12.504008, trans_MSE: 97.480186, trans_RMSE: 9.873205, trans_MAE: 5.396526
==TRAIN==
A--------->B
EPOCH:: 31, Loss: 98.748663, Cycle Loss:, 24.003455, MSE: 209.126855, RMSE: 14.461219, MAE: 6.691323, rot_MSE: 684.936707, rot_RMSE: 26.171295, rot_MAE: 18.407257, trans_MSE: 74.640617, trans_RMSE: 8.639481, trans_MAE: 6.058093
B--------->A
EPOCH:: 31, Loss: 98.748663, MSE: 153.461771, RMSE: 12.387969, MAE: 6.530296, rot_MSE: 751.870850, rot_RMSE: 27.420263, rot_MAE: 19.803324, trans_MSE: 215.660675, trans_RMSE: 14.685390, trans_MAE: 9.218328
==TEST==
A--------->B
EPOCH:: 31, Loss: 63.344918, Cycle Loss: 16.504661, MSE: 174.559004, RMSE: 13.212078, MAE: 5.997648, rot_MSE: 461.148407, rot_RMSE: 21.474367, rot_MAE: 15.662672, trans_MSE: 46.760017, trans_RMSE: 6.838130, trans_MAE: 4.618589
B--------->A
EPOCH:: 31, Loss: 63.344918, MSE: 139.433525, RMSE: 11.808197, MAE: 5.829255, rot_MSE: 543.429565, rot_RMSE: 23.311575, rot_MAE: 17.322868, trans_MSE: 145.829758, trans_RMSE: 12.075999, trans_MAE: 7.049938
==BEST TEST==
A--------->B
EPOCH:: 31, Loss: 38.904848, Cycle Loss: 10.048408, MSE: 172.730678, RMSE: 13.142704, MAE: 6.002085, rot_MSE: 201.255554, rot_RMSE: 14.186457, rot_MAE: 11.015644, trans_MSE: 28.817141, trans_RMSE: 5.368160, trans_MAE: 3.443971
B--------->A
EPOCH:: 31, Loss: 38.904848, MSE: 141.557043, RMSE: 11.897775, MAE: 5.922367, rot_MSE: 253.077087, rot_RMSE: 15.908397, rot_MAE: 12.504008, trans_MSE: 97.480186, trans_RMSE: 9.873205, trans_MAE: 5.396526
==TRAIN==
A--------->B
EPOCH:: 32, Loss: 103.206405, Cycle Loss:, 25.458474, MSE: 210.281831, RMSE: 14.501098, MAE: 6.694359, rot_MSE: 653.863831, rot_RMSE: 25.570761, rot_MAE: 18.010225, trans_MSE: 77.647957, trans_RMSE: 8.811808, trans_MAE: 5.998528
B--------->A
EPOCH:: 32, Loss: 103.206405, MSE: 153.293873, RMSE: 12.381190, MAE: 6.521876, rot_MSE: 771.875366, rot_RMSE: 27.782644, rot_MAE: 20.415953, trans_MSE: 226.767517, trans_RMSE: 15.058802, trans_MAE: 9.247643
==TEST==
A--------->B
EPOCH:: 32, Loss: 71.177460, Cycle Loss: 15.272596, MSE: 175.240659, RMSE: 13.237849, MAE: 5.976784, rot_MSE: 640.753296, rot_RMSE: 25.313105, rot_MAE: 17.294691, trans_MSE: 55.805813, trans_RMSE: 7.470329, trans_MAE: 4.950436
B--------->A
EPOCH:: 32, Loss: 71.177460, MSE: 138.904185, RMSE: 11.785762, MAE: 5.838370, rot_MSE: 677.020508, rot_RMSE: 26.019617, rot_MAE: 18.131100, trans_MSE: 121.989456, trans_RMSE: 11.044884, trans_MAE: 6.894671
==BEST TEST==
A--------->B
EPOCH:: 32, Loss: 38.904848, Cycle Loss: 10.048408, MSE: 172.730678, RMSE: 13.142704, MAE: 6.002085, rot_MSE: 201.255554, rot_RMSE: 14.186457, rot_MAE: 11.015644, trans_MSE: 28.817141, trans_RMSE: 5.368160, trans_MAE: 3.443971
B--------->A
EPOCH:: 32, Loss: 38.904848, MSE: 141.557043, RMSE: 11.897775, MAE: 5.922367, rot_MSE: 253.077087, rot_RMSE: 15.908397, rot_MAE: 12.504008, trans_MSE: 97.480186, trans_RMSE: 9.873205, trans_MAE: 5.396526
==TRAIN==
A--------->B
EPOCH:: 33, Loss: 102.566865, Cycle Loss:, 23.049962, MSE: 210.249691, RMSE: 14.499989, MAE: 6.670646, rot_MSE: 578.004517, rot_RMSE: 24.041725, rot_MAE: 17.609762, trans_MSE: 79.420311, trans_RMSE: 8.911807, trans_MAE: 6.010963
B--------->A
EPOCH:: 33, Loss: 102.566865, MSE: 153.289473, RMSE: 12.381013, MAE: 6.510404, rot_MSE: 699.184875, rot_RMSE: 26.442104, rot_MAE: 19.489876, trans_MSE: 217.839218, trans_RMSE: 14.759377, trans_MAE: 9.062334
==TEST==
A--------->B
EPOCH:: 33, Loss: 61.859183, Cycle Loss: 14.409296, MSE: 176.679421, RMSE: 13.292081, MAE: 5.979149, rot_MSE: 434.931610, rot_RMSE: 20.855015, rot_MAE: 15.156856, trans_MSE: 47.374622, trans_RMSE: 6.882923, trans_MAE: 4.672169
B--------->A
EPOCH:: 33, Loss: 61.859183, MSE: 138.994026, RMSE: 11.789573, MAE: 5.815660, rot_MSE: 512.371765, rot_RMSE: 22.635630, rot_MAE: 16.468113, trans_MSE: 126.066162, trans_RMSE: 11.227919, trans_MAE: 6.653952
==BEST TEST==
A--------->B
EPOCH:: 33, Loss: 38.904848, Cycle Loss: 10.048408, MSE: 172.730678, RMSE: 13.142704, MAE: 6.002085, rot_MSE: 201.255554, rot_RMSE: 14.186457, rot_MAE: 11.015644, trans_MSE: 28.817141, trans_RMSE: 5.368160, trans_MAE: 3.443971
B--------->A
EPOCH:: 33, Loss: 38.904848, MSE: 141.557043, RMSE: 11.897775, MAE: 5.922367, rot_MSE: 253.077087, rot_RMSE: 15.908397, rot_MAE: 12.504008, trans_MSE: 97.480186, trans_RMSE: 9.873205, trans_MAE: 5.396526
==TRAIN==
A--------->B
EPOCH:: 34, Loss: 98.815868, Cycle Loss:, 22.764482, MSE: 205.362187, RMSE: 14.330464, MAE: 6.650268, rot_MSE: 520.782959, rot_RMSE: 22.820669, rot_MAE: 16.841423, trans_MSE: 75.962738, trans_RMSE: 8.715660, trans_MAE: 5.986824
B--------->A
EPOCH:: 34, Loss: 98.815868, MSE: 153.131579, RMSE: 12.374634, MAE: 6.502728, rot_MSE: 646.618164, rot_RMSE: 25.428688, rot_MAE: 18.738380, trans_MSE: 208.006012, trans_RMSE: 14.422414, trans_MAE: 8.903613
==TEST==
A--------->B
EPOCH:: 34, Loss: 72.658677, Cycle Loss: 16.889948, MSE: 176.001603, RMSE: 13.266560, MAE: 5.994074, rot_MSE: 412.543823, rot_RMSE: 20.311174, rot_MAE: 14.838041, trans_MSE: 55.696651, trans_RMSE: 7.463019, trans_MAE: 4.643886
B--------->A
EPOCH:: 34, Loss: 72.658677, MSE: 140.237755, RMSE: 11.842202, MAE: 5.862578, rot_MSE: 540.865112, rot_RMSE: 23.256506, rot_MAE: 16.807125, trans_MSE: 136.613998, trans_RMSE: 11.688199, trans_MAE: 6.785261
==BEST TEST==
A--------->B
EPOCH:: 34, Loss: 38.904848, Cycle Loss: 10.048408, MSE: 172.730678, RMSE: 13.142704, MAE: 6.002085, rot_MSE: 201.255554, rot_RMSE: 14.186457, rot_MAE: 11.015644, trans_MSE: 28.817141, trans_RMSE: 5.368160, trans_MAE: 3.443971
B--------->A
EPOCH:: 34, Loss: 38.904848, MSE: 141.557043, RMSE: 11.897775, MAE: 5.922367, rot_MSE: 253.077087, rot_RMSE: 15.908397, rot_MAE: 12.504008, trans_MSE: 97.480186, trans_RMSE: 9.873205, trans_MAE: 5.396526
==TRAIN==
A--------->B
EPOCH:: 35, Loss: 99.561649, Cycle Loss:, 25.648932, MSE: 214.677652, RMSE: 14.651882, MAE: 6.717480, rot_MSE: 562.141846, rot_RMSE: 23.709530, rot_MAE: 17.303764, trans_MSE: 73.818481, trans_RMSE: 8.591768, trans_MAE: 5.895221
B--------->A
EPOCH:: 35, Loss: 99.561649, MSE: 153.590323, RMSE: 12.393156, MAE: 6.534715, rot_MSE: 740.342163, rot_RMSE: 27.209229, rot_MAE: 19.596212, trans_MSE: 224.417145, trans_RMSE: 14.980559, trans_MAE: 9.270075
==TEST==
A--------->B
EPOCH:: 35, Loss: 74.288722, Cycle Loss: 18.736900, MSE: 174.614808, RMSE: 13.214190, MAE: 5.998547, rot_MSE: 484.953613, rot_RMSE: 22.021662, rot_MAE: 15.214989, trans_MSE: 55.475056, trans_RMSE: 7.448158, trans_MAE: 4.740205
B--------->A
EPOCH:: 35, Loss: 74.288722, MSE: 139.106508, RMSE: 11.794342, MAE: 5.802941, rot_MSE: 677.526917, rot_RMSE: 26.029346, rot_MAE: 18.049807, trans_MSE: 143.215302, trans_RMSE: 11.967259, trans_MAE: 6.924403
==BEST TEST==
A--------->B
EPOCH:: 35, Loss: 38.904848, Cycle Loss: 10.048408, MSE: 172.730678, RMSE: 13.142704, MAE: 6.002085, rot_MSE: 201.255554, rot_RMSE: 14.186457, rot_MAE: 11.015644, trans_MSE: 28.817141, trans_RMSE: 5.368160, trans_MAE: 3.443971
B--------->A
EPOCH:: 35, Loss: 38.904848, MSE: 141.557043, RMSE: 11.897775, MAE: 5.922367, rot_MSE: 253.077087, rot_RMSE: 15.908397, rot_MAE: 12.504008, trans_MSE: 97.480186, trans_RMSE: 9.873205, trans_MAE: 5.396526
==TRAIN==
A--------->B
EPOCH:: 36, Loss: 109.334210, Cycle Loss:, 24.793823, MSE: 206.547107, RMSE: 14.371747, MAE: 6.654770, rot_MSE: 621.508057, rot_RMSE: 24.930063, rot_MAE: 17.649258, trans_MSE: 84.445831, trans_RMSE: 9.189442, trans_MAE: 6.102890
B--------->A
EPOCH:: 36, Loss: 109.334210, MSE: 152.028501, RMSE: 12.329984, MAE: 6.490782, rot_MSE: 741.396362, rot_RMSE: 27.228594, rot_MAE: 19.449751, trans_MSE: 215.595398, trans_RMSE: 14.683167, trans_MAE: 9.067339
==TEST==
A--------->B
EPOCH:: 36, Loss: 68.331010, Cycle Loss: 16.334813, MSE: 173.459690, RMSE: 13.170410, MAE: 5.969486, rot_MSE: 457.178772, rot_RMSE: 21.381739, rot_MAE: 15.029471, trans_MSE: 51.922085, trans_RMSE: 7.205698, trans_MAE: 4.634862
B--------->A
EPOCH:: 36, Loss: 68.331010, MSE: 138.847171, RMSE: 11.783343, MAE: 5.813314, rot_MSE: 568.669922, rot_RMSE: 23.846802, rot_MAE: 16.740580, trans_MSE: 137.003540, trans_RMSE: 11.704851, trans_MAE: 6.794974
==BEST TEST==
A--------->B
EPOCH:: 36, Loss: 38.904848, Cycle Loss: 10.048408, MSE: 172.730678, RMSE: 13.142704, MAE: 6.002085, rot_MSE: 201.255554, rot_RMSE: 14.186457, rot_MAE: 11.015644, trans_MSE: 28.817141, trans_RMSE: 5.368160, trans_MAE: 3.443971
B--------->A
EPOCH:: 36, Loss: 38.904848, MSE: 141.557043, RMSE: 11.897775, MAE: 5.922367, rot_MSE: 253.077087, rot_RMSE: 15.908397, rot_MAE: 12.504008, trans_MSE: 97.480186, trans_RMSE: 9.873205, trans_MAE: 5.396526
==TRAIN==
A--------->B
EPOCH:: 37, Loss: 107.135570, Cycle Loss:, 23.038067, MSE: 212.295487, RMSE: 14.570363, MAE: 6.711782, rot_MSE: 463.011230, rot_RMSE: 21.517696, rot_MAE: 16.141241, trans_MSE: 84.016670, trans_RMSE: 9.166060, trans_MAE: 5.980159
B--------->A
EPOCH:: 37, Loss: 107.135570, MSE: 154.761815, RMSE: 12.440330, MAE: 6.552331, rot_MSE: 588.018921, rot_RMSE: 24.249102, rot_MAE: 17.924038, trans_MSE: 218.239365, trans_RMSE: 14.772926, trans_MAE: 8.991859
==TEST==
A--------->B
EPOCH:: 37, Loss: 66.856403, Cycle Loss: 16.368157, MSE: 176.537730, RMSE: 13.286750, MAE: 6.012931, rot_MSE: 386.159851, rot_RMSE: 19.650949, rot_MAE: 14.197078, trans_MSE: 50.422058, trans_RMSE: 7.100849, trans_MAE: 4.577473
B--------->A
EPOCH:: 37, Loss: 66.856403, MSE: 139.828467, RMSE: 11.824909, MAE: 5.864518, rot_MSE: 522.990540, rot_RMSE: 22.868986, rot_MAE: 16.520100, trans_MSE: 145.458633, trans_RMSE: 12.060623, trans_MAE: 6.856755
==BEST TEST==
A--------->B
EPOCH:: 37, Loss: 38.904848, Cycle Loss: 10.048408, MSE: 172.730678, RMSE: 13.142704, MAE: 6.002085, rot_MSE: 201.255554, rot_RMSE: 14.186457, rot_MAE: 11.015644, trans_MSE: 28.817141, trans_RMSE: 5.368160, trans_MAE: 3.443971
B--------->A
EPOCH:: 37, Loss: 38.904848, MSE: 141.557043, RMSE: 11.897775, MAE: 5.922367, rot_MSE: 253.077087, rot_RMSE: 15.908397, rot_MAE: 12.504008, trans_MSE: 97.480186, trans_RMSE: 9.873205, trans_MAE: 5.396526
==TRAIN==
A--------->B
EPOCH:: 38, Loss: 115.023793, Cycle Loss:, 27.742772, MSE: 212.597213, RMSE: 14.580714, MAE: 6.708343, rot_MSE: 589.989319, rot_RMSE: 24.289696, rot_MAE: 17.426643, trans_MSE: 87.185745, trans_RMSE: 9.337331, trans_MAE: 6.155788
B--------->A
EPOCH:: 38, Loss: 115.023793, MSE: 155.085464, RMSE: 12.453331, MAE: 6.534936, rot_MSE: 733.963745, rot_RMSE: 27.091764, rot_MAE: 19.626417, trans_MSE: 234.867096, trans_RMSE: 15.325375, trans_MAE: 9.358691
==TEST==
A--------->B
EPOCH:: 38, Loss: 105.088046, Cycle Loss: 23.731215, MSE: 175.300041, RMSE: 13.240092, MAE: 6.003670, rot_MSE: 639.003601, rot_RMSE: 25.278521, rot_MAE: 17.528341, trans_MSE: 81.257309, trans_RMSE: 9.014283, trans_MAE: 5.819565
B--------->A
EPOCH:: 38, Loss: 105.088046, MSE: 143.801342, RMSE: 11.991720, MAE: 5.907336, rot_MSE: 840.274109, rot_RMSE: 28.987482, rot_MAE: 20.047342, trans_MSE: 183.291199, trans_RMSE: 13.538508, trans_MAE: 8.127324
==BEST TEST==
A--------->B
EPOCH:: 38, Loss: 38.904848, Cycle Loss: 10.048408, MSE: 172.730678, RMSE: 13.142704, MAE: 6.002085, rot_MSE: 201.255554, rot_RMSE: 14.186457, rot_MAE: 11.015644, trans_MSE: 28.817141, trans_RMSE: 5.368160, trans_MAE: 3.443971
B--------->A
EPOCH:: 38, Loss: 38.904848, MSE: 141.557043, RMSE: 11.897775, MAE: 5.922367, rot_MSE: 253.077087, rot_RMSE: 15.908397, rot_MAE: 12.504008, trans_MSE: 97.480186, trans_RMSE: 9.873205, trans_MAE: 5.396526
==TRAIN==
A--------->B
EPOCH:: 39, Loss: 125.436414, Cycle Loss:, 28.363344, MSE: 201.667970, RMSE: 14.200985, MAE: 6.603275, rot_MSE: 514.766052, rot_RMSE: 22.688456, rot_MAE: 16.734917, trans_MSE: 96.986275, trans_RMSE: 9.848161, trans_MAE: 6.248440
B--------->A
EPOCH:: 39, Loss: 125.436414, MSE: 152.359177, RMSE: 12.343386, MAE: 6.491045, rot_MSE: 642.252930, rot_RMSE: 25.342710, rot_MAE: 18.689524, trans_MSE: 233.492905, trans_RMSE: 15.280475, trans_MAE: 9.033559
==TEST==
A--------->B
EPOCH:: 39, Loss: 90.776788, Cycle Loss: 22.736479, MSE: 173.750954, RMSE: 13.181463, MAE: 5.964339, rot_MSE: 574.954529, rot_RMSE: 23.978209, rot_MAE: 16.433584, trans_MSE: 67.950523, trans_RMSE: 8.243211, trans_MAE: 5.280303
B--------->A
EPOCH:: 39, Loss: 90.776788, MSE: 141.805585, RMSE: 11.908215, MAE: 5.837552, rot_MSE: 641.544617, rot_RMSE: 25.328732, rot_MAE: 18.594984, trans_MSE: 178.531189, trans_RMSE: 13.361556, trans_MAE: 7.795463
==BEST TEST==
A--------->B
EPOCH:: 39, Loss: 38.904848, Cycle Loss: 10.048408, MSE: 172.730678, RMSE: 13.142704, MAE: 6.002085, rot_MSE: 201.255554, rot_RMSE: 14.186457, rot_MAE: 11.015644, trans_MSE: 28.817141, trans_RMSE: 5.368160, trans_MAE: 3.443971
B--------->A
EPOCH:: 39, Loss: 38.904848, MSE: 141.557043, RMSE: 11.897775, MAE: 5.922367, rot_MSE: 253.077087, rot_RMSE: 15.908397, rot_MAE: 12.504008, trans_MSE: 97.480186, trans_RMSE: 9.873205, trans_MAE: 5.396526
==TRAIN==
A--------->B
EPOCH:: 40, Loss: 123.040369, Cycle Loss:, 26.946275, MSE: 206.173734, RMSE: 14.358751, MAE: 6.660473, rot_MSE: 577.921326, rot_RMSE: 24.039995, rot_MAE: 17.364872, trans_MSE: 96.000565, trans_RMSE: 9.797988, trans_MAE: 6.294176
B--------->A
EPOCH:: 40, Loss: 123.040369, MSE: 154.334824, RMSE: 12.423157, MAE: 6.534974, rot_MSE: 661.626404, rot_RMSE: 25.722099, rot_MAE: 18.929516, trans_MSE: 231.328293, trans_RMSE: 15.209480, trans_MAE: 9.233328
==TEST==
A--------->B
EPOCH:: 40, Loss: 83.949558, Cycle Loss: 23.308879, MSE: 177.165049, RMSE: 13.310336, MAE: 6.024998, rot_MSE: 576.912354, rot_RMSE: 24.018999, rot_MAE: 16.382679, trans_MSE: 60.552277, trans_RMSE: 7.781534, trans_MAE: 5.029284
B--------->A
EPOCH:: 40, Loss: 83.949558, MSE: 141.004343, RMSE: 11.874525, MAE: 5.878424, rot_MSE: 610.562378, rot_RMSE: 24.709560, rot_MAE: 18.375011, trans_MSE: 169.733627, trans_RMSE: 13.028186, trans_MAE: 7.497405
==BEST TEST==
A--------->B
EPOCH:: 40, Loss: 38.904848, Cycle Loss: 10.048408, MSE: 172.730678, RMSE: 13.142704, MAE: 6.002085, rot_MSE: 201.255554, rot_RMSE: 14.186457, rot_MAE: 11.015644, trans_MSE: 28.817141, trans_RMSE: 5.368160, trans_MAE: 3.443971
B--------->A
EPOCH:: 40, Loss: 38.904848, MSE: 141.557043, RMSE: 11.897775, MAE: 5.922367, rot_MSE: 253.077087, rot_RMSE: 15.908397, rot_MAE: 12.504008, trans_MSE: 97.480186, trans_RMSE: 9.873205, trans_MAE: 5.396526
==TRAIN==
A--------->B
EPOCH:: 41, Loss: 93.666073, Cycle Loss:, 25.621759, MSE: 216.505956, RMSE: 14.714141, MAE: 6.743883, rot_MSE: 466.420319, rot_RMSE: 21.596766, rot_MAE: 16.265270, trans_MSE: 67.963120, trans_RMSE: 8.243975, trans_MAE: 5.738132
B--------->A
EPOCH:: 41, Loss: 93.666073, MSE: 155.490790, RMSE: 12.469595, MAE: 6.597343, rot_MSE: 650.273376, rot_RMSE: 25.500458, rot_MAE: 18.629560, trans_MSE: 224.971176, trans_RMSE: 14.999040, trans_MAE: 9.223761
==TEST==
A--------->B
EPOCH:: 41, Loss: 85.397028, Cycle Loss: 19.453324, MSE: 179.500010, RMSE: 13.397761, MAE: 6.076126, rot_MSE: 600.567993, rot_RMSE: 24.506489, rot_MAE: 16.978571, trans_MSE: 65.849495, trans_RMSE: 8.114770, trans_MAE: 5.295862
B--------->A
EPOCH:: 41, Loss: 85.397028, MSE: 141.772505, RMSE: 11.906826, MAE: 5.941493, rot_MSE: 629.381775, rot_RMSE: 25.087482, rot_MAE: 18.088734, trans_MSE: 148.154572, trans_RMSE: 12.171876, trans_MAE: 7.391587
==BEST TEST==
A--------->B
EPOCH:: 41, Loss: 38.904848, Cycle Loss: 10.048408, MSE: 172.730678, RMSE: 13.142704, MAE: 6.002085, rot_MSE: 201.255554, rot_RMSE: 14.186457, rot_MAE: 11.015644, trans_MSE: 28.817141, trans_RMSE: 5.368160, trans_MAE: 3.443971
B--------->A
EPOCH:: 41, Loss: 38.904848, MSE: 141.557043, RMSE: 11.897775, MAE: 5.922367, rot_MSE: 253.077087, rot_RMSE: 15.908397, rot_MAE: 12.504008, trans_MSE: 97.480186, trans_RMSE: 9.873205, trans_MAE: 5.396526
==TRAIN==
A--------->B
EPOCH:: 42, Loss: 90.353495, Cycle Loss:, 22.111939, MSE: 213.226125, RMSE: 14.602264, MAE: 6.680072, rot_MSE: 466.451508, rot_RMSE: 21.597488, rot_MAE: 16.104788, trans_MSE: 68.162117, trans_RMSE: 8.256035, trans_MAE: 5.621354
B--------->A
EPOCH:: 42, Loss: 90.353495, MSE: 152.979301, RMSE: 12.368480, MAE: 6.521641, rot_MSE: 571.365295, rot_RMSE: 23.903248, rot_MAE: 17.987669, trans_MSE: 212.026428, trans_RMSE: 14.561128, trans_MAE: 8.953288
==TEST==
A--------->B
EPOCH:: 42, Loss: 78.892877, Cycle Loss: 16.534785, MSE: 173.367190, RMSE: 13.166898, MAE: 5.942390, rot_MSE: 416.437714, rot_RMSE: 20.406805, rot_MAE: 15.527555, trans_MSE: 62.281055, trans_RMSE: 7.891835, trans_MAE: 5.130241
B--------->A
EPOCH:: 42, Loss: 78.892877, MSE: 139.229215, RMSE: 11.799543, MAE: 5.835672, rot_MSE: 526.786255, rot_RMSE: 22.951824, rot_MAE: 17.103111, trans_MSE: 153.266479, trans_RMSE: 12.380084, trans_MAE: 7.453604
==BEST TEST==
A--------->B
EPOCH:: 42, Loss: 38.904848, Cycle Loss: 10.048408, MSE: 172.730678, RMSE: 13.142704, MAE: 6.002085, rot_MSE: 201.255554, rot_RMSE: 14.186457, rot_MAE: 11.015644, trans_MSE: 28.817141, trans_RMSE: 5.368160, trans_MAE: 3.443971
B--------->A
EPOCH:: 42, Loss: 38.904848, MSE: 141.557043, RMSE: 11.897775, MAE: 5.922367, rot_MSE: 253.077087, rot_RMSE: 15.908397, rot_MAE: 12.504008, trans_MSE: 97.480186, trans_RMSE: 9.873205, trans_MAE: 5.396526
==TRAIN==
A--------->B
EPOCH:: 43, Loss: 86.786536, Cycle Loss:, 20.597936, MSE: 214.057238, RMSE: 14.630695, MAE: 6.704143, rot_MSE: 442.964539, rot_RMSE: 21.046722, rot_MAE: 15.655251, trans_MSE: 66.111397, trans_RMSE: 8.130892, trans_MAE: 5.599871
B--------->A
EPOCH:: 43, Loss: 86.786536, MSE: 153.914808, RMSE: 12.406241, MAE: 6.525888, rot_MSE: 544.710571, rot_RMSE: 23.339035, rot_MAE: 17.313503, trans_MSE: 201.393707, trans_RMSE: 14.191325, trans_MAE: 8.638514
==TEST==
A--------->B
EPOCH:: 43, Loss: 57.196260, Cycle Loss: 12.031384, MSE: 172.531318, RMSE: 13.135118, MAE: 5.933328, rot_MSE: 326.062469, rot_RMSE: 18.057199, rot_MAE: 13.763715, trans_MSE: 45.104252, trans_RMSE: 6.715970, trans_MAE: 4.482916
B--------->A
EPOCH:: 43, Loss: 57.196260, MSE: 138.370952, RMSE: 11.763118, MAE: 5.820508, rot_MSE: 405.857513, rot_RMSE: 20.145906, rot_MAE: 15.307613, trans_MSE: 116.280281, trans_RMSE: 10.783334, trans_MAE: 6.543480
==BEST TEST==
A--------->B
EPOCH:: 43, Loss: 38.904848, Cycle Loss: 10.048408, MSE: 172.730678, RMSE: 13.142704, MAE: 6.002085, rot_MSE: 201.255554, rot_RMSE: 14.186457, rot_MAE: 11.015644, trans_MSE: 28.817141, trans_RMSE: 5.368160, trans_MAE: 3.443971
B--------->A
EPOCH:: 43, Loss: 38.904848, MSE: 141.557043, RMSE: 11.897775, MAE: 5.922367, rot_MSE: 253.077087, rot_RMSE: 15.908397, rot_MAE: 12.504008, trans_MSE: 97.480186, trans_RMSE: 9.873205, trans_MAE: 5.396526
==TRAIN==
A--------->B
EPOCH:: 44, Loss: 79.983803, Cycle Loss:, 19.972585, MSE: 214.138382, RMSE: 14.633468, MAE: 6.694835, rot_MSE: 411.824402, rot_RMSE: 20.293457, rot_MAE: 15.479759, trans_MSE: 59.936001, trans_RMSE: 7.741835, trans_MAE: 5.347658
B--------->A
EPOCH:: 44, Loss: 79.983803, MSE: 154.614066, RMSE: 12.434390, MAE: 6.519443, rot_MSE: 493.920410, rot_RMSE: 22.224319, rot_MAE: 16.843672, trans_MSE: 199.437561, trans_RMSE: 14.122236, trans_MAE: 8.514787
==TEST==
A--------->B
EPOCH:: 44, Loss: 60.681280, Cycle Loss: 13.902619, MSE: 174.465850, RMSE: 13.208552, MAE: 5.984918, rot_MSE: 395.939880, rot_RMSE: 19.898237, rot_MAE: 14.655427, trans_MSE: 46.709511, trans_RMSE: 6.834435, trans_MAE: 4.584882
B--------->A
EPOCH:: 44, Loss: 60.681280, MSE: 138.358891, RMSE: 11.762606, MAE: 5.833317, rot_MSE: 523.088074, rot_RMSE: 22.871119, rot_MAE: 16.880894, trans_MSE: 123.312347, trans_RMSE: 11.104609, trans_MAE: 6.704922
==BEST TEST==
A--------->B
EPOCH:: 44, Loss: 38.904848, Cycle Loss: 10.048408, MSE: 172.730678, RMSE: 13.142704, MAE: 6.002085, rot_MSE: 201.255554, rot_RMSE: 14.186457, rot_MAE: 11.015644, trans_MSE: 28.817141, trans_RMSE: 5.368160, trans_MAE: 3.443971
B--------->A
EPOCH:: 44, Loss: 38.904848, MSE: 141.557043, RMSE: 11.897775, MAE: 5.922367, rot_MSE: 253.077087, rot_RMSE: 15.908397, rot_MAE: 12.504008, trans_MSE: 97.480186, trans_RMSE: 9.873205, trans_MAE: 5.396526
==TRAIN==
A--------->B
EPOCH:: 45, Loss: 90.754350, Cycle Loss:, 21.676828, MSE: 212.275819, RMSE: 14.569688, MAE: 6.681849, rot_MSE: 442.188721, rot_RMSE: 21.028284, rot_MAE: 15.873375, trans_MSE: 68.999641, trans_RMSE: 8.306602, trans_MAE: 5.642522
B--------->A
EPOCH:: 45, Loss: 90.754350, MSE: 153.503119, RMSE: 12.389638, MAE: 6.517737, rot_MSE: 528.914062, rot_RMSE: 22.998131, rot_MAE: 17.354513, trans_MSE: 209.506424, trans_RMSE: 14.474337, trans_MAE: 8.807475
==TEST==
A--------->B
EPOCH:: 45, Loss: 61.801444, Cycle Loss: 13.513757, MSE: 175.323848, RMSE: 13.240991, MAE: 6.004817, rot_MSE: 324.787079, rot_RMSE: 18.021851, rot_MAE: 13.553822, trans_MSE: 48.227074, trans_RMSE: 6.944571, trans_MAE: 4.500514
B--------->A
EPOCH:: 45, Loss: 61.801444, MSE: 138.600597, RMSE: 11.772875, MAE: 5.853628, rot_MSE: 464.468933, rot_RMSE: 21.551540, rot_MAE: 15.915957, trans_MSE: 124.966240, trans_RMSE: 11.178830, trans_MAE: 6.659713
==BEST TEST==
A--------->B
EPOCH:: 45, Loss: 38.904848, Cycle Loss: 10.048408, MSE: 172.730678, RMSE: 13.142704, MAE: 6.002085, rot_MSE: 201.255554, rot_RMSE: 14.186457, rot_MAE: 11.015644, trans_MSE: 28.817141, trans_RMSE: 5.368160, trans_MAE: 3.443971
B--------->A
EPOCH:: 45, Loss: 38.904848, MSE: 141.557043, RMSE: 11.897775, MAE: 5.922367, rot_MSE: 253.077087, rot_RMSE: 15.908397, rot_MAE: 12.504008, trans_MSE: 97.480186, trans_RMSE: 9.873205, trans_MAE: 5.396526
==TRAIN==
A--------->B
EPOCH:: 46, Loss: 82.406233, Cycle Loss:, 19.364324, MSE: 212.149176, RMSE: 14.565342, MAE: 6.676269, rot_MSE: 383.880249, rot_RMSE: 19.592863, rot_MAE: 15.053370, trans_MSE: 62.970669, trans_RMSE: 7.935406, trans_MAE: 5.352718
B--------->A
EPOCH:: 46, Loss: 82.406233, MSE: 153.457260, RMSE: 12.387787, MAE: 6.523323, rot_MSE: 500.873993, rot_RMSE: 22.380215, rot_MAE: 17.109371, trans_MSE: 199.575195, trans_RMSE: 14.127109, trans_MAE: 8.650801
==TEST==
A--------->B
EPOCH:: 46, Loss: 61.499766, Cycle Loss: 14.669338, MSE: 173.652474, RMSE: 13.177726, MAE: 5.991818, rot_MSE: 300.280121, rot_RMSE: 17.328592, rot_MAE: 13.163702, trans_MSE: 46.774319, trans_RMSE: 6.839175, trans_MAE: 4.267339
B--------->A
EPOCH:: 46, Loss: 61.499766, MSE: 139.889194, RMSE: 11.827476, MAE: 5.851766, rot_MSE: 429.123871, rot_RMSE: 20.715305, rot_MAE: 15.449359, trans_MSE: 131.097824, trans_RMSE: 11.449796, trans_MAE: 6.459518
==BEST TEST==
A--------->B
EPOCH:: 46, Loss: 38.904848, Cycle Loss: 10.048408, MSE: 172.730678, RMSE: 13.142704, MAE: 6.002085, rot_MSE: 201.255554, rot_RMSE: 14.186457, rot_MAE: 11.015644, trans_MSE: 28.817141, trans_RMSE: 5.368160, trans_MAE: 3.443971
B--------->A
EPOCH:: 46, Loss: 38.904848, MSE: 141.557043, RMSE: 11.897775, MAE: 5.922367, rot_MSE: 253.077087, rot_RMSE: 15.908397, rot_MAE: 12.504008, trans_MSE: 97.480186, trans_RMSE: 9.873205, trans_MAE: 5.396526
==TRAIN==
A--------->B
EPOCH:: 47, Loss: 81.691589, Cycle Loss:, 20.638349, MSE: 212.152987, RMSE: 14.565472, MAE: 6.669968, rot_MSE: 392.595703, rot_RMSE: 19.814028, rot_MAE: 14.897239, trans_MSE: 60.983105, trans_RMSE: 7.809168, trans_MAE: 5.163367
B--------->A
EPOCH:: 47, Loss: 81.691589, MSE: 151.971800, RMSE: 12.327684, MAE: 6.493099, rot_MSE: 481.452606, rot_RMSE: 21.942028, rot_MAE: 16.653046, trans_MSE: 198.598785, trans_RMSE: 14.092508, trans_MAE: 8.442412
==TEST==
A--------->B
EPOCH:: 47, Loss: 56.330802, Cycle Loss: 13.603652, MSE: 174.244298, RMSE: 13.200163, MAE: 6.000934, rot_MSE: 409.273987, rot_RMSE: 20.230520, rot_MAE: 14.444050, trans_MSE: 42.657394, trans_RMSE: 6.531263, trans_MAE: 4.392017
B--------->A
EPOCH:: 47, Loss: 56.330802, MSE: 139.168936, RMSE: 11.796988, MAE: 5.845071, rot_MSE: 521.197754, rot_RMSE: 22.829756, rot_MAE: 16.236879, trans_MSE: 121.332512, trans_RMSE: 11.015103, trans_MAE: 6.549403
==BEST TEST==
A--------->B
EPOCH:: 47, Loss: 38.904848, Cycle Loss: 10.048408, MSE: 172.730678, RMSE: 13.142704, MAE: 6.002085, rot_MSE: 201.255554, rot_RMSE: 14.186457, rot_MAE: 11.015644, trans_MSE: 28.817141, trans_RMSE: 5.368160, trans_MAE: 3.443971
B--------->A
EPOCH:: 47, Loss: 38.904848, MSE: 141.557043, RMSE: 11.897775, MAE: 5.922367, rot_MSE: 253.077087, rot_RMSE: 15.908397, rot_MAE: 12.504008, trans_MSE: 97.480186, trans_RMSE: 9.873205, trans_MAE: 5.396526
==TRAIN==
A--------->B
EPOCH:: 48, Loss: 74.721931, Cycle Loss:, 19.186180, MSE: 212.499888, RMSE: 14.577376, MAE: 6.686975, rot_MSE: 407.749146, rot_RMSE: 20.192799, rot_MAE: 15.188618, trans_MSE: 55.462723, trans_RMSE: 7.447330, trans_MAE: 5.179505
B--------->A
EPOCH:: 48, Loss: 74.721931, MSE: 152.494855, RMSE: 12.348881, MAE: 6.488434, rot_MSE: 516.552612, rot_RMSE: 22.727795, rot_MAE: 16.686668, trans_MSE: 195.690796, trans_RMSE: 13.988953, trans_MAE: 8.296566
==TEST==
A--------->B
EPOCH:: 48, Loss: 57.311232, Cycle Loss: 12.749313, MSE: 173.719574, RMSE: 13.180272, MAE: 5.988078, rot_MSE: 362.366638, rot_RMSE: 19.035931, rot_MAE: 13.745878, trans_MSE: 44.498188, trans_RMSE: 6.670696, trans_MAE: 4.298943
B--------->A
EPOCH:: 48, Loss: 57.311232, MSE: 138.278799, RMSE: 11.759201, MAE: 5.819379, rot_MSE: 377.934052, rot_RMSE: 19.440527, rot_MAE: 14.834577, trans_MSE: 115.315224, trans_RMSE: 10.738493, trans_MAE: 6.200449
==BEST TEST==
A--------->B
EPOCH:: 48, Loss: 38.904848, Cycle Loss: 10.048408, MSE: 172.730678, RMSE: 13.142704, MAE: 6.002085, rot_MSE: 201.255554, rot_RMSE: 14.186457, rot_MAE: 11.015644, trans_MSE: 28.817141, trans_RMSE: 5.368160, trans_MAE: 3.443971
B--------->A
EPOCH:: 48, Loss: 38.904848, MSE: 141.557043, RMSE: 11.897775, MAE: 5.922367, rot_MSE: 253.077087, rot_RMSE: 15.908397, rot_MAE: 12.504008, trans_MSE: 97.480186, trans_RMSE: 9.873205, trans_MAE: 5.396526
==TRAIN==
A--------->B
EPOCH:: 49, Loss: 78.882144, Cycle Loss:, 19.024034, MSE: 212.702185, RMSE: 14.584313, MAE: 6.691658, rot_MSE: 380.903778, rot_RMSE: 19.516756, rot_MAE: 14.876210, trans_MSE: 59.788326, trans_RMSE: 7.732291, trans_MAE: 5.141358
B--------->A
EPOCH:: 49, Loss: 78.882144, MSE: 153.859196, RMSE: 12.403999, MAE: 6.512335, rot_MSE: 467.253357, rot_RMSE: 21.616043, rot_MAE: 16.275759, trans_MSE: 191.769836, trans_RMSE: 13.848099, trans_MAE: 8.460988
==TEST==
A--------->B
EPOCH:: 49, Loss: 61.718101, Cycle Loss: 13.778059, MSE: 174.132819, RMSE: 13.195939, MAE: 5.983406, rot_MSE: 435.186554, rot_RMSE: 20.861126, rot_MAE: 14.288335, trans_MSE: 47.873310, trans_RMSE: 6.919054, trans_MAE: 4.276071
B--------->A
EPOCH:: 49, Loss: 61.718101, MSE: 139.085362, RMSE: 11.793446, MAE: 5.829399, rot_MSE: 388.477966, rot_RMSE: 19.709845, rot_MAE: 15.035234, trans_MSE: 120.285362, trans_RMSE: 10.967468, trans_MAE: 6.339098
==BEST TEST==
A--------->B
EPOCH:: 49, Loss: 38.904848, Cycle Loss: 10.048408, MSE: 172.730678, RMSE: 13.142704, MAE: 6.002085, rot_MSE: 201.255554, rot_RMSE: 14.186457, rot_MAE: 11.015644, trans_MSE: 28.817141, trans_RMSE: 5.368160, trans_MAE: 3.443971
B--------->A
EPOCH:: 49, Loss: 38.904848, MSE: 141.557043, RMSE: 11.897775, MAE: 5.922367, rot_MSE: 253.077087, rot_RMSE: 15.908397, rot_MAE: 12.504008, trans_MSE: 97.480186, trans_RMSE: 9.873205, trans_MAE: 5.396526
