Namespace(exp_name='without_intensity', model='dcp', emb_nn='dgcnnv2', pointer='transformer', head='svd', emb_dims=512, n_blocks=1, n_heads=4, ff_dims=1024, dropout=0.0, batch_size=8, test_batch_size=4, epochs=50, use_sgd=False, lr=0.001, momentum=0.9, no_cuda=False, seed=1234, eval=False, cycle=True, num_points=1024, model_path='', use_intensity=False, data_path='/mnt/c/Users/komatsu/SICK/pay-10-bucks/myDCP/dataset', num_workers=4)
DCP model without Intensity
Train data: 1160 pairs, Test data: 290 pairs
==TRAIN==
A--------->B
EPOCH:: 0, Loss: 32.885518, Cycle Loss:, 5.759133, MSE: 19.636971, RMSE: 4.431362, MAE: 3.362481, rot_MSE: 171.369125, rot_RMSE: 13.090803, rot_MAE: 9.408452, trans_MSE: 27.094194, trans_RMSE: 5.205208, trans_MAE: 3.584070
B--------->A
EPOCH:: 0, Loss: 32.885518, MSE: 19.443589, RMSE: 4.409489, MAE: 3.353593, rot_MSE: 196.145981, rot_RMSE: 14.005213, rot_MAE: 9.936255, trans_MSE: 34.983051, trans_RMSE: 5.914647, trans_MAE: 4.074094
==TEST==
A--------->B
EPOCH:: 0, Loss: 21.570413, Cycle Loss: 3.096196, MSE: 19.870328, RMSE: 4.457615, MAE: 3.364916, rot_MSE: 105.321175, rot_RMSE: 10.262610, rot_MAE: 7.741341, trans_MSE: 18.453382, trans_RMSE: 4.295740, trans_MAE: 3.140515
B--------->A
EPOCH:: 0, Loss: 21.570413, MSE: 19.579037, RMSE: 4.424821, MAE: 3.350233, rot_MSE: 123.004906, rot_RMSE: 11.090757, rot_MAE: 8.305351, trans_MSE: 21.655617, trans_RMSE: 4.653560, trans_MAE: 3.370063
==BEST TEST==
A--------->B
EPOCH:: 0, Loss: 21.570413, Cycle Loss: 3.096196, MSE: 19.870328, RMSE: 4.457615, MAE: 3.364916, rot_MSE: 105.321175, rot_RMSE: 10.262610, rot_MAE: 7.741341, trans_MSE: 18.453382, trans_RMSE: 4.295740, trans_MAE: 3.140515
B--------->A
EPOCH:: 0, Loss: 21.570413, MSE: 19.579037, RMSE: 4.424821, MAE: 3.350233, rot_MSE: 123.004906, rot_RMSE: 11.090757, rot_MAE: 8.305351, trans_MSE: 21.655617, trans_RMSE: 4.653560, trans_MAE: 3.370063
==TRAIN==
A--------->B
EPOCH:: 1, Loss: 22.443923, Cycle Loss:, 3.144198, MSE: 18.471428, RMSE: 4.297840, MAE: 3.258977, rot_MSE: 123.399910, rot_RMSE: 11.108551, rot_MAE: 8.325285, trans_MSE: 19.275679, trans_RMSE: 4.390408, trans_MAE: 3.173596
B--------->A
EPOCH:: 1, Loss: 22.443923, MSE: 18.376488, RMSE: 4.286781, MAE: 3.254514, rot_MSE: 134.848129, rot_RMSE: 11.612412, rot_MAE: 8.641283, trans_MSE: 25.157825, trans_RMSE: 5.015758, trans_MAE: 3.571410
==TEST==
A--------->B
EPOCH:: 1, Loss: 18.370047, Cycle Loss: 2.561874, MSE: 19.282283, RMSE: 4.391160, MAE: 3.316402, rot_MSE: 103.886978, rot_RMSE: 10.192496, rot_MAE: 7.691606, trans_MSE: 15.787777, trans_RMSE: 3.973384, trans_MAE: 2.965468
B--------->A
EPOCH:: 1, Loss: 18.370047, MSE: 18.963430, RMSE: 4.354702, MAE: 3.300604, rot_MSE: 116.436707, rot_RMSE: 10.790585, rot_MAE: 8.116837, trans_MSE: 19.764839, trans_RMSE: 4.445766, trans_MAE: 3.254726
==BEST TEST==
A--------->B
EPOCH:: 1, Loss: 18.370047, Cycle Loss: 2.561874, MSE: 19.282283, RMSE: 4.391160, MAE: 3.316402, rot_MSE: 103.886978, rot_RMSE: 10.192496, rot_MAE: 7.691606, trans_MSE: 15.787777, trans_RMSE: 3.973384, trans_MAE: 2.965468
B--------->A
EPOCH:: 1, Loss: 18.370047, MSE: 18.963430, RMSE: 4.354702, MAE: 3.300604, rot_MSE: 116.436707, rot_RMSE: 10.790585, rot_MAE: 8.116837, trans_MSE: 19.764839, trans_RMSE: 4.445766, trans_MAE: 3.254726
==TRAIN==
A--------->B
EPOCH:: 2, Loss: 18.735721, Cycle Loss:, 2.645621, MSE: 18.488363, RMSE: 4.299810, MAE: 3.260235, rot_MSE: 109.993340, rot_RMSE: 10.487771, rot_MAE: 7.818628, trans_MSE: 16.068710, trans_RMSE: 4.008580, trans_MAE: 2.978299
B--------->A
EPOCH:: 2, Loss: 18.735721, MSE: 18.357697, RMSE: 4.284588, MAE: 3.254619, rot_MSE: 125.408752, rot_RMSE: 11.198605, rot_MAE: 8.319822, trans_MSE: 22.552374, trans_RMSE: 4.748934, trans_MAE: 3.426189
==TEST==
A--------->B
EPOCH:: 2, Loss: 16.840707, Cycle Loss: 2.210280, MSE: 19.404828, RMSE: 4.405091, MAE: 3.328272, rot_MSE: 91.556931, rot_RMSE: 9.568539, rot_MAE: 7.186690, trans_MSE: 14.612398, trans_RMSE: 3.822617, trans_MAE: 2.854558
B--------->A
EPOCH:: 2, Loss: 16.840707, MSE: 19.077376, RMSE: 4.367766, MAE: 3.304668, rot_MSE: 100.742180, rot_RMSE: 10.037041, rot_MAE: 7.442070, trans_MSE: 18.756887, trans_RMSE: 4.330922, trans_MAE: 3.128595
==BEST TEST==
A--------->B
EPOCH:: 2, Loss: 16.840707, Cycle Loss: 2.210280, MSE: 19.404828, RMSE: 4.405091, MAE: 3.328272, rot_MSE: 91.556931, rot_RMSE: 9.568539, rot_MAE: 7.186690, trans_MSE: 14.612398, trans_RMSE: 3.822617, trans_MAE: 2.854558
B--------->A
EPOCH:: 2, Loss: 16.840707, MSE: 19.077376, RMSE: 4.367766, MAE: 3.304668, rot_MSE: 100.742180, rot_RMSE: 10.037041, rot_MAE: 7.442070, trans_MSE: 18.756887, trans_RMSE: 4.330922, trans_MAE: 3.128595
==TRAIN==
A--------->B
EPOCH:: 3, Loss: 18.558242, Cycle Loss:, 2.635713, MSE: 18.548116, RMSE: 4.306752, MAE: 3.260432, rot_MSE: 105.261017, rot_RMSE: 10.259679, rot_MAE: 7.702872, trans_MSE: 15.901934, trans_RMSE: 3.987723, trans_MAE: 2.973961
B--------->A
EPOCH:: 3, Loss: 18.558242, MSE: 18.155148, RMSE: 4.260886, MAE: 3.240381, rot_MSE: 122.051529, rot_RMSE: 11.047693, rot_MAE: 8.222642, trans_MSE: 22.452723, trans_RMSE: 4.738431, trans_MAE: 3.482804
==TEST==
A--------->B
EPOCH:: 3, Loss: 15.166556, Cycle Loss: 1.824039, MSE: 18.782388, RMSE: 4.333865, MAE: 3.276768, rot_MSE: 86.853600, rot_RMSE: 9.319528, rot_MAE: 7.216814, trans_MSE: 13.325240, trans_RMSE: 3.650375, trans_MAE: 2.819034
B--------->A
EPOCH:: 3, Loss: 15.166556, MSE: 18.448584, RMSE: 4.295182, MAE: 3.255442, rot_MSE: 100.002121, rot_RMSE: 10.000106, rot_MAE: 7.533587, trans_MSE: 17.797991, trans_RMSE: 4.218767, trans_MAE: 3.111581
==BEST TEST==
A--------->B
EPOCH:: 3, Loss: 15.166556, Cycle Loss: 1.824039, MSE: 18.782388, RMSE: 4.333865, MAE: 3.276768, rot_MSE: 86.853600, rot_RMSE: 9.319528, rot_MAE: 7.216814, trans_MSE: 13.325240, trans_RMSE: 3.650375, trans_MAE: 2.819034
B--------->A
EPOCH:: 3, Loss: 15.166556, MSE: 18.448584, RMSE: 4.295182, MAE: 3.255442, rot_MSE: 100.002121, rot_RMSE: 10.000106, rot_MAE: 7.533587, trans_MSE: 17.797991, trans_RMSE: 4.218767, trans_MAE: 3.111581
==TRAIN==
A--------->B
EPOCH:: 4, Loss: 20.230323, Cycle Loss:, 2.640700, MSE: 18.273503, RMSE: 4.274752, MAE: 3.237204, rot_MSE: 110.292717, rot_RMSE: 10.502034, rot_MAE: 7.836590, trans_MSE: 17.567917, trans_RMSE: 4.191410, trans_MAE: 3.049697
B--------->A
EPOCH:: 4, Loss: 20.230323, MSE: 18.092209, RMSE: 4.253494, MAE: 3.232126, rot_MSE: 119.441017, rot_RMSE: 10.928907, rot_MAE: 8.183041, trans_MSE: 21.833176, trans_RMSE: 4.672598, trans_MAE: 3.395308
==TEST==
A--------->B
EPOCH:: 4, Loss: 17.469216, Cycle Loss: 1.844866, MSE: 18.803630, RMSE: 4.336315, MAE: 3.276471, rot_MSE: 102.207672, rot_RMSE: 10.109781, rot_MAE: 7.641976, trans_MSE: 15.604218, trans_RMSE: 3.950217, trans_MAE: 2.982869
B--------->A
EPOCH:: 4, Loss: 17.469216, MSE: 18.158173, RMSE: 4.261241, MAE: 3.234123, rot_MSE: 109.346962, rot_RMSE: 10.456910, rot_MAE: 7.798409, trans_MSE: 17.645868, trans_RMSE: 4.200698, trans_MAE: 3.137619
==BEST TEST==
A--------->B
EPOCH:: 4, Loss: 15.166556, Cycle Loss: 1.824039, MSE: 18.782388, RMSE: 4.333865, MAE: 3.276768, rot_MSE: 86.853600, rot_RMSE: 9.319528, rot_MAE: 7.216814, trans_MSE: 13.325240, trans_RMSE: 3.650375, trans_MAE: 2.819034
B--------->A
EPOCH:: 4, Loss: 15.166556, MSE: 18.448584, RMSE: 4.295182, MAE: 3.255442, rot_MSE: 100.002121, rot_RMSE: 10.000106, rot_MAE: 7.533587, trans_MSE: 17.797991, trans_RMSE: 4.218767, trans_MAE: 3.111581
==TRAIN==
A--------->B
EPOCH:: 5, Loss: 18.514077, Cycle Loss:, 2.532795, MSE: 18.282838, RMSE: 4.275844, MAE: 3.242368, rot_MSE: 109.469490, rot_RMSE: 10.462767, rot_MAE: 7.824358, trans_MSE: 15.959865, trans_RMSE: 3.994980, trans_MAE: 2.972077
B--------->A
EPOCH:: 5, Loss: 18.514077, MSE: 18.324163, RMSE: 4.280673, MAE: 3.250093, rot_MSE: 119.155350, rot_RMSE: 10.915831, rot_MAE: 8.171433, trans_MSE: 21.763863, trans_RMSE: 4.665175, trans_MAE: 3.398535
==TEST==
A--------->B
EPOCH:: 5, Loss: 15.661169, Cycle Loss: 1.749097, MSE: 18.612347, RMSE: 4.314203, MAE: 3.263044, rot_MSE: 91.238937, rot_RMSE: 9.551908, rot_MAE: 7.175540, trans_MSE: 13.894083, trans_RMSE: 3.727477, trans_MAE: 2.816062
B--------->A
EPOCH:: 5, Loss: 15.661169, MSE: 17.983406, RMSE: 4.240685, MAE: 3.215782, rot_MSE: 102.023994, rot_RMSE: 10.100693, rot_MAE: 7.485958, trans_MSE: 17.838360, trans_RMSE: 4.223548, trans_MAE: 3.142919
==BEST TEST==
A--------->B
EPOCH:: 5, Loss: 15.166556, Cycle Loss: 1.824039, MSE: 18.782388, RMSE: 4.333865, MAE: 3.276768, rot_MSE: 86.853600, rot_RMSE: 9.319528, rot_MAE: 7.216814, trans_MSE: 13.325240, trans_RMSE: 3.650375, trans_MAE: 2.819034
B--------->A
EPOCH:: 5, Loss: 15.166556, MSE: 18.448584, RMSE: 4.295182, MAE: 3.255442, rot_MSE: 100.002121, rot_RMSE: 10.000106, rot_MAE: 7.533587, trans_MSE: 17.797991, trans_RMSE: 4.218767, trans_MAE: 3.111581
==TRAIN==
A--------->B
EPOCH:: 6, Loss: 17.993256, Cycle Loss:, 2.063007, MSE: 18.004796, RMSE: 4.243206, MAE: 3.221459, rot_MSE: 103.090431, rot_RMSE: 10.153346, rot_MAE: 7.644619, trans_MSE: 15.909925, trans_RMSE: 3.988725, trans_MAE: 2.975880
B--------->A
EPOCH:: 6, Loss: 17.993256, MSE: 17.983225, RMSE: 4.240663, MAE: 3.223809, rot_MSE: 112.947968, rot_RMSE: 10.627698, rot_MAE: 7.979631, trans_MSE: 19.481859, trans_RMSE: 4.413826, trans_MAE: 3.268101
==TEST==
A--------->B
EPOCH:: 6, Loss: 18.795561, Cycle Loss: 2.607257, MSE: 19.345802, RMSE: 4.398386, MAE: 3.313040, rot_MSE: 83.440903, rot_RMSE: 9.134600, rot_MAE: 6.938406, trans_MSE: 16.171782, trans_RMSE: 4.021415, trans_MAE: 2.908293
B--------->A
EPOCH:: 6, Loss: 18.795561, MSE: 18.871828, RMSE: 4.344172, MAE: 3.285387, rot_MSE: 97.374023, rot_RMSE: 9.867827, rot_MAE: 7.094976, trans_MSE: 20.119284, trans_RMSE: 4.485453, trans_MAE: 3.083562
==BEST TEST==
A--------->B
EPOCH:: 6, Loss: 15.166556, Cycle Loss: 1.824039, MSE: 18.782388, RMSE: 4.333865, MAE: 3.276768, rot_MSE: 86.853600, rot_RMSE: 9.319528, rot_MAE: 7.216814, trans_MSE: 13.325240, trans_RMSE: 3.650375, trans_MAE: 2.819034
B--------->A
EPOCH:: 6, Loss: 15.166556, MSE: 18.448584, RMSE: 4.295182, MAE: 3.255442, rot_MSE: 100.002121, rot_RMSE: 10.000106, rot_MAE: 7.533587, trans_MSE: 17.797991, trans_RMSE: 4.218767, trans_MAE: 3.111581
==TRAIN==
A--------->B
EPOCH:: 7, Loss: 15.724937, Cycle Loss:, 1.791217, MSE: 18.020642, RMSE: 4.245073, MAE: 3.218610, rot_MSE: 92.472755, rot_RMSE: 9.616276, rot_MAE: 7.215862, trans_MSE: 13.915387, trans_RMSE: 3.730333, trans_MAE: 2.792601
B--------->A
EPOCH:: 7, Loss: 15.724937, MSE: 18.002265, RMSE: 4.242908, MAE: 3.225092, rot_MSE: 104.384338, rot_RMSE: 10.216866, rot_MAE: 7.720192, trans_MSE: 18.155684, trans_RMSE: 4.260949, trans_MAE: 3.205772
==TEST==
A--------->B
EPOCH:: 7, Loss: 15.509939, Cycle Loss: 1.681952, MSE: 18.611904, RMSE: 4.314152, MAE: 3.263822, rot_MSE: 84.842819, rot_RMSE: 9.211017, rot_MAE: 6.989592, trans_MSE: 13.811039, trans_RMSE: 3.716321, trans_MAE: 2.803315
B--------->A
EPOCH:: 7, Loss: 15.509939, MSE: 18.354083, RMSE: 4.284166, MAE: 3.251207, rot_MSE: 97.152985, rot_RMSE: 9.856622, rot_MAE: 7.306958, trans_MSE: 17.413059, trans_RMSE: 4.172896, trans_MAE: 3.039698
==BEST TEST==
A--------->B
EPOCH:: 7, Loss: 15.166556, Cycle Loss: 1.824039, MSE: 18.782388, RMSE: 4.333865, MAE: 3.276768, rot_MSE: 86.853600, rot_RMSE: 9.319528, rot_MAE: 7.216814, trans_MSE: 13.325240, trans_RMSE: 3.650375, trans_MAE: 2.819034
B--------->A
EPOCH:: 7, Loss: 15.166556, MSE: 18.448584, RMSE: 4.295182, MAE: 3.255442, rot_MSE: 100.002121, rot_RMSE: 10.000106, rot_MAE: 7.533587, trans_MSE: 17.797991, trans_RMSE: 4.218767, trans_MAE: 3.111581
==TRAIN==
A--------->B
EPOCH:: 8, Loss: 16.364457, Cycle Loss:, 1.881668, MSE: 18.198857, RMSE: 4.266012, MAE: 3.235146, rot_MSE: 98.800598, rot_RMSE: 9.939849, rot_MAE: 7.487156, trans_MSE: 14.463301, trans_RMSE: 3.803065, trans_MAE: 2.833113
B--------->A
EPOCH:: 8, Loss: 16.364457, MSE: 18.016458, RMSE: 4.244580, MAE: 3.226728, rot_MSE: 112.521461, rot_RMSE: 10.607614, rot_MAE: 7.942685, trans_MSE: 18.754467, trans_RMSE: 4.330643, trans_MAE: 3.216995
==TEST==
A--------->B
EPOCH:: 8, Loss: 15.659279, Cycle Loss: 1.625741, MSE: 18.798453, RMSE: 4.335718, MAE: 3.275424, rot_MSE: 77.846184, rot_RMSE: 8.823049, rot_MAE: 6.731206, trans_MSE: 14.018119, trans_RMSE: 3.744078, trans_MAE: 2.777199
B--------->A
EPOCH:: 8, Loss: 15.659279, MSE: 18.338055, RMSE: 4.282296, MAE: 3.247072, rot_MSE: 87.258476, rot_RMSE: 9.341225, rot_MAE: 6.973572, trans_MSE: 16.174404, trans_RMSE: 4.021741, trans_MAE: 2.980046
==BEST TEST==
A--------->B
EPOCH:: 8, Loss: 15.166556, Cycle Loss: 1.824039, MSE: 18.782388, RMSE: 4.333865, MAE: 3.276768, rot_MSE: 86.853600, rot_RMSE: 9.319528, rot_MAE: 7.216814, trans_MSE: 13.325240, trans_RMSE: 3.650375, trans_MAE: 2.819034
B--------->A
EPOCH:: 8, Loss: 15.166556, MSE: 18.448584, RMSE: 4.295182, MAE: 3.255442, rot_MSE: 100.002121, rot_RMSE: 10.000106, rot_MAE: 7.533587, trans_MSE: 17.797991, trans_RMSE: 4.218767, trans_MAE: 3.111581
==TRAIN==
A--------->B
EPOCH:: 9, Loss: 16.343361, Cycle Loss:, 1.837569, MSE: 17.978472, RMSE: 4.240103, MAE: 3.216965, rot_MSE: 92.059647, rot_RMSE: 9.594771, rot_MAE: 7.216971, trans_MSE: 14.487597, trans_RMSE: 3.806257, trans_MAE: 2.858317
B--------->A
EPOCH:: 9, Loss: 16.343361, MSE: 17.885239, RMSE: 4.229094, MAE: 3.218398, rot_MSE: 102.591309, rot_RMSE: 10.128736, rot_MAE: 7.564989, trans_MSE: 18.867708, trans_RMSE: 4.343698, trans_MAE: 3.239527
==TEST==
A--------->B
EPOCH:: 9, Loss: 15.835467, Cycle Loss: 1.791570, MSE: 18.603398, RMSE: 4.313166, MAE: 3.262075, rot_MSE: 87.994179, rot_RMSE: 9.380521, rot_MAE: 7.070529, trans_MSE: 14.026563, trans_RMSE: 3.745205, trans_MAE: 2.796312
B--------->A
EPOCH:: 9, Loss: 15.835467, MSE: 18.064640, RMSE: 4.250252, MAE: 3.221827, rot_MSE: 97.814636, rot_RMSE: 9.890128, rot_MAE: 7.344567, trans_MSE: 16.699600, trans_RMSE: 4.086514, trans_MAE: 3.054754
==BEST TEST==
A--------->B
EPOCH:: 9, Loss: 15.166556, Cycle Loss: 1.824039, MSE: 18.782388, RMSE: 4.333865, MAE: 3.276768, rot_MSE: 86.853600, rot_RMSE: 9.319528, rot_MAE: 7.216814, trans_MSE: 13.325240, trans_RMSE: 3.650375, trans_MAE: 2.819034
B--------->A
EPOCH:: 9, Loss: 15.166556, MSE: 18.448584, RMSE: 4.295182, MAE: 3.255442, rot_MSE: 100.002121, rot_RMSE: 10.000106, rot_MAE: 7.533587, trans_MSE: 17.797991, trans_RMSE: 4.218767, trans_MAE: 3.111581
==TRAIN==
A--------->B
EPOCH:: 10, Loss: 16.521977, Cycle Loss:, 1.938002, MSE: 17.834820, RMSE: 4.223129, MAE: 3.204862, rot_MSE: 93.189781, rot_RMSE: 9.653485, rot_MAE: 7.324156, trans_MSE: 14.565468, trans_RMSE: 3.816473, trans_MAE: 2.883177
B--------->A
EPOCH:: 10, Loss: 16.521977, MSE: 17.632721, RMSE: 4.199133, MAE: 3.197037, rot_MSE: 106.817368, rot_RMSE: 10.335249, rot_MAE: 7.704641, trans_MSE: 19.253883, trans_RMSE: 4.387925, trans_MAE: 3.240892
==TEST==
A--------->B
EPOCH:: 10, Loss: 16.158678, Cycle Loss: 1.709582, MSE: 18.679192, RMSE: 4.321943, MAE: 3.268551, rot_MSE: 80.032875, rot_RMSE: 8.946110, rot_MAE: 6.771178, trans_MSE: 14.433206, trans_RMSE: 3.799106, trans_MAE: 2.840325
B--------->A
EPOCH:: 10, Loss: 16.158678, MSE: 18.269074, RMSE: 4.274234, MAE: 3.239734, rot_MSE: 91.762917, rot_RMSE: 9.579296, rot_MAE: 7.129815, trans_MSE: 16.674353, trans_RMSE: 4.083424, trans_MAE: 3.033580
==BEST TEST==
A--------->B
EPOCH:: 10, Loss: 15.166556, Cycle Loss: 1.824039, MSE: 18.782388, RMSE: 4.333865, MAE: 3.276768, rot_MSE: 86.853600, rot_RMSE: 9.319528, rot_MAE: 7.216814, trans_MSE: 13.325240, trans_RMSE: 3.650375, trans_MAE: 2.819034
B--------->A
EPOCH:: 10, Loss: 15.166556, MSE: 18.448584, RMSE: 4.295182, MAE: 3.255442, rot_MSE: 100.002121, rot_RMSE: 10.000106, rot_MAE: 7.533587, trans_MSE: 17.797991, trans_RMSE: 4.218767, trans_MAE: 3.111581
==TRAIN==
A--------->B
EPOCH:: 11, Loss: 15.806536, Cycle Loss:, 1.791753, MSE: 17.889531, RMSE: 4.229602, MAE: 3.207756, rot_MSE: 96.535828, rot_RMSE: 9.825265, rot_MAE: 7.380692, trans_MSE: 13.995812, trans_RMSE: 3.741098, trans_MAE: 2.857287
B--------->A
EPOCH:: 11, Loss: 15.806536, MSE: 17.671026, RMSE: 4.203692, MAE: 3.198852, rot_MSE: 108.153984, rot_RMSE: 10.399711, rot_MAE: 7.781232, trans_MSE: 18.515831, trans_RMSE: 4.303002, trans_MAE: 3.215789
==TEST==
A--------->B
EPOCH:: 11, Loss: 14.433074, Cycle Loss: 1.437330, MSE: 18.907985, RMSE: 4.348331, MAE: 3.288743, rot_MSE: 77.429077, rot_RMSE: 8.799379, rot_MAE: 6.739765, trans_MSE: 12.980281, trans_RMSE: 3.602816, trans_MAE: 2.736462
B--------->A
EPOCH:: 11, Loss: 14.433074, MSE: 18.380624, RMSE: 4.287263, MAE: 3.251178, rot_MSE: 92.579796, rot_RMSE: 9.621840, rot_MAE: 7.142242, trans_MSE: 16.058266, trans_RMSE: 4.007277, trans_MAE: 2.929988
==BEST TEST==
A--------->B
EPOCH:: 11, Loss: 14.433074, Cycle Loss: 1.437330, MSE: 18.907985, RMSE: 4.348331, MAE: 3.288743, rot_MSE: 77.429077, rot_RMSE: 8.799379, rot_MAE: 6.739765, trans_MSE: 12.980281, trans_RMSE: 3.602816, trans_MAE: 2.736462
B--------->A
EPOCH:: 11, Loss: 14.433074, MSE: 18.380624, RMSE: 4.287263, MAE: 3.251178, rot_MSE: 92.579796, rot_RMSE: 9.621840, rot_MAE: 7.142242, trans_MSE: 16.058266, trans_RMSE: 4.007277, trans_MAE: 2.929988
==TRAIN==
A--------->B
EPOCH:: 12, Loss: 15.040930, Cycle Loss:, 1.605833, MSE: 17.885087, RMSE: 4.229076, MAE: 3.209764, rot_MSE: 87.598015, rot_RMSE: 9.359381, rot_MAE: 7.075204, trans_MSE: 13.417933, trans_RMSE: 3.663050, trans_MAE: 2.753383
B--------->A
EPOCH:: 12, Loss: 15.040930, MSE: 17.638171, RMSE: 4.199782, MAE: 3.197071, rot_MSE: 99.399818, rot_RMSE: 9.969946, rot_MAE: 7.499445, trans_MSE: 17.078936, trans_RMSE: 4.132667, trans_MAE: 3.122579
==TEST==
A--------->B
EPOCH:: 12, Loss: 14.569417, Cycle Loss: 1.319136, MSE: 18.538117, RMSE: 4.305591, MAE: 3.256192, rot_MSE: 76.934540, rot_RMSE: 8.771234, rot_MAE: 6.771757, trans_MSE: 13.234983, trans_RMSE: 3.637992, trans_MAE: 2.767829
B--------->A
EPOCH:: 12, Loss: 14.569417, MSE: 18.145175, RMSE: 4.259715, MAE: 3.232841, rot_MSE: 86.622383, rot_RMSE: 9.307115, rot_MAE: 7.018361, trans_MSE: 15.702085, trans_RMSE: 3.962586, trans_MAE: 2.956062
==BEST TEST==
A--------->B
EPOCH:: 12, Loss: 14.433074, Cycle Loss: 1.437330, MSE: 18.907985, RMSE: 4.348331, MAE: 3.288743, rot_MSE: 77.429077, rot_RMSE: 8.799379, rot_MAE: 6.739765, trans_MSE: 12.980281, trans_RMSE: 3.602816, trans_MAE: 2.736462
B--------->A
EPOCH:: 12, Loss: 14.433074, MSE: 18.380624, RMSE: 4.287263, MAE: 3.251178, rot_MSE: 92.579796, rot_RMSE: 9.621840, rot_MAE: 7.142242, trans_MSE: 16.058266, trans_RMSE: 4.007277, trans_MAE: 2.929988
==TRAIN==
A--------->B
EPOCH:: 13, Loss: 14.836004, Cycle Loss:, 1.555929, MSE: 17.922183, RMSE: 4.233460, MAE: 3.212482, rot_MSE: 87.108086, rot_RMSE: 9.333171, rot_MAE: 7.069876, trans_MSE: 13.262798, trans_RMSE: 3.641813, trans_MAE: 2.749389
B--------->A
EPOCH:: 13, Loss: 14.836004, MSE: 17.644138, RMSE: 4.200493, MAE: 3.199737, rot_MSE: 95.495262, rot_RMSE: 9.772168, rot_MAE: 7.340560, trans_MSE: 16.772104, trans_RMSE: 4.095376, trans_MAE: 3.051794
==TEST==
A--------->B
EPOCH:: 13, Loss: 14.179160, Cycle Loss: 1.313046, MSE: 18.435610, RMSE: 4.293671, MAE: 3.247939, rot_MSE: 74.440460, rot_RMSE: 8.627889, rot_MAE: 6.618361, trans_MSE: 12.851332, trans_RMSE: 3.584875, trans_MAE: 2.718572
B--------->A
EPOCH:: 13, Loss: 14.179160, MSE: 17.972182, RMSE: 4.239361, MAE: 3.217891, rot_MSE: 86.961281, rot_RMSE: 9.325303, rot_MAE: 7.039500, trans_MSE: 16.224895, trans_RMSE: 4.028014, trans_MAE: 2.994464
==BEST TEST==
A--------->B
EPOCH:: 13, Loss: 14.179160, Cycle Loss: 1.313046, MSE: 18.435610, RMSE: 4.293671, MAE: 3.247939, rot_MSE: 74.440460, rot_RMSE: 8.627889, rot_MAE: 6.618361, trans_MSE: 12.851332, trans_RMSE: 3.584875, trans_MAE: 2.718572
B--------->A
EPOCH:: 13, Loss: 14.179160, MSE: 17.972182, RMSE: 4.239361, MAE: 3.217891, rot_MSE: 86.961281, rot_RMSE: 9.325303, rot_MAE: 7.039500, trans_MSE: 16.224895, trans_RMSE: 4.028014, trans_MAE: 2.994464
==TRAIN==
A--------->B
EPOCH:: 14, Loss: 14.756889, Cycle Loss:, 1.597687, MSE: 17.898760, RMSE: 4.230693, MAE: 3.210080, rot_MSE: 87.541718, rot_RMSE: 9.356373, rot_MAE: 7.064490, trans_MSE: 13.141845, trans_RMSE: 3.625168, trans_MAE: 2.758896
B--------->A
EPOCH:: 14, Loss: 14.756889, MSE: 17.682578, RMSE: 4.205066, MAE: 3.200960, rot_MSE: 94.239326, rot_RMSE: 9.707694, rot_MAE: 7.335972, trans_MSE: 17.042631, trans_RMSE: 4.128272, trans_MAE: 3.064794
==TEST==
A--------->B
EPOCH:: 14, Loss: 13.302198, Cycle Loss: 1.372149, MSE: 18.723234, RMSE: 4.327035, MAE: 3.272625, rot_MSE: 72.822731, rot_RMSE: 8.533624, rot_MAE: 6.585931, trans_MSE: 11.915487, trans_RMSE: 3.451882, trans_MAE: 2.633345
B--------->A
EPOCH:: 14, Loss: 13.302198, MSE: 18.017369, RMSE: 4.244687, MAE: 3.223694, rot_MSE: 79.831268, rot_RMSE: 8.934834, rot_MAE: 6.751466, trans_MSE: 15.562708, trans_RMSE: 3.944960, trans_MAE: 2.933440
==BEST TEST==
A--------->B
EPOCH:: 14, Loss: 13.302198, Cycle Loss: 1.372149, MSE: 18.723234, RMSE: 4.327035, MAE: 3.272625, rot_MSE: 72.822731, rot_RMSE: 8.533624, rot_MAE: 6.585931, trans_MSE: 11.915487, trans_RMSE: 3.451882, trans_MAE: 2.633345
B--------->A
EPOCH:: 14, Loss: 13.302198, MSE: 18.017369, RMSE: 4.244687, MAE: 3.223694, rot_MSE: 79.831268, rot_RMSE: 8.934834, rot_MAE: 6.751466, trans_MSE: 15.562708, trans_RMSE: 3.944960, trans_MAE: 2.933440
==TRAIN==
A--------->B
EPOCH:: 15, Loss: 15.007347, Cycle Loss:, 1.591014, MSE: 17.957101, RMSE: 4.237582, MAE: 3.211400, rot_MSE: 88.768700, rot_RMSE: 9.421714, rot_MAE: 7.143778, trans_MSE: 13.398850, trans_RMSE: 3.660444, trans_MAE: 2.759633
B--------->A
EPOCH:: 15, Loss: 15.007347, MSE: 17.761300, RMSE: 4.214416, MAE: 3.207300, rot_MSE: 97.492950, rot_RMSE: 9.873852, rot_MAE: 7.434628, trans_MSE: 16.697100, trans_RMSE: 4.086208, trans_MAE: 3.062688
==TEST==
A--------->B
EPOCH:: 15, Loss: 13.264599, Cycle Loss: 1.374931, MSE: 18.165521, RMSE: 4.262103, MAE: 3.227665, rot_MSE: 68.945877, rot_RMSE: 8.303366, rot_MAE: 6.425527, trans_MSE: 11.875965, trans_RMSE: 3.446152, trans_MAE: 2.628878
B--------->A
EPOCH:: 15, Loss: 13.264599, MSE: 17.890389, RMSE: 4.229703, MAE: 3.212744, rot_MSE: 78.552567, rot_RMSE: 8.862988, rot_MAE: 6.633900, trans_MSE: 15.965231, trans_RMSE: 3.995651, trans_MAE: 2.956248
==BEST TEST==
A--------->B
EPOCH:: 15, Loss: 13.264599, Cycle Loss: 1.374931, MSE: 18.165521, RMSE: 4.262103, MAE: 3.227665, rot_MSE: 68.945877, rot_RMSE: 8.303366, rot_MAE: 6.425527, trans_MSE: 11.875965, trans_RMSE: 3.446152, trans_MAE: 2.628878
B--------->A
EPOCH:: 15, Loss: 13.264599, MSE: 17.890389, RMSE: 4.229703, MAE: 3.212744, rot_MSE: 78.552567, rot_RMSE: 8.862988, rot_MAE: 6.633900, trans_MSE: 15.965231, trans_RMSE: 3.995651, trans_MAE: 2.956248
==TRAIN==
A--------->B
EPOCH:: 16, Loss: 14.764317, Cycle Loss:, 1.550199, MSE: 17.815045, RMSE: 4.220787, MAE: 3.203260, rot_MSE: 84.794579, rot_RMSE: 9.208397, rot_MAE: 7.035235, trans_MSE: 13.197215, trans_RMSE: 3.632797, trans_MAE: 2.762597
B--------->A
EPOCH:: 16, Loss: 14.764317, MSE: 17.730919, RMSE: 4.210810, MAE: 3.204094, rot_MSE: 90.301918, rot_RMSE: 9.502732, rot_MAE: 7.218991, trans_MSE: 16.210949, trans_RMSE: 4.026282, trans_MAE: 3.033700
==TEST==
A--------->B
EPOCH:: 16, Loss: 15.521403, Cycle Loss: 2.071089, MSE: 18.742125, RMSE: 4.329218, MAE: 3.274241, rot_MSE: 74.691566, rot_RMSE: 8.642428, rot_MAE: 6.604686, trans_MSE: 13.435446, trans_RMSE: 3.665439, trans_MAE: 2.703417
B--------->A
EPOCH:: 16, Loss: 15.521403, MSE: 18.523912, RMSE: 4.303941, MAE: 3.261972, rot_MSE: 88.621346, rot_RMSE: 9.413891, rot_MAE: 6.983469, trans_MSE: 18.318562, trans_RMSE: 4.280019, trans_MAE: 3.035257
==BEST TEST==
A--------->B
EPOCH:: 16, Loss: 13.264599, Cycle Loss: 1.374931, MSE: 18.165521, RMSE: 4.262103, MAE: 3.227665, rot_MSE: 68.945877, rot_RMSE: 8.303366, rot_MAE: 6.425527, trans_MSE: 11.875965, trans_RMSE: 3.446152, trans_MAE: 2.628878
B--------->A
EPOCH:: 16, Loss: 13.264599, MSE: 17.890389, RMSE: 4.229703, MAE: 3.212744, rot_MSE: 78.552567, rot_RMSE: 8.862988, rot_MAE: 6.633900, trans_MSE: 15.965231, trans_RMSE: 3.995651, trans_MAE: 2.956248
==TRAIN==
A--------->B
EPOCH:: 17, Loss: 13.609835, Cycle Loss:, 1.332148, MSE: 17.701831, RMSE: 4.207354, MAE: 3.193551, rot_MSE: 81.543823, rot_RMSE: 9.030162, rot_MAE: 6.886389, trans_MSE: 12.261477, trans_RMSE: 3.501639, trans_MAE: 2.683454
B--------->A
EPOCH:: 17, Loss: 13.609835, MSE: 17.562176, RMSE: 4.190725, MAE: 3.191879, rot_MSE: 89.453011, rot_RMSE: 9.457960, rot_MAE: 7.123352, trans_MSE: 15.817452, trans_RMSE: 3.977116, trans_MAE: 3.016187
==TEST==
A--------->B
EPOCH:: 17, Loss: 12.779202, Cycle Loss: 1.129021, MSE: 18.418282, RMSE: 4.291653, MAE: 3.248685, rot_MSE: 73.801918, rot_RMSE: 8.590804, rot_MAE: 6.578923, trans_MSE: 11.635520, trans_RMSE: 3.411088, trans_MAE: 2.626417
B--------->A
EPOCH:: 17, Loss: 12.779202, MSE: 17.751287, RMSE: 4.213228, MAE: 3.205121, rot_MSE: 85.814987, rot_RMSE: 9.263638, rot_MAE: 6.972664, trans_MSE: 15.546051, trans_RMSE: 3.942848, trans_MAE: 2.954520
==BEST TEST==
A--------->B
EPOCH:: 17, Loss: 12.779202, Cycle Loss: 1.129021, MSE: 18.418282, RMSE: 4.291653, MAE: 3.248685, rot_MSE: 73.801918, rot_RMSE: 8.590804, rot_MAE: 6.578923, trans_MSE: 11.635520, trans_RMSE: 3.411088, trans_MAE: 2.626417
B--------->A
EPOCH:: 17, Loss: 12.779202, MSE: 17.751287, RMSE: 4.213228, MAE: 3.205121, rot_MSE: 85.814987, rot_RMSE: 9.263638, rot_MAE: 6.972664, trans_MSE: 15.546051, trans_RMSE: 3.942848, trans_MAE: 2.954520
==TRAIN==
A--------->B
EPOCH:: 18, Loss: 13.107302, Cycle Loss:, 1.156911, MSE: 17.669859, RMSE: 4.203553, MAE: 3.191403, rot_MSE: 76.764854, rot_RMSE: 8.761556, rot_MAE: 6.733300, trans_MSE: 11.935132, trans_RMSE: 3.454726, trans_MAE: 2.655362
B--------->A
EPOCH:: 18, Loss: 13.107302, MSE: 17.445474, RMSE: 4.176778, MAE: 3.181135, rot_MSE: 81.098526, rot_RMSE: 9.005472, rot_MAE: 6.874775, trans_MSE: 14.615324, trans_RMSE: 3.822999, trans_MAE: 2.902507
==TEST==
A--------->B
EPOCH:: 18, Loss: 13.108038, Cycle Loss: 1.098022, MSE: 18.617968, RMSE: 4.314854, MAE: 3.264045, rot_MSE: 70.087685, rot_RMSE: 8.371839, rot_MAE: 6.365441, trans_MSE: 11.996132, trans_RMSE: 3.463543, trans_MAE: 2.650650
B--------->A
EPOCH:: 18, Loss: 13.108038, MSE: 18.153557, RMSE: 4.260699, MAE: 3.238392, rot_MSE: 80.196625, rot_RMSE: 8.955256, rot_MAE: 6.723531, trans_MSE: 14.745827, trans_RMSE: 3.840029, trans_MAE: 2.879681
==BEST TEST==
A--------->B
EPOCH:: 18, Loss: 12.779202, Cycle Loss: 1.129021, MSE: 18.418282, RMSE: 4.291653, MAE: 3.248685, rot_MSE: 73.801918, rot_RMSE: 8.590804, rot_MAE: 6.578923, trans_MSE: 11.635520, trans_RMSE: 3.411088, trans_MAE: 2.626417
B--------->A
EPOCH:: 18, Loss: 12.779202, MSE: 17.751287, RMSE: 4.213228, MAE: 3.205121, rot_MSE: 85.814987, rot_RMSE: 9.263638, rot_MAE: 6.972664, trans_MSE: 15.546051, trans_RMSE: 3.942848, trans_MAE: 2.954520
==TRAIN==
A--------->B
EPOCH:: 19, Loss: 13.061958, Cycle Loss:, 1.309488, MSE: 17.619217, RMSE: 4.197525, MAE: 3.189636, rot_MSE: 79.447067, rot_RMSE: 8.913308, rot_MAE: 6.755589, trans_MSE: 11.736713, trans_RMSE: 3.425889, trans_MAE: 2.637743
B--------->A
EPOCH:: 19, Loss: 13.061958, MSE: 17.472898, RMSE: 4.180060, MAE: 3.183477, rot_MSE: 87.955208, rot_RMSE: 9.378444, rot_MAE: 7.084881, trans_MSE: 15.721121, trans_RMSE: 3.964987, trans_MAE: 2.990007
==TEST==
A--------->B
EPOCH:: 19, Loss: 12.425759, Cycle Loss: 1.184390, MSE: 18.392465, RMSE: 4.288644, MAE: 3.245367, rot_MSE: 66.303177, rot_RMSE: 8.142676, rot_MAE: 6.259604, trans_MSE: 11.228150, trans_RMSE: 3.350843, trans_MAE: 2.584344
B--------->A
EPOCH:: 19, Loss: 12.425759, MSE: 17.920918, RMSE: 4.233311, MAE: 3.218123, rot_MSE: 76.155838, rot_RMSE: 8.726731, rot_MAE: 6.597652, trans_MSE: 14.375214, trans_RMSE: 3.791466, trans_MAE: 2.875986
==BEST TEST==
A--------->B
EPOCH:: 19, Loss: 12.425759, Cycle Loss: 1.184390, MSE: 18.392465, RMSE: 4.288644, MAE: 3.245367, rot_MSE: 66.303177, rot_RMSE: 8.142676, rot_MAE: 6.259604, trans_MSE: 11.228150, trans_RMSE: 3.350843, trans_MAE: 2.584344
B--------->A
EPOCH:: 19, Loss: 12.425759, MSE: 17.920918, RMSE: 4.233311, MAE: 3.218123, rot_MSE: 76.155838, rot_RMSE: 8.726731, rot_MAE: 6.597652, trans_MSE: 14.375214, trans_RMSE: 3.791466, trans_MAE: 2.875986
==TRAIN==
A--------->B
EPOCH:: 20, Loss: 12.672936, Cycle Loss:, 1.178412, MSE: 17.609771, RMSE: 4.196400, MAE: 3.187524, rot_MSE: 77.627518, rot_RMSE: 8.810648, rot_MAE: 6.685506, trans_MSE: 11.479124, trans_RMSE: 3.388086, trans_MAE: 2.602501
B--------->A
EPOCH:: 20, Loss: 12.672936, MSE: 17.407106, RMSE: 4.172182, MAE: 3.182277, rot_MSE: 83.541527, rot_RMSE: 9.140105, rot_MAE: 6.941027, trans_MSE: 15.115953, trans_RMSE: 3.887924, trans_MAE: 2.940569
==TEST==
A--------->B
EPOCH:: 20, Loss: 12.274932, Cycle Loss: 0.991279, MSE: 18.166501, RMSE: 4.262218, MAE: 3.228847, rot_MSE: 66.687134, rot_RMSE: 8.166219, rot_MAE: 6.303977, trans_MSE: 11.270351, trans_RMSE: 3.357134, trans_MAE: 2.586476
B--------->A
EPOCH:: 20, Loss: 12.274932, MSE: 17.799872, RMSE: 4.218989, MAE: 3.209205, rot_MSE: 77.265221, rot_RMSE: 8.790064, rot_MAE: 6.654757, trans_MSE: 14.478630, trans_RMSE: 3.805079, trans_MAE: 2.871597
==BEST TEST==
A--------->B
EPOCH:: 20, Loss: 12.274932, Cycle Loss: 0.991279, MSE: 18.166501, RMSE: 4.262218, MAE: 3.228847, rot_MSE: 66.687134, rot_RMSE: 8.166219, rot_MAE: 6.303977, trans_MSE: 11.270351, trans_RMSE: 3.357134, trans_MAE: 2.586476
B--------->A
EPOCH:: 20, Loss: 12.274932, MSE: 17.799872, RMSE: 4.218989, MAE: 3.209205, rot_MSE: 77.265221, rot_RMSE: 8.790064, rot_MAE: 6.654757, trans_MSE: 14.478630, trans_RMSE: 3.805079, trans_MAE: 2.871597
==TRAIN==
A--------->B
EPOCH:: 21, Loss: 13.075574, Cycle Loss:, 1.291659, MSE: 17.699849, RMSE: 4.207119, MAE: 3.192400, rot_MSE: 75.463486, rot_RMSE: 8.686973, rot_MAE: 6.597434, trans_MSE: 11.768918, trans_RMSE: 3.430586, trans_MAE: 2.623901
B--------->A
EPOCH:: 21, Loss: 13.075574, MSE: 17.603575, RMSE: 4.195661, MAE: 3.194041, rot_MSE: 84.234024, rot_RMSE: 9.177910, rot_MAE: 6.899407, trans_MSE: 15.696304, trans_RMSE: 3.961856, trans_MAE: 2.991727
==TEST==
A--------->B
EPOCH:: 21, Loss: 13.039703, Cycle Loss: 1.212416, MSE: 18.232761, RMSE: 4.269984, MAE: 3.237921, rot_MSE: 72.844070, rot_RMSE: 8.534874, rot_MAE: 6.534255, trans_MSE: 11.812777, trans_RMSE: 3.436972, trans_MAE: 2.662185
B--------->A
EPOCH:: 21, Loss: 13.039703, MSE: 17.855965, RMSE: 4.225632, MAE: 3.213784, rot_MSE: 79.325287, rot_RMSE: 8.906474, rot_MAE: 6.820545, trans_MSE: 14.770303, trans_RMSE: 3.843215, trans_MAE: 2.931397
==BEST TEST==
A--------->B
EPOCH:: 21, Loss: 12.274932, Cycle Loss: 0.991279, MSE: 18.166501, RMSE: 4.262218, MAE: 3.228847, rot_MSE: 66.687134, rot_RMSE: 8.166219, rot_MAE: 6.303977, trans_MSE: 11.270351, trans_RMSE: 3.357134, trans_MAE: 2.586476
B--------->A
EPOCH:: 21, Loss: 12.274932, MSE: 17.799872, RMSE: 4.218989, MAE: 3.209205, rot_MSE: 77.265221, rot_RMSE: 8.790064, rot_MAE: 6.654757, trans_MSE: 14.478630, trans_RMSE: 3.805079, trans_MAE: 2.871597
==TRAIN==
A--------->B
EPOCH:: 22, Loss: 15.468888, Cycle Loss:, 1.765376, MSE: 17.747490, RMSE: 4.212777, MAE: 3.198477, rot_MSE: 89.284485, rot_RMSE: 9.449047, rot_MAE: 7.107219, trans_MSE: 13.685939, trans_RMSE: 3.699451, trans_MAE: 2.783764
B--------->A
EPOCH:: 22, Loss: 15.468888, MSE: 17.532756, RMSE: 4.187213, MAE: 3.188829, rot_MSE: 102.607094, rot_RMSE: 10.129516, rot_MAE: 7.539049, trans_MSE: 18.490215, trans_RMSE: 4.300025, trans_MAE: 3.164492
==TEST==
A--------->B
EPOCH:: 22, Loss: 21.395122, Cycle Loss: 3.798914, MSE: 19.584867, RMSE: 4.425479, MAE: 3.337768, rot_MSE: 101.231140, rot_RMSE: 10.061369, rot_MAE: 7.648817, trans_MSE: 17.576227, trans_RMSE: 4.192401, trans_MAE: 3.036612
B--------->A
EPOCH:: 22, Loss: 21.395122, MSE: 18.946240, RMSE: 4.352728, MAE: 3.301763, rot_MSE: 150.543457, rot_RMSE: 12.269615, rot_MAE: 8.609813, trans_MSE: 28.432213, trans_RMSE: 5.332187, trans_MAE: 3.637654
==BEST TEST==
A--------->B
EPOCH:: 22, Loss: 12.274932, Cycle Loss: 0.991279, MSE: 18.166501, RMSE: 4.262218, MAE: 3.228847, rot_MSE: 66.687134, rot_RMSE: 8.166219, rot_MAE: 6.303977, trans_MSE: 11.270351, trans_RMSE: 3.357134, trans_MAE: 2.586476
B--------->A
EPOCH:: 22, Loss: 12.274932, MSE: 17.799872, RMSE: 4.218989, MAE: 3.209205, rot_MSE: 77.265221, rot_RMSE: 8.790064, rot_MAE: 6.654757, trans_MSE: 14.478630, trans_RMSE: 3.805079, trans_MAE: 2.871597
==TRAIN==
A--------->B
EPOCH:: 23, Loss: 17.780854, Cycle Loss:, 1.992636, MSE: 17.679531, RMSE: 4.204703, MAE: 3.189985, rot_MSE: 100.286369, rot_RMSE: 10.014308, rot_MAE: 7.569189, trans_MSE: 15.768460, trans_RMSE: 3.970952, trans_MAE: 2.973114
B--------->A
EPOCH:: 23, Loss: 17.780854, MSE: 17.542300, RMSE: 4.188353, MAE: 3.188963, rot_MSE: 106.621391, rot_RMSE: 10.325764, rot_MAE: 7.770067, trans_MSE: 19.514723, trans_RMSE: 4.417547, trans_MAE: 3.277056
==TEST==
A--------->B
EPOCH:: 23, Loss: 14.016092, Cycle Loss: 1.534532, MSE: 18.487809, RMSE: 4.299745, MAE: 3.253068, rot_MSE: 75.215172, rot_RMSE: 8.672668, rot_MAE: 6.646624, trans_MSE: 12.466617, trans_RMSE: 3.530810, trans_MAE: 2.701165
B--------->A
EPOCH:: 23, Loss: 14.016092, MSE: 18.014310, RMSE: 4.244327, MAE: 3.218880, rot_MSE: 86.134941, rot_RMSE: 9.280891, rot_MAE: 6.880213, trans_MSE: 16.513973, trans_RMSE: 4.063739, trans_MAE: 3.009588
==BEST TEST==
A--------->B
EPOCH:: 23, Loss: 12.274932, Cycle Loss: 0.991279, MSE: 18.166501, RMSE: 4.262218, MAE: 3.228847, rot_MSE: 66.687134, rot_RMSE: 8.166219, rot_MAE: 6.303977, trans_MSE: 11.270351, trans_RMSE: 3.357134, trans_MAE: 2.586476
B--------->A
EPOCH:: 23, Loss: 12.274932, MSE: 17.799872, RMSE: 4.218989, MAE: 3.209205, rot_MSE: 77.265221, rot_RMSE: 8.790064, rot_MAE: 6.654757, trans_MSE: 14.478630, trans_RMSE: 3.805079, trans_MAE: 2.871597
==TRAIN==
A--------->B
EPOCH:: 24, Loss: 15.805392, Cycle Loss:, 1.736549, MSE: 17.726251, RMSE: 4.210255, MAE: 3.194764, rot_MSE: 88.899635, rot_RMSE: 9.428660, rot_MAE: 7.104882, trans_MSE: 14.051179, trans_RMSE: 3.748490, trans_MAE: 2.815331
B--------->A
EPOCH:: 24, Loss: 15.805392, MSE: 17.523500, RMSE: 4.186108, MAE: 3.187870, rot_MSE: 97.067032, rot_RMSE: 9.852261, rot_MAE: 7.429360, trans_MSE: 19.062090, trans_RMSE: 4.366015, trans_MAE: 3.207272
==TEST==
A--------->B
EPOCH:: 24, Loss: 14.627569, Cycle Loss: 1.490775, MSE: 18.994470, RMSE: 4.358265, MAE: 3.293207, rot_MSE: 77.906540, rot_RMSE: 8.826468, rot_MAE: 6.753725, trans_MSE: 13.121343, trans_RMSE: 3.622339, trans_MAE: 2.714943
B--------->A
EPOCH:: 24, Loss: 14.627569, MSE: 18.361704, RMSE: 4.285056, MAE: 3.251375, rot_MSE: 85.532310, rot_RMSE: 9.248368, rot_MAE: 6.909627, trans_MSE: 15.554092, trans_RMSE: 3.943868, trans_MAE: 2.940209
==BEST TEST==
A--------->B
EPOCH:: 24, Loss: 12.274932, Cycle Loss: 0.991279, MSE: 18.166501, RMSE: 4.262218, MAE: 3.228847, rot_MSE: 66.687134, rot_RMSE: 8.166219, rot_MAE: 6.303977, trans_MSE: 11.270351, trans_RMSE: 3.357134, trans_MAE: 2.586476
B--------->A
EPOCH:: 24, Loss: 12.274932, MSE: 17.799872, RMSE: 4.218989, MAE: 3.209205, rot_MSE: 77.265221, rot_RMSE: 8.790064, rot_MAE: 6.654757, trans_MSE: 14.478630, trans_RMSE: 3.805079, trans_MAE: 2.871597
==TRAIN==
A--------->B
EPOCH:: 25, Loss: 15.213221, Cycle Loss:, 1.632519, MSE: 17.896126, RMSE: 4.230381, MAE: 3.209093, rot_MSE: 90.955856, rot_RMSE: 9.537078, rot_MAE: 7.313056, trans_MSE: 13.562628, trans_RMSE: 3.682747, trans_MAE: 2.791428
B--------->A
EPOCH:: 25, Loss: 15.213221, MSE: 17.720158, RMSE: 4.209532, MAE: 3.204410, rot_MSE: 99.571854, rot_RMSE: 9.978570, rot_MAE: 7.646745, trans_MSE: 17.184708, trans_RMSE: 4.145444, trans_MAE: 3.128768
==TEST==
A--------->B
EPOCH:: 25, Loss: 13.980063, Cycle Loss: 1.500999, MSE: 18.433928, RMSE: 4.293475, MAE: 3.247576, rot_MSE: 75.552299, rot_RMSE: 8.692082, rot_MAE: 6.603351, trans_MSE: 12.464113, trans_RMSE: 3.530455, trans_MAE: 2.663051
B--------->A
EPOCH:: 25, Loss: 13.980063, MSE: 17.992026, RMSE: 4.241701, MAE: 3.219564, rot_MSE: 88.736046, rot_RMSE: 9.419981, rot_MAE: 7.088435, trans_MSE: 16.363274, trans_RMSE: 4.045155, trans_MAE: 3.023542
==BEST TEST==
A--------->B
EPOCH:: 25, Loss: 12.274932, Cycle Loss: 0.991279, MSE: 18.166501, RMSE: 4.262218, MAE: 3.228847, rot_MSE: 66.687134, rot_RMSE: 8.166219, rot_MAE: 6.303977, trans_MSE: 11.270351, trans_RMSE: 3.357134, trans_MAE: 2.586476
B--------->A
EPOCH:: 25, Loss: 12.274932, MSE: 17.799872, RMSE: 4.218989, MAE: 3.209205, rot_MSE: 77.265221, rot_RMSE: 8.790064, rot_MAE: 6.654757, trans_MSE: 14.478630, trans_RMSE: 3.805079, trans_MAE: 2.871597
==TRAIN==
A--------->B
EPOCH:: 26, Loss: 15.161245, Cycle Loss:, 1.707790, MSE: 17.769765, RMSE: 4.215420, MAE: 3.198980, rot_MSE: 87.998131, rot_RMSE: 9.380732, rot_MAE: 7.105519, trans_MSE: 13.436018, trans_RMSE: 3.665517, trans_MAE: 2.777829
B--------->A
EPOCH:: 26, Loss: 15.161245, MSE: 17.557032, RMSE: 4.190111, MAE: 3.191827, rot_MSE: 99.846497, rot_RMSE: 9.992322, rot_MAE: 7.488966, trans_MSE: 18.095890, trans_RMSE: 4.253926, trans_MAE: 3.167948
==TEST==
A--------->B
EPOCH:: 26, Loss: 12.426091, Cycle Loss: 1.123146, MSE: 18.021470, RMSE: 4.245170, MAE: 3.218198, rot_MSE: 67.214508, rot_RMSE: 8.198445, rot_MAE: 6.288864, trans_MSE: 11.289599, trans_RMSE: 3.360000, trans_MAE: 2.615214
B--------->A
EPOCH:: 26, Loss: 12.426091, MSE: 17.703797, RMSE: 4.207588, MAE: 3.197206, rot_MSE: 74.883423, rot_RMSE: 8.653521, rot_MAE: 6.474971, trans_MSE: 15.103172, trans_RMSE: 3.886280, trans_MAE: 2.882740
==BEST TEST==
A--------->B
EPOCH:: 26, Loss: 12.274932, Cycle Loss: 0.991279, MSE: 18.166501, RMSE: 4.262218, MAE: 3.228847, rot_MSE: 66.687134, rot_RMSE: 8.166219, rot_MAE: 6.303977, trans_MSE: 11.270351, trans_RMSE: 3.357134, trans_MAE: 2.586476
B--------->A
EPOCH:: 26, Loss: 12.274932, MSE: 17.799872, RMSE: 4.218989, MAE: 3.209205, rot_MSE: 77.265221, rot_RMSE: 8.790064, rot_MAE: 6.654757, trans_MSE: 14.478630, trans_RMSE: 3.805079, trans_MAE: 2.871597
==TRAIN==
A--------->B
EPOCH:: 27, Loss: 14.938821, Cycle Loss:, 1.541513, MSE: 17.755924, RMSE: 4.213778, MAE: 3.198028, rot_MSE: 89.151260, rot_RMSE: 9.441995, rot_MAE: 7.162186, trans_MSE: 13.379697, trans_RMSE: 3.657827, trans_MAE: 2.773879
B--------->A
EPOCH:: 27, Loss: 14.938821, MSE: 17.607675, RMSE: 4.196150, MAE: 3.196297, rot_MSE: 99.727692, rot_RMSE: 9.986375, rot_MAE: 7.553030, trans_MSE: 17.144552, trans_RMSE: 4.140598, trans_MAE: 3.087322
==TEST==
A--------->B
EPOCH:: 27, Loss: 12.618603, Cycle Loss: 1.033225, MSE: 18.380227, RMSE: 4.287217, MAE: 3.246880, rot_MSE: 71.424339, rot_RMSE: 8.451292, rot_MAE: 6.452641, trans_MSE: 11.571182, trans_RMSE: 3.401644, trans_MAE: 2.654585
B--------->A
EPOCH:: 27, Loss: 12.618603, MSE: 17.901940, RMSE: 4.231068, MAE: 3.219303, rot_MSE: 79.845871, rot_RMSE: 8.935652, rot_MAE: 6.624346, trans_MSE: 14.885689, trans_RMSE: 3.858198, trans_MAE: 2.902855
==BEST TEST==
A--------->B
EPOCH:: 27, Loss: 12.274932, Cycle Loss: 0.991279, MSE: 18.166501, RMSE: 4.262218, MAE: 3.228847, rot_MSE: 66.687134, rot_RMSE: 8.166219, rot_MAE: 6.303977, trans_MSE: 11.270351, trans_RMSE: 3.357134, trans_MAE: 2.586476
B--------->A
EPOCH:: 27, Loss: 12.274932, MSE: 17.799872, RMSE: 4.218989, MAE: 3.209205, rot_MSE: 77.265221, rot_RMSE: 8.790064, rot_MAE: 6.654757, trans_MSE: 14.478630, trans_RMSE: 3.805079, trans_MAE: 2.871597
==TRAIN==
A--------->B
EPOCH:: 28, Loss: 14.280476, Cycle Loss:, 1.571731, MSE: 17.899208, RMSE: 4.230746, MAE: 3.206586, rot_MSE: 82.590065, rot_RMSE: 9.087908, rot_MAE: 6.891632, trans_MSE: 12.692431, trans_RMSE: 3.562644, trans_MAE: 2.718419
B--------->A
EPOCH:: 28, Loss: 14.280476, MSE: 17.636405, RMSE: 4.199572, MAE: 3.198163, rot_MSE: 100.971367, rot_RMSE: 10.048451, rot_MAE: 7.446485, trans_MSE: 17.635910, trans_RMSE: 4.199513, trans_MAE: 3.093178
==TEST==
A--------->B
EPOCH:: 28, Loss: 12.353711, Cycle Loss: 1.037549, MSE: 18.388567, RMSE: 4.288189, MAE: 3.245688, rot_MSE: 67.923851, rot_RMSE: 8.241592, rot_MAE: 6.346471, trans_MSE: 11.302690, trans_RMSE: 3.361947, trans_MAE: 2.612062
B--------->A
EPOCH:: 28, Loss: 12.353711, MSE: 17.923650, RMSE: 4.233633, MAE: 3.219292, rot_MSE: 78.290970, rot_RMSE: 8.848219, rot_MAE: 6.660193, trans_MSE: 15.171863, trans_RMSE: 3.895108, trans_MAE: 2.918754
==BEST TEST==
A--------->B
EPOCH:: 28, Loss: 12.274932, Cycle Loss: 0.991279, MSE: 18.166501, RMSE: 4.262218, MAE: 3.228847, rot_MSE: 66.687134, rot_RMSE: 8.166219, rot_MAE: 6.303977, trans_MSE: 11.270351, trans_RMSE: 3.357134, trans_MAE: 2.586476
B--------->A
EPOCH:: 28, Loss: 12.274932, MSE: 17.799872, RMSE: 4.218989, MAE: 3.209205, rot_MSE: 77.265221, rot_RMSE: 8.790064, rot_MAE: 6.654757, trans_MSE: 14.478630, trans_RMSE: 3.805079, trans_MAE: 2.871597
==TRAIN==
A--------->B
EPOCH:: 29, Loss: 14.699682, Cycle Loss:, 1.537939, MSE: 17.693428, RMSE: 4.206356, MAE: 3.197405, rot_MSE: 84.202705, rot_RMSE: 9.176203, rot_MAE: 6.935918, trans_MSE: 13.145154, trans_RMSE: 3.625625, trans_MAE: 2.780687
B--------->A
EPOCH:: 29, Loss: 14.699682, MSE: 17.636799, RMSE: 4.199619, MAE: 3.199150, rot_MSE: 92.264999, rot_RMSE: 9.605467, rot_MAE: 7.274508, trans_MSE: 16.219433, trans_RMSE: 4.027336, trans_MAE: 3.053574
==TEST==
A--------->B
EPOCH:: 29, Loss: 13.392530, Cycle Loss: 1.206284, MSE: 18.734884, RMSE: 4.328381, MAE: 3.275072, rot_MSE: 71.116127, rot_RMSE: 8.433038, rot_MAE: 6.555686, trans_MSE: 12.172059, trans_RMSE: 3.488848, trans_MAE: 2.687419
B--------->A
EPOCH:: 29, Loss: 13.392530, MSE: 18.212465, RMSE: 4.267606, MAE: 3.241254, rot_MSE: 83.983330, rot_RMSE: 9.164242, rot_MAE: 6.893383, trans_MSE: 15.408643, trans_RMSE: 3.925385, trans_MAE: 2.935549
==BEST TEST==
A--------->B
EPOCH:: 29, Loss: 12.274932, Cycle Loss: 0.991279, MSE: 18.166501, RMSE: 4.262218, MAE: 3.228847, rot_MSE: 66.687134, rot_RMSE: 8.166219, rot_MAE: 6.303977, trans_MSE: 11.270351, trans_RMSE: 3.357134, trans_MAE: 2.586476
B--------->A
EPOCH:: 29, Loss: 12.274932, MSE: 17.799872, RMSE: 4.218989, MAE: 3.209205, rot_MSE: 77.265221, rot_RMSE: 8.790064, rot_MAE: 6.654757, trans_MSE: 14.478630, trans_RMSE: 3.805079, trans_MAE: 2.871597
==TRAIN==
A--------->B
EPOCH:: 30, Loss: 15.191289, Cycle Loss:, 1.614614, MSE: 17.794405, RMSE: 4.218342, MAE: 3.202783, rot_MSE: 90.074219, rot_RMSE: 9.490744, rot_MAE: 7.060481, trans_MSE: 13.559097, trans_RMSE: 3.682268, trans_MAE: 2.773449
B--------->A
EPOCH:: 30, Loss: 15.191289, MSE: 17.602594, RMSE: 4.195545, MAE: 3.191664, rot_MSE: 98.212677, rot_RMSE: 9.910231, rot_MAE: 7.457572, trans_MSE: 16.813972, trans_RMSE: 4.100484, trans_MAE: 3.079914
==TEST==
A--------->B
EPOCH:: 30, Loss: 13.125911, Cycle Loss: 1.281753, MSE: 18.700297, RMSE: 4.324384, MAE: 3.269300, rot_MSE: 71.889961, rot_RMSE: 8.478795, rot_MAE: 6.431187, trans_MSE: 11.829892, trans_RMSE: 3.439461, trans_MAE: 2.652676
B--------->A
EPOCH:: 30, Loss: 13.125911, MSE: 18.236196, RMSE: 4.270386, MAE: 3.247102, rot_MSE: 82.631653, rot_RMSE: 9.090196, rot_MAE: 6.809878, trans_MSE: 16.022791, trans_RMSE: 4.002848, trans_MAE: 2.982494
==BEST TEST==
A--------->B
EPOCH:: 30, Loss: 12.274932, Cycle Loss: 0.991279, MSE: 18.166501, RMSE: 4.262218, MAE: 3.228847, rot_MSE: 66.687134, rot_RMSE: 8.166219, rot_MAE: 6.303977, trans_MSE: 11.270351, trans_RMSE: 3.357134, trans_MAE: 2.586476
B--------->A
EPOCH:: 30, Loss: 12.274932, MSE: 17.799872, RMSE: 4.218989, MAE: 3.209205, rot_MSE: 77.265221, rot_RMSE: 8.790064, rot_MAE: 6.654757, trans_MSE: 14.478630, trans_RMSE: 3.805079, trans_MAE: 2.871597
==TRAIN==
A--------->B
EPOCH:: 31, Loss: 13.813734, Cycle Loss:, 1.327326, MSE: 17.545537, RMSE: 4.188739, MAE: 3.183854, rot_MSE: 81.711693, rot_RMSE: 9.039452, rot_MAE: 6.901233, trans_MSE: 12.470139, trans_RMSE: 3.531308, trans_MAE: 2.672638
B--------->A
EPOCH:: 31, Loss: 13.813734, MSE: 17.502940, RMSE: 4.183652, MAE: 3.184243, rot_MSE: 88.984215, rot_RMSE: 9.433145, rot_MAE: 7.173450, trans_MSE: 16.017454, trans_RMSE: 4.002181, trans_MAE: 2.991695
==TEST==
A--------->B
EPOCH:: 31, Loss: 12.453672, Cycle Loss: 1.054430, MSE: 18.180125, RMSE: 4.263816, MAE: 3.228534, rot_MSE: 69.275742, rot_RMSE: 8.323205, rot_MAE: 6.426710, trans_MSE: 11.385487, trans_RMSE: 3.374239, trans_MAE: 2.611280
B--------->A
EPOCH:: 31, Loss: 12.453672, MSE: 17.786812, RMSE: 4.217441, MAE: 3.207268, rot_MSE: 78.203667, rot_RMSE: 8.843284, rot_MAE: 6.684244, trans_MSE: 14.917912, trans_RMSE: 3.862371, trans_MAE: 2.892523
==BEST TEST==
A--------->B
EPOCH:: 31, Loss: 12.274932, Cycle Loss: 0.991279, MSE: 18.166501, RMSE: 4.262218, MAE: 3.228847, rot_MSE: 66.687134, rot_RMSE: 8.166219, rot_MAE: 6.303977, trans_MSE: 11.270351, trans_RMSE: 3.357134, trans_MAE: 2.586476
B--------->A
EPOCH:: 31, Loss: 12.274932, MSE: 17.799872, RMSE: 4.218989, MAE: 3.209205, rot_MSE: 77.265221, rot_RMSE: 8.790064, rot_MAE: 6.654757, trans_MSE: 14.478630, trans_RMSE: 3.805079, trans_MAE: 2.871597
==TRAIN==
A--------->B
EPOCH:: 32, Loss: 13.149934, Cycle Loss:, 1.202491, MSE: 17.539501, RMSE: 4.188019, MAE: 3.182893, rot_MSE: 77.592766, rot_RMSE: 8.808676, rot_MAE: 6.702318, trans_MSE: 11.932049, trans_RMSE: 3.454280, trans_MAE: 2.634694
B--------->A
EPOCH:: 32, Loss: 13.149934, MSE: 17.359338, RMSE: 4.166454, MAE: 3.175991, rot_MSE: 83.609932, rot_RMSE: 9.143847, rot_MAE: 6.978462, trans_MSE: 14.825718, trans_RMSE: 3.850418, trans_MAE: 2.929496
==TEST==
A--------->B
EPOCH:: 32, Loss: 13.651319, Cycle Loss: 1.538638, MSE: 18.426093, RMSE: 4.292563, MAE: 3.249261, rot_MSE: 72.092773, rot_RMSE: 8.490746, rot_MAE: 6.476823, trans_MSE: 12.098466, trans_RMSE: 3.478285, trans_MAE: 2.592129
B--------->A
EPOCH:: 32, Loss: 13.651319, MSE: 18.178367, RMSE: 4.263610, MAE: 3.236589, rot_MSE: 82.803734, rot_RMSE: 9.099656, rot_MAE: 6.852934, trans_MSE: 16.565710, trans_RMSE: 4.070099, trans_MAE: 3.027041
==BEST TEST==
A--------->B
EPOCH:: 32, Loss: 12.274932, Cycle Loss: 0.991279, MSE: 18.166501, RMSE: 4.262218, MAE: 3.228847, rot_MSE: 66.687134, rot_RMSE: 8.166219, rot_MAE: 6.303977, trans_MSE: 11.270351, trans_RMSE: 3.357134, trans_MAE: 2.586476
B--------->A
EPOCH:: 32, Loss: 12.274932, MSE: 17.799872, RMSE: 4.218989, MAE: 3.209205, rot_MSE: 77.265221, rot_RMSE: 8.790064, rot_MAE: 6.654757, trans_MSE: 14.478630, trans_RMSE: 3.805079, trans_MAE: 2.871597
==TRAIN==
A--------->B
EPOCH:: 33, Loss: 15.283384, Cycle Loss:, 1.623859, MSE: 17.491034, RMSE: 4.182228, MAE: 3.176934, rot_MSE: 88.357132, rot_RMSE: 9.399847, rot_MAE: 7.225690, trans_MSE: 13.641950, trans_RMSE: 3.693501, trans_MAE: 2.803248
B--------->A
EPOCH:: 33, Loss: 15.283384, MSE: 17.426163, RMSE: 4.174466, MAE: 3.178598, rot_MSE: 96.966599, rot_RMSE: 9.847162, rot_MAE: 7.474442, trans_MSE: 17.462059, trans_RMSE: 4.178763, trans_MAE: 3.106386
==TEST==
A--------->B
EPOCH:: 33, Loss: 15.503513, Cycle Loss: 1.693256, MSE: 18.115002, RMSE: 4.256172, MAE: 3.225155, rot_MSE: 81.137306, rot_RMSE: 9.007625, rot_MAE: 6.823724, trans_MSE: 13.794141, trans_RMSE: 3.714046, trans_MAE: 2.857261
B--------->A
EPOCH:: 33, Loss: 15.503513, MSE: 17.908608, RMSE: 4.231856, MAE: 3.213657, rot_MSE: 87.588539, rot_RMSE: 9.358875, rot_MAE: 6.940619, trans_MSE: 17.300255, trans_RMSE: 4.159358, trans_MAE: 3.048898
==BEST TEST==
A--------->B
EPOCH:: 33, Loss: 12.274932, Cycle Loss: 0.991279, MSE: 18.166501, RMSE: 4.262218, MAE: 3.228847, rot_MSE: 66.687134, rot_RMSE: 8.166219, rot_MAE: 6.303977, trans_MSE: 11.270351, trans_RMSE: 3.357134, trans_MAE: 2.586476
B--------->A
EPOCH:: 33, Loss: 12.274932, MSE: 17.799872, RMSE: 4.218989, MAE: 3.209205, rot_MSE: 77.265221, rot_RMSE: 8.790064, rot_MAE: 6.654757, trans_MSE: 14.478630, trans_RMSE: 3.805079, trans_MAE: 2.871597
==TRAIN==
A--------->B
EPOCH:: 34, Loss: 16.534064, Cycle Loss:, 1.943446, MSE: 17.608911, RMSE: 4.196297, MAE: 3.184604, rot_MSE: 96.783157, rot_RMSE: 9.837843, rot_MAE: 7.448068, trans_MSE: 14.571417, trans_RMSE: 3.817253, trans_MAE: 2.860299
B--------->A
EPOCH:: 34, Loss: 16.534064, MSE: 17.489462, RMSE: 4.182040, MAE: 3.181700, rot_MSE: 105.659393, rot_RMSE: 10.279076, rot_MAE: 7.655641, trans_MSE: 18.382948, trans_RMSE: 4.287534, trans_MAE: 3.181240
==TEST==
A--------->B
EPOCH:: 34, Loss: 13.567174, Cycle Loss: 1.299256, MSE: 17.856027, RMSE: 4.225639, MAE: 3.204054, rot_MSE: 74.690575, rot_RMSE: 8.642371, rot_MAE: 6.570177, trans_MSE: 12.253112, trans_RMSE: 3.500444, trans_MAE: 2.665278
B--------->A
EPOCH:: 34, Loss: 13.567174, MSE: 17.394697, RMSE: 4.170695, MAE: 3.173280, rot_MSE: 80.950592, rot_RMSE: 8.997254, rot_MAE: 6.789234, trans_MSE: 15.398662, trans_RMSE: 3.924113, trans_MAE: 2.902312
==BEST TEST==
A--------->B
EPOCH:: 34, Loss: 12.274932, Cycle Loss: 0.991279, MSE: 18.166501, RMSE: 4.262218, MAE: 3.228847, rot_MSE: 66.687134, rot_RMSE: 8.166219, rot_MAE: 6.303977, trans_MSE: 11.270351, trans_RMSE: 3.357134, trans_MAE: 2.586476
B--------->A
EPOCH:: 34, Loss: 12.274932, MSE: 17.799872, RMSE: 4.218989, MAE: 3.209205, rot_MSE: 77.265221, rot_RMSE: 8.790064, rot_MAE: 6.654757, trans_MSE: 14.478630, trans_RMSE: 3.805079, trans_MAE: 2.871597
==TRAIN==
A--------->B
EPOCH:: 35, Loss: 14.785809, Cycle Loss:, 1.472777, MSE: 17.632318, RMSE: 4.199085, MAE: 3.186792, rot_MSE: 90.387764, rot_RMSE: 9.507248, rot_MAE: 7.230782, trans_MSE: 13.295114, trans_RMSE: 3.646246, trans_MAE: 2.773464
B--------->A
EPOCH:: 35, Loss: 14.785809, MSE: 17.428310, RMSE: 4.174723, MAE: 3.178268, rot_MSE: 95.323296, rot_RMSE: 9.763365, rot_MAE: 7.370988, trans_MSE: 16.899549, trans_RMSE: 4.110906, trans_MAE: 3.081126
==TEST==
A--------->B
EPOCH:: 35, Loss: 12.858282, Cycle Loss: 1.343598, MSE: 18.486715, RMSE: 4.299618, MAE: 3.253073, rot_MSE: 70.506775, rot_RMSE: 8.396832, rot_MAE: 6.419024, trans_MSE: 11.500674, trans_RMSE: 3.391264, trans_MAE: 2.601753
B--------->A
EPOCH:: 35, Loss: 12.858282, MSE: 18.053221, RMSE: 4.248908, MAE: 3.222959, rot_MSE: 81.992996, rot_RMSE: 9.054998, rot_MAE: 6.789139, trans_MSE: 15.893191, trans_RMSE: 3.986627, trans_MAE: 2.957808
==BEST TEST==
A--------->B
EPOCH:: 35, Loss: 12.274932, Cycle Loss: 0.991279, MSE: 18.166501, RMSE: 4.262218, MAE: 3.228847, rot_MSE: 66.687134, rot_RMSE: 8.166219, rot_MAE: 6.303977, trans_MSE: 11.270351, trans_RMSE: 3.357134, trans_MAE: 2.586476
B--------->A
EPOCH:: 35, Loss: 12.274932, MSE: 17.799872, RMSE: 4.218989, MAE: 3.209205, rot_MSE: 77.265221, rot_RMSE: 8.790064, rot_MAE: 6.654757, trans_MSE: 14.478630, trans_RMSE: 3.805079, trans_MAE: 2.871597
==TRAIN==
A--------->B
EPOCH:: 36, Loss: 13.954172, Cycle Loss:, 1.421086, MSE: 17.653094, RMSE: 4.201558, MAE: 3.189182, rot_MSE: 83.582062, rot_RMSE: 9.142323, rot_MAE: 6.952387, trans_MSE: 12.516589, trans_RMSE: 3.537879, trans_MAE: 2.712675
B--------->A
EPOCH:: 36, Loss: 13.954172, MSE: 17.344293, RMSE: 4.164648, MAE: 3.173270, rot_MSE: 93.988419, rot_RMSE: 9.694762, rot_MAE: 7.294507, trans_MSE: 16.213686, trans_RMSE: 4.026622, trans_MAE: 3.056453
==TEST==
A--------->B
EPOCH:: 36, Loss: 11.835056, Cycle Loss: 1.150745, MSE: 18.244389, RMSE: 4.271345, MAE: 3.235026, rot_MSE: 69.398872, rot_RMSE: 8.330599, rot_MAE: 6.415898, trans_MSE: 10.670579, trans_RMSE: 3.266585, trans_MAE: 2.540869
B--------->A
EPOCH:: 36, Loss: 11.835056, MSE: 17.700188, RMSE: 4.207159, MAE: 3.197897, rot_MSE: 77.303474, rot_RMSE: 8.792239, rot_MAE: 6.600793, trans_MSE: 14.101510, trans_RMSE: 3.755198, trans_MAE: 2.810401
==BEST TEST==
A--------->B
EPOCH:: 36, Loss: 11.835056, Cycle Loss: 1.150745, MSE: 18.244389, RMSE: 4.271345, MAE: 3.235026, rot_MSE: 69.398872, rot_RMSE: 8.330599, rot_MAE: 6.415898, trans_MSE: 10.670579, trans_RMSE: 3.266585, trans_MAE: 2.540869
B--------->A
EPOCH:: 36, Loss: 11.835056, MSE: 17.700188, RMSE: 4.207159, MAE: 3.197897, rot_MSE: 77.303474, rot_RMSE: 8.792239, rot_MAE: 6.600793, trans_MSE: 14.101510, trans_RMSE: 3.755198, trans_MAE: 2.810401
==TRAIN==
A--------->B
EPOCH:: 37, Loss: 13.827109, Cycle Loss:, 1.324379, MSE: 17.459076, RMSE: 4.178406, MAE: 3.176785, rot_MSE: 81.416237, rot_RMSE: 9.023094, rot_MAE: 6.855188, trans_MSE: 12.486561, trans_RMSE: 3.533633, trans_MAE: 2.702569
B--------->A
EPOCH:: 37, Loss: 13.827109, MSE: 17.188846, RMSE: 4.145943, MAE: 3.158399, rot_MSE: 89.516090, rot_RMSE: 9.461294, rot_MAE: 7.148630, trans_MSE: 16.091785, trans_RMSE: 4.011457, trans_MAE: 3.025237
==TEST==
A--------->B
EPOCH:: 37, Loss: 12.173524, Cycle Loss: 1.176385, MSE: 17.686202, RMSE: 4.205497, MAE: 3.189998, rot_MSE: 70.559952, rot_RMSE: 8.399997, rot_MAE: 6.476395, trans_MSE: 10.983139, trans_RMSE: 3.314082, trans_MAE: 2.572218
B--------->A
EPOCH:: 37, Loss: 12.173524, MSE: 17.312949, RMSE: 4.160883, MAE: 3.165601, rot_MSE: 80.531555, rot_RMSE: 8.973938, rot_MAE: 6.773081, trans_MSE: 14.533744, trans_RMSE: 3.812315, trans_MAE: 2.885283
==BEST TEST==
A--------->B
EPOCH:: 37, Loss: 11.835056, Cycle Loss: 1.150745, MSE: 18.244389, RMSE: 4.271345, MAE: 3.235026, rot_MSE: 69.398872, rot_RMSE: 8.330599, rot_MAE: 6.415898, trans_MSE: 10.670579, trans_RMSE: 3.266585, trans_MAE: 2.540869
B--------->A
EPOCH:: 37, Loss: 11.835056, MSE: 17.700188, RMSE: 4.207159, MAE: 3.197897, rot_MSE: 77.303474, rot_RMSE: 8.792239, rot_MAE: 6.600793, trans_MSE: 14.101510, trans_RMSE: 3.755198, trans_MAE: 2.810401
==TRAIN==
A--------->B
EPOCH:: 38, Loss: 13.729527, Cycle Loss:, 1.234739, MSE: 17.632302, RMSE: 4.199083, MAE: 3.185154, rot_MSE: 80.336586, rot_RMSE: 8.963068, rot_MAE: 6.812269, trans_MSE: 12.478783, trans_RMSE: 3.532532, trans_MAE: 2.713490
B--------->A
EPOCH:: 38, Loss: 13.729527, MSE: 17.386420, RMSE: 4.169703, MAE: 3.174489, rot_MSE: 86.190697, rot_RMSE: 9.283895, rot_MAE: 7.054373, trans_MSE: 15.077302, trans_RMSE: 3.882950, trans_MAE: 2.966606
==TEST==
A--------->B
EPOCH:: 38, Loss: 11.561788, Cycle Loss: 1.087356, MSE: 17.859229, RMSE: 4.226018, MAE: 3.203486, rot_MSE: 66.984375, rot_RMSE: 8.184399, rot_MAE: 6.251049, trans_MSE: 10.461118, trans_RMSE: 3.234365, trans_MAE: 2.498857
B--------->A
EPOCH:: 38, Loss: 11.561788, MSE: 17.341373, RMSE: 4.164297, MAE: 3.168257, rot_MSE: 72.674095, rot_RMSE: 8.524910, rot_MAE: 6.447812, trans_MSE: 13.767540, trans_RMSE: 3.710464, trans_MAE: 2.785496
==BEST TEST==
A--------->B
EPOCH:: 38, Loss: 11.561788, Cycle Loss: 1.087356, MSE: 17.859229, RMSE: 4.226018, MAE: 3.203486, rot_MSE: 66.984375, rot_RMSE: 8.184399, rot_MAE: 6.251049, trans_MSE: 10.461118, trans_RMSE: 3.234365, trans_MAE: 2.498857
B--------->A
EPOCH:: 38, Loss: 11.561788, MSE: 17.341373, RMSE: 4.164297, MAE: 3.168257, rot_MSE: 72.674095, rot_RMSE: 8.524910, rot_MAE: 6.447812, trans_MSE: 13.767540, trans_RMSE: 3.710464, trans_MAE: 2.785496
==TRAIN==
A--------->B
EPOCH:: 39, Loss: 12.971380, Cycle Loss:, 1.250168, MSE: 17.587328, RMSE: 4.193725, MAE: 3.184710, rot_MSE: 74.416992, rot_RMSE: 8.626529, rot_MAE: 6.537405, trans_MSE: 11.706443, trans_RMSE: 3.421468, trans_MAE: 2.648807
B--------->A
EPOCH:: 39, Loss: 12.971380, MSE: 17.327010, RMSE: 4.162573, MAE: 3.171005, rot_MSE: 84.171516, rot_RMSE: 9.174503, rot_MAE: 6.904788, trans_MSE: 15.604973, trans_RMSE: 3.950313, trans_MAE: 2.978029
==TEST==
A--------->B
EPOCH:: 39, Loss: 12.131572, Cycle Loss: 1.175292, MSE: 18.135312, RMSE: 4.258557, MAE: 3.224812, rot_MSE: 66.564026, rot_RMSE: 8.158678, rot_MAE: 6.222061, trans_MSE: 10.943027, trans_RMSE: 3.308025, trans_MAE: 2.546327
B--------->A
EPOCH:: 39, Loss: 12.131572, MSE: 17.722367, RMSE: 4.209794, MAE: 3.201821, rot_MSE: 74.253601, rot_RMSE: 8.617053, rot_MAE: 6.509591, trans_MSE: 13.783379, trans_RMSE: 3.712597, trans_MAE: 2.779187
==BEST TEST==
A--------->B
EPOCH:: 39, Loss: 11.561788, Cycle Loss: 1.087356, MSE: 17.859229, RMSE: 4.226018, MAE: 3.203486, rot_MSE: 66.984375, rot_RMSE: 8.184399, rot_MAE: 6.251049, trans_MSE: 10.461118, trans_RMSE: 3.234365, trans_MAE: 2.498857
B--------->A
EPOCH:: 39, Loss: 11.561788, MSE: 17.341373, RMSE: 4.164297, MAE: 3.168257, rot_MSE: 72.674095, rot_RMSE: 8.524910, rot_MAE: 6.447812, trans_MSE: 13.767540, trans_RMSE: 3.710464, trans_MAE: 2.785496
==TRAIN==
A--------->B
EPOCH:: 40, Loss: 12.829839, Cycle Loss:, 1.197056, MSE: 17.558723, RMSE: 4.190313, MAE: 3.184289, rot_MSE: 75.568375, rot_RMSE: 8.693007, rot_MAE: 6.552979, trans_MSE: 11.617832, trans_RMSE: 3.408494, trans_MAE: 2.606044
B--------->A
EPOCH:: 40, Loss: 12.829839, MSE: 17.353028, RMSE: 4.165697, MAE: 3.174054, rot_MSE: 81.727898, rot_RMSE: 9.040348, rot_MAE: 6.832840, trans_MSE: 15.196989, trans_RMSE: 3.898332, trans_MAE: 2.944575
==TEST==
A--------->B
EPOCH:: 40, Loss: 11.910344, Cycle Loss: 1.090628, MSE: 17.819095, RMSE: 4.221267, MAE: 3.206867, rot_MSE: 68.131737, rot_RMSE: 8.254195, rot_MAE: 6.369163, trans_MSE: 10.806165, trans_RMSE: 3.287273, trans_MAE: 2.539472
B--------->A
EPOCH:: 40, Loss: 11.910344, MSE: 17.667893, RMSE: 4.203319, MAE: 3.196580, rot_MSE: 78.257362, rot_RMSE: 8.846319, rot_MAE: 6.723778, trans_MSE: 14.713862, trans_RMSE: 3.835865, trans_MAE: 2.852654
==BEST TEST==
A--------->B
EPOCH:: 40, Loss: 11.561788, Cycle Loss: 1.087356, MSE: 17.859229, RMSE: 4.226018, MAE: 3.203486, rot_MSE: 66.984375, rot_RMSE: 8.184399, rot_MAE: 6.251049, trans_MSE: 10.461118, trans_RMSE: 3.234365, trans_MAE: 2.498857
B--------->A
EPOCH:: 40, Loss: 11.561788, MSE: 17.341373, RMSE: 4.164297, MAE: 3.168257, rot_MSE: 72.674095, rot_RMSE: 8.524910, rot_MAE: 6.447812, trans_MSE: 13.767540, trans_RMSE: 3.710464, trans_MAE: 2.785496
==TRAIN==
A--------->B
EPOCH:: 41, Loss: 13.141733, Cycle Loss:, 1.369026, MSE: 17.500402, RMSE: 4.183348, MAE: 3.178177, rot_MSE: 75.996140, rot_RMSE: 8.717576, rot_MAE: 6.617387, trans_MSE: 11.757493, trans_RMSE: 3.428920, trans_MAE: 2.624798
B--------->A
EPOCH:: 41, Loss: 13.141733, MSE: 17.332063, RMSE: 4.163179, MAE: 3.170756, rot_MSE: 85.541862, rot_RMSE: 9.248884, rot_MAE: 6.974292, trans_MSE: 15.761681, trans_RMSE: 3.970098, trans_MAE: 2.978274
==TEST==
A--------->B
EPOCH:: 41, Loss: 12.202180, Cycle Loss: 1.007993, MSE: 17.736711, RMSE: 4.211497, MAE: 3.192745, rot_MSE: 64.918625, rot_RMSE: 8.057210, rot_MAE: 6.211929, trans_MSE: 11.181280, trans_RMSE: 3.343842, trans_MAE: 2.551364
B--------->A
EPOCH:: 41, Loss: 12.202180, MSE: 17.399618, RMSE: 4.171285, MAE: 3.175322, rot_MSE: 73.500595, rot_RMSE: 8.573249, rot_MAE: 6.555962, trans_MSE: 14.743060, trans_RMSE: 3.839669, trans_MAE: 2.846702
==BEST TEST==
A--------->B
EPOCH:: 41, Loss: 11.561788, Cycle Loss: 1.087356, MSE: 17.859229, RMSE: 4.226018, MAE: 3.203486, rot_MSE: 66.984375, rot_RMSE: 8.184399, rot_MAE: 6.251049, trans_MSE: 10.461118, trans_RMSE: 3.234365, trans_MAE: 2.498857
B--------->A
EPOCH:: 41, Loss: 11.561788, MSE: 17.341373, RMSE: 4.164297, MAE: 3.168257, rot_MSE: 72.674095, rot_RMSE: 8.524910, rot_MAE: 6.447812, trans_MSE: 13.767540, trans_RMSE: 3.710464, trans_MAE: 2.785496
==TRAIN==
A--------->B
EPOCH:: 42, Loss: 12.689292, Cycle Loss:, 1.231576, MSE: 17.482630, RMSE: 4.181223, MAE: 3.176662, rot_MSE: 71.077850, rot_RMSE: 8.430768, rot_MAE: 6.444374, trans_MSE: 11.443568, trans_RMSE: 3.382834, trans_MAE: 2.598149
B--------->A
EPOCH:: 42, Loss: 12.689292, MSE: 17.320688, RMSE: 4.161813, MAE: 3.174117, rot_MSE: 81.065498, rot_RMSE: 9.003638, rot_MAE: 6.801486, trans_MSE: 15.031533, trans_RMSE: 3.877052, trans_MAE: 2.934397
==TEST==
A--------->B
EPOCH:: 42, Loss: 12.071919, Cycle Loss: 1.082732, MSE: 18.145640, RMSE: 4.259770, MAE: 3.230841, rot_MSE: 69.185356, rot_RMSE: 8.317774, rot_MAE: 6.398392, trans_MSE: 10.975493, trans_RMSE: 3.312928, trans_MAE: 2.506766
B--------->A
EPOCH:: 42, Loss: 12.071919, MSE: 17.633339, RMSE: 4.199207, MAE: 3.195320, rot_MSE: 77.364136, rot_RMSE: 8.795689, rot_MAE: 6.656727, trans_MSE: 14.591087, trans_RMSE: 3.819828, trans_MAE: 2.829978
==BEST TEST==
A--------->B
EPOCH:: 42, Loss: 11.561788, Cycle Loss: 1.087356, MSE: 17.859229, RMSE: 4.226018, MAE: 3.203486, rot_MSE: 66.984375, rot_RMSE: 8.184399, rot_MAE: 6.251049, trans_MSE: 10.461118, trans_RMSE: 3.234365, trans_MAE: 2.498857
B--------->A
EPOCH:: 42, Loss: 11.561788, MSE: 17.341373, RMSE: 4.164297, MAE: 3.168257, rot_MSE: 72.674095, rot_RMSE: 8.524910, rot_MAE: 6.447812, trans_MSE: 13.767540, trans_RMSE: 3.710464, trans_MAE: 2.785496
==TRAIN==
A--------->B
EPOCH:: 43, Loss: 12.680633, Cycle Loss:, 1.254679, MSE: 17.445052, RMSE: 4.176727, MAE: 3.174001, rot_MSE: 75.096069, rot_RMSE: 8.665799, rot_MAE: 6.583035, trans_MSE: 11.411043, trans_RMSE: 3.378024, trans_MAE: 2.607570
B--------->A
EPOCH:: 43, Loss: 12.680633, MSE: 17.290161, RMSE: 4.158144, MAE: 3.168236, rot_MSE: 85.121758, rot_RMSE: 9.226146, rot_MAE: 6.975308, trans_MSE: 15.828296, trans_RMSE: 3.978479, trans_MAE: 3.017981
==TEST==
A--------->B
EPOCH:: 43, Loss: 12.337844, Cycle Loss: 1.120571, MSE: 18.246569, RMSE: 4.271600, MAE: 3.234637, rot_MSE: 72.780708, rot_RMSE: 8.531161, rot_MAE: 6.539940, trans_MSE: 11.202784, trans_RMSE: 3.347056, trans_MAE: 2.592707
B--------->A
EPOCH:: 43, Loss: 12.337844, MSE: 17.512761, RMSE: 4.184825, MAE: 3.186686, rot_MSE: 80.145592, rot_RMSE: 8.952407, rot_MAE: 6.725667, trans_MSE: 14.420611, trans_RMSE: 3.797448, trans_MAE: 2.842115
==BEST TEST==
A--------->B
EPOCH:: 43, Loss: 11.561788, Cycle Loss: 1.087356, MSE: 17.859229, RMSE: 4.226018, MAE: 3.203486, rot_MSE: 66.984375, rot_RMSE: 8.184399, rot_MAE: 6.251049, trans_MSE: 10.461118, trans_RMSE: 3.234365, trans_MAE: 2.498857
B--------->A
EPOCH:: 43, Loss: 11.561788, MSE: 17.341373, RMSE: 4.164297, MAE: 3.168257, rot_MSE: 72.674095, rot_RMSE: 8.524910, rot_MAE: 6.447812, trans_MSE: 13.767540, trans_RMSE: 3.710464, trans_MAE: 2.785496
==TRAIN==
A--------->B
EPOCH:: 44, Loss: 13.453711, Cycle Loss:, 1.257476, MSE: 17.498751, RMSE: 4.183151, MAE: 3.178843, rot_MSE: 79.740067, rot_RMSE: 8.929729, rot_MAE: 6.817273, trans_MSE: 12.180374, trans_RMSE: 3.490039, trans_MAE: 2.697080
B--------->A
EPOCH:: 44, Loss: 13.453711, MSE: 17.322346, RMSE: 4.162012, MAE: 3.171025, rot_MSE: 88.645691, rot_RMSE: 9.415184, rot_MAE: 7.167601, trans_MSE: 15.647817, trans_RMSE: 3.955732, trans_MAE: 3.023878
==TEST==
A--------->B
EPOCH:: 44, Loss: 14.905698, Cycle Loss: 1.483591, MSE: 17.844557, RMSE: 4.224282, MAE: 3.205024, rot_MSE: 75.586700, rot_RMSE: 8.694061, rot_MAE: 6.632526, trans_MSE: 13.407155, trans_RMSE: 3.661578, trans_MAE: 2.736782
B--------->A
EPOCH:: 44, Loss: 14.905698, MSE: 17.552920, RMSE: 4.189621, MAE: 3.187427, rot_MSE: 83.175194, rot_RMSE: 9.120044, rot_MAE: 6.938484, trans_MSE: 15.171922, trans_RMSE: 3.895115, trans_MAE: 2.979647
==BEST TEST==
A--------->B
EPOCH:: 44, Loss: 11.561788, Cycle Loss: 1.087356, MSE: 17.859229, RMSE: 4.226018, MAE: 3.203486, rot_MSE: 66.984375, rot_RMSE: 8.184399, rot_MAE: 6.251049, trans_MSE: 10.461118, trans_RMSE: 3.234365, trans_MAE: 2.498857
B--------->A
EPOCH:: 44, Loss: 11.561788, MSE: 17.341373, RMSE: 4.164297, MAE: 3.168257, rot_MSE: 72.674095, rot_RMSE: 8.524910, rot_MAE: 6.447812, trans_MSE: 13.767540, trans_RMSE: 3.710464, trans_MAE: 2.785496
==TRAIN==
A--------->B
EPOCH:: 45, Loss: 13.500299, Cycle Loss:, 1.195778, MSE: 17.335976, RMSE: 4.163649, MAE: 3.166686, rot_MSE: 78.179810, rot_RMSE: 8.841935, rot_MAE: 6.699603, trans_MSE: 12.288981, trans_RMSE: 3.505564, trans_MAE: 2.677112
B--------->A
EPOCH:: 45, Loss: 13.500299, MSE: 17.237704, RMSE: 4.151831, MAE: 3.160611, rot_MSE: 86.058891, rot_RMSE: 9.276793, rot_MAE: 7.027274, trans_MSE: 15.043407, trans_RMSE: 3.878583, trans_MAE: 2.976967
==TEST==
A--------->B
EPOCH:: 45, Loss: 13.233764, Cycle Loss: 1.345282, MSE: 18.452741, RMSE: 4.295665, MAE: 3.250123, rot_MSE: 71.977661, rot_RMSE: 8.483965, rot_MAE: 6.498417, trans_MSE: 11.874112, trans_RMSE: 3.445883, trans_MAE: 2.557467
B--------->A
EPOCH:: 45, Loss: 13.233764, MSE: 18.029089, RMSE: 4.246067, MAE: 3.226609, rot_MSE: 77.775307, rot_RMSE: 8.819031, rot_MAE: 6.668242, trans_MSE: 14.188742, trans_RMSE: 3.766795, trans_MAE: 2.846248
==BEST TEST==
A--------->B
EPOCH:: 45, Loss: 11.561788, Cycle Loss: 1.087356, MSE: 17.859229, RMSE: 4.226018, MAE: 3.203486, rot_MSE: 66.984375, rot_RMSE: 8.184399, rot_MAE: 6.251049, trans_MSE: 10.461118, trans_RMSE: 3.234365, trans_MAE: 2.498857
B--------->A
EPOCH:: 45, Loss: 11.561788, MSE: 17.341373, RMSE: 4.164297, MAE: 3.168257, rot_MSE: 72.674095, rot_RMSE: 8.524910, rot_MAE: 6.447812, trans_MSE: 13.767540, trans_RMSE: 3.710464, trans_MAE: 2.785496
==TRAIN==
A--------->B
EPOCH:: 46, Loss: 12.633141, Cycle Loss:, 1.162483, MSE: 17.449138, RMSE: 4.177217, MAE: 3.173849, rot_MSE: 71.399719, rot_RMSE: 8.449836, rot_MAE: 6.427443, trans_MSE: 11.456410, trans_RMSE: 3.384732, trans_MAE: 2.585479
B--------->A
EPOCH:: 46, Loss: 12.633141, MSE: 17.261527, RMSE: 4.154699, MAE: 3.166064, rot_MSE: 77.685814, rot_RMSE: 8.813955, rot_MAE: 6.676603, trans_MSE: 14.394520, trans_RMSE: 3.794011, trans_MAE: 2.881518
==TEST==
A--------->B
EPOCH:: 46, Loss: 12.910307, Cycle Loss: 1.261064, MSE: 18.139579, RMSE: 4.259058, MAE: 3.231589, rot_MSE: 69.996231, rot_RMSE: 8.366375, rot_MAE: 6.412440, trans_MSE: 11.635313, trans_RMSE: 3.411057, trans_MAE: 2.621287
B--------->A
EPOCH:: 46, Loss: 12.910307, MSE: 17.861497, RMSE: 4.226286, MAE: 3.212751, rot_MSE: 79.756500, rot_RMSE: 8.930650, rot_MAE: 6.812494, trans_MSE: 14.662556, trans_RMSE: 3.829172, trans_MAE: 2.906561
==BEST TEST==
A--------->B
EPOCH:: 46, Loss: 11.561788, Cycle Loss: 1.087356, MSE: 17.859229, RMSE: 4.226018, MAE: 3.203486, rot_MSE: 66.984375, rot_RMSE: 8.184399, rot_MAE: 6.251049, trans_MSE: 10.461118, trans_RMSE: 3.234365, trans_MAE: 2.498857
B--------->A
EPOCH:: 46, Loss: 11.561788, MSE: 17.341373, RMSE: 4.164297, MAE: 3.168257, rot_MSE: 72.674095, rot_RMSE: 8.524910, rot_MAE: 6.447812, trans_MSE: 13.767540, trans_RMSE: 3.710464, trans_MAE: 2.785496
==TRAIN==
A--------->B
EPOCH:: 47, Loss: 12.098617, Cycle Loss:, 1.027832, MSE: 17.318160, RMSE: 4.161509, MAE: 3.164639, rot_MSE: 67.721443, rot_RMSE: 8.229304, rot_MAE: 6.343210, trans_MSE: 11.057305, trans_RMSE: 3.325253, trans_MAE: 2.555310
B--------->A
EPOCH:: 47, Loss: 12.098617, MSE: 17.224390, RMSE: 4.150228, MAE: 3.160705, rot_MSE: 73.971199, rot_RMSE: 8.600651, rot_MAE: 6.573898, trans_MSE: 14.319313, trans_RMSE: 3.784087, trans_MAE: 2.883276
==TEST==
A--------->B
EPOCH:: 47, Loss: 11.803933, Cycle Loss: 0.967739, MSE: 18.122679, RMSE: 4.257074, MAE: 3.226221, rot_MSE: 66.004509, rot_RMSE: 8.124316, rot_MAE: 6.237955, trans_MSE: 10.823040, trans_RMSE: 3.289839, trans_MAE: 2.520920
B--------->A
EPOCH:: 47, Loss: 11.803933, MSE: 17.645871, RMSE: 4.200699, MAE: 3.196033, rot_MSE: 72.867096, rot_RMSE: 8.536222, rot_MAE: 6.444799, trans_MSE: 13.202936, trans_RMSE: 3.633584, trans_MAE: 2.743327
==BEST TEST==
A--------->B
EPOCH:: 47, Loss: 11.561788, Cycle Loss: 1.087356, MSE: 17.859229, RMSE: 4.226018, MAE: 3.203486, rot_MSE: 66.984375, rot_RMSE: 8.184399, rot_MAE: 6.251049, trans_MSE: 10.461118, trans_RMSE: 3.234365, trans_MAE: 2.498857
B--------->A
EPOCH:: 47, Loss: 11.561788, MSE: 17.341373, RMSE: 4.164297, MAE: 3.168257, rot_MSE: 72.674095, rot_RMSE: 8.524910, rot_MAE: 6.447812, trans_MSE: 13.767540, trans_RMSE: 3.710464, trans_MAE: 2.785496
==TRAIN==
A--------->B
EPOCH:: 48, Loss: 11.869455, Cycle Loss:, 1.049210, MSE: 17.426335, RMSE: 4.174486, MAE: 3.173790, rot_MSE: 67.916031, rot_RMSE: 8.241118, rot_MAE: 6.280344, trans_MSE: 10.806737, trans_RMSE: 3.287360, trans_MAE: 2.539284
B--------->A
EPOCH:: 48, Loss: 11.869455, MSE: 17.205169, RMSE: 4.147911, MAE: 3.162043, rot_MSE: 76.219109, rot_RMSE: 8.730355, rot_MAE: 6.631679, trans_MSE: 14.049906, trans_RMSE: 3.748320, trans_MAE: 2.858032
==TEST==
A--------->B
EPOCH:: 48, Loss: 11.792161, Cycle Loss: 0.959435, MSE: 18.071442, RMSE: 4.251052, MAE: 3.225541, rot_MSE: 63.804913, rot_RMSE: 7.987798, rot_MAE: 6.057321, trans_MSE: 10.820057, trans_RMSE: 3.289386, trans_MAE: 2.500457
B--------->A
EPOCH:: 48, Loss: 11.792161, MSE: 17.621772, RMSE: 4.197829, MAE: 3.193614, rot_MSE: 70.119102, rot_RMSE: 8.373715, rot_MAE: 6.321003, trans_MSE: 13.299829, trans_RMSE: 3.646893, trans_MAE: 2.753859
==BEST TEST==
A--------->B
EPOCH:: 48, Loss: 11.561788, Cycle Loss: 1.087356, MSE: 17.859229, RMSE: 4.226018, MAE: 3.203486, rot_MSE: 66.984375, rot_RMSE: 8.184399, rot_MAE: 6.251049, trans_MSE: 10.461118, trans_RMSE: 3.234365, trans_MAE: 2.498857
B--------->A
EPOCH:: 48, Loss: 11.561788, MSE: 17.341373, RMSE: 4.164297, MAE: 3.168257, rot_MSE: 72.674095, rot_RMSE: 8.524910, rot_MAE: 6.447812, trans_MSE: 13.767540, trans_RMSE: 3.710464, trans_MAE: 2.785496
==TRAIN==
A--------->B
EPOCH:: 49, Loss: 11.976811, Cycle Loss:, 1.064298, MSE: 17.365900, RMSE: 4.167241, MAE: 3.168229, rot_MSE: 67.105705, rot_RMSE: 8.191807, rot_MAE: 6.256829, trans_MSE: 10.899099, trans_RMSE: 3.301378, trans_MAE: 2.561495
B--------->A
EPOCH:: 49, Loss: 11.976811, MSE: 17.174948, RMSE: 4.144267, MAE: 3.160281, rot_MSE: 76.472931, rot_RMSE: 8.744881, rot_MAE: 6.568863, trans_MSE: 14.282009, trans_RMSE: 3.779155, trans_MAE: 2.888332
==TEST==
A--------->B
EPOCH:: 49, Loss: 11.701432, Cycle Loss: 0.985625, MSE: 18.007915, RMSE: 4.243573, MAE: 3.218999, rot_MSE: 65.792290, rot_RMSE: 8.111244, rot_MAE: 6.121635, trans_MSE: 10.702730, trans_RMSE: 3.271503, trans_MAE: 2.549206
B--------->A
EPOCH:: 49, Loss: 11.701432, MSE: 17.360495, RMSE: 4.166593, MAE: 3.175083, rot_MSE: 72.393196, rot_RMSE: 8.508419, rot_MAE: 6.445597, trans_MSE: 13.573709, trans_RMSE: 3.684252, trans_MAE: 2.804280
==BEST TEST==
A--------->B
EPOCH:: 49, Loss: 11.561788, Cycle Loss: 1.087356, MSE: 17.859229, RMSE: 4.226018, MAE: 3.203486, rot_MSE: 66.984375, rot_RMSE: 8.184399, rot_MAE: 6.251049, trans_MSE: 10.461118, trans_RMSE: 3.234365, trans_MAE: 2.498857
B--------->A
EPOCH:: 49, Loss: 11.561788, MSE: 17.341373, RMSE: 4.164297, MAE: 3.168257, rot_MSE: 72.674095, rot_RMSE: 8.524910, rot_MAE: 6.447812, trans_MSE: 13.767540, trans_RMSE: 3.710464, trans_MAE: 2.785496
